Component: ARM Compiler 5.06 update 5 (build 528) Tool: armlink [4d35e2]

==============================================================================

Section Cross References

    Step_Diver.o(i.DOWN) refers to stm32f10x_gpio.o(i.GPIO_SetBits) for GPIO_SetBits
    Step_Diver.o(i.DOWN) refers to stm32f10x_gpio.o(i.GPIO_ResetBits) for GPIO_ResetBits
    Step_Diver.o(i.DOWN) refers to stm32f10x_tim.o(i.TIM_ITConfig) for TIM_ITConfig
    Step_Diver.o(i.DOWN) refers to Step_Diver.o(i.NVIC_EnableIRQ) for NVIC_EnableIRQ
    Step_Diver.o(i.DOWN) refers to misc.o(i.NVIC_Init) for NVIC_Init
    Step_Diver.o(i.DOWN) refers to stm32f10x_tim.o(i.TIM_Cmd) for TIM_Cmd
    Step_Diver.o(i.DOWN) refers to Step_Diver.o(i.NVIC_DisableIRQ) for NVIC_DisableIRQ
    Step_Diver.o(i.DOWN) refers to stm32f10x_tim.o(i.TIM_ClearITPendingBit) for TIM_ClearITPendingBit
    Step_Diver.o(i.DOWN) refers to Step_Diver.o(.data) for Number_Of_Turns
    Step_Diver.o(i.Micorstep_Driver_Init) refers to stm32f10x_rcc.o(i.RCC_APB2PeriphClockCmd) for RCC_APB2PeriphClockCmd
    Step_Diver.o(i.Micorstep_Driver_Init) refers to stm32f10x_gpio.o(i.GPIO_Init) for GPIO_Init
    Step_Diver.o(i.Micorstep_Driver_Init) refers to Step_Diver.o(i.NVIC_EnableIRQ) for NVIC_EnableIRQ
    Step_Diver.o(i.Micorstep_Driver_Init) refers to stm32f10x_rcc.o(i.RCC_APB1PeriphClockCmd) for RCC_APB1PeriphClockCmd
    Step_Diver.o(i.Micorstep_Driver_Init) refers to stm32f10x_tim.o(i.TIM_TimeBaseInit) for TIM_TimeBaseInit
    Step_Diver.o(i.Micorstep_Driver_Init) refers to stm32f10x_tim.o(i.TIM_ClearFlag) for TIM_ClearFlag
    Step_Diver.o(i.Micorstep_Driver_Init) refers to misc.o(i.NVIC_PriorityGroupConfig) for NVIC_PriorityGroupConfig
    Step_Diver.o(i.Micorstep_Driver_Init) refers to misc.o(i.NVIC_Init) for NVIC_Init
    Step_Diver.o(i.Micorstep_Driver_Init) refers to stm32f10x_tim.o(i.TIM_Cmd) for TIM_Cmd
    Step_Diver.o(i.Micorstep_Enable) refers to Step_Diver.o(.data) for Micorstep
    Step_Diver.o(i.TIM7_IRQHandler) refers to stm32f10x_tim.o(i.TIM_GetITStatus) for TIM_GetITStatus
    Step_Diver.o(i.TIM7_IRQHandler) refers to stm32f10x_gpio.o(i.GPIO_SetBits) for GPIO_SetBits
    Step_Diver.o(i.TIM7_IRQHandler) refers to fadd.o(.text) for __aeabi_fadd
    Step_Diver.o(i.TIM7_IRQHandler) refers to stm32f10x_gpio.o(i.GPIO_ResetBits) for GPIO_ResetBits
    Step_Diver.o(i.TIM7_IRQHandler) refers to fmul.o(.text) for __aeabi_fmul
    Step_Diver.o(i.TIM7_IRQHandler) refers to cfcmple.o(.text) for __aeabi_cfcmple
    Step_Diver.o(i.TIM7_IRQHandler) refers to stm32f10x_tim.o(i.TIM_ClearITPendingBit) for TIM_ClearITPendingBit
    Step_Diver.o(i.TIM7_IRQHandler) refers to Step_Diver.o(.data) for PUL_state
    Step_Diver.o(i.UP) refers to stm32f10x_gpio.o(i.GPIO_SetBits) for GPIO_SetBits
    Step_Diver.o(i.UP) refers to stm32f10x_tim.o(i.TIM_ITConfig) for TIM_ITConfig
    Step_Diver.o(i.UP) refers to Step_Diver.o(i.NVIC_EnableIRQ) for NVIC_EnableIRQ
    Step_Diver.o(i.UP) refers to misc.o(i.NVIC_Init) for NVIC_Init
    Step_Diver.o(i.UP) refers to stm32f10x_tim.o(i.TIM_Cmd) for TIM_Cmd
    Step_Diver.o(i.UP) refers to Step_Diver.o(i.NVIC_DisableIRQ) for NVIC_DisableIRQ
    Step_Diver.o(i.UP) refers to stm32f10x_tim.o(i.TIM_ClearITPendingBit) for TIM_ClearITPendingBit
    Step_Diver.o(i.UP) refers to Step_Diver.o(.data) for Number_Of_Turns
    Encoder.o(i.Encoder_Init) refers to Encoder.o(i.left_front_Encoder_Init) for left_front_Encoder_Init
    Encoder.o(i.Encoder_Init) refers to Encoder.o(i.right_front_Encoder_Init) for right_front_Encoder_Init
    Encoder.o(i.Encoder_Init) refers to Encoder.o(i.left_back_Encoder_Init) for left_back_Encoder_Init
    Encoder.o(i.Encoder_Init) refers to Encoder.o(i.right_back_Encoder_Init) for right_back_Encoder_Init
    Encoder.o(i.Get_Speed) refers to Encoder.o(i.left_front_Encoder_Get) for left_front_Encoder_Get
    Encoder.o(i.Get_Speed) refers to fflti.o(.text) for __aeabi_i2f
    Encoder.o(i.Get_Speed) refers to Encoder.o(i.right_front_Encoder_Get) for right_front_Encoder_Get
    Encoder.o(i.Get_Speed) refers to Encoder.o(i.left_back_Encoder_Get) for left_back_Encoder_Get
    Encoder.o(i.Get_Speed) refers to Encoder.o(i.right_back_Encoder_Get) for right_back_Encoder_Get
    Encoder.o(i.Get_Speed) refers to Encoder.o(.data) for F_L_Speed
    Encoder.o(i.left_back_Encoder_Get) refers to stm32f10x_tim.o(i.TIM_GetCounter) for TIM_GetCounter
    Encoder.o(i.left_back_Encoder_Get) refers to stm32f10x_tim.o(i.TIM_SetCounter) for TIM_SetCounter
    Encoder.o(i.left_back_Encoder_Init) refers to stm32f10x_rcc.o(i.RCC_APB1PeriphClockCmd) for RCC_APB1PeriphClockCmd
    Encoder.o(i.left_back_Encoder_Init) refers to stm32f10x_rcc.o(i.RCC_APB2PeriphClockCmd) for RCC_APB2PeriphClockCmd
    Encoder.o(i.left_back_Encoder_Init) refers to stm32f10x_gpio.o(i.GPIO_Init) for GPIO_Init
    Encoder.o(i.left_back_Encoder_Init) refers to stm32f10x_tim.o(i.TIM_TimeBaseInit) for TIM_TimeBaseInit
[...]
    I2c_Ack                                  0x0800268d   Thumb Code    66  IIC.o(i.I2c_Ack)
    i.I2c_NoAck                              0x080026d4   Section        0  IIC.o(i.I2c_NoAck)
    I2c_NoAck                                0x080026d5   Thumb Code    68  IIC.o(i.I2c_NoAck)
    i.I2c_ReadByte                           0x0800271c   Section        0  IIC.o(i.I2c_ReadByte)
    I2c_ReadByte                             0x0800271d   Thumb Code    96  IIC.o(i.I2c_ReadByte)
    i.I2c_SendByte                           0x08002780   Section        0  IIC.o(i.I2c_SendByte)
    I2c_SendByte                             0x08002781   Thumb Code    96  IIC.o(i.I2c_SendByte)
    i.I2c_Start                              0x080027e4   Section        0  IIC.o(i.I2c_Start)
    I2c_Start                                0x080027e5   Thumb Code    90  IIC.o(i.I2c_Start)
    i.I2c_Stop                               0x08002844   Section        0  IIC.o(i.I2c_Stop)
    I2c_Stop                                 0x08002845   Thumb Code    60  IIC.o(i.I2c_Stop)
    i.I2c_WaitAck                            0x08002884   Section        0  IIC.o(i.I2c_WaitAck)
    I2c_WaitAck                              0x08002885   Thumb Code    86  IIC.o(i.I2c_WaitAck)
    i.I2c_delay                              0x080028e0   Section        0  IIC.o(i.I2c_delay)
    i.IIC_Init                               0x080028fc   Section        0  IIC.o(i.IIC_Init)
    i.IIC_Read_One_Byte                      0x08002928   Section        0  IIC.o(i.IIC_Read_One_Byte)
    i.IIC_Write_One_Byte                     0x0800298c   Section        0  IIC.o(i.IIC_Write_One_Byte)
    i.IIC_read_Bytes                         0x080029d0   Section        0  IIC.o(i.IIC_read_Bytes)
    i.Kalman_Init                            0x08002a50   Section        0  Filter.o(i.Kalman_Init)
    i.Location_Mode                          0x08002b04   Section        0  Control.o(i.Location_Mode)
    i.Location_Mode_Place                    0x08002c98   Section        0  Control.o(i.Location_Mode_Place)
    i.MemManage_Handler                      0x08002e2c   Section        0  stm32f10x_it.o(i.MemManage_Handler)
    i.Micorstep_Driver_Init                  0x08002e30   Section        0  Step_Diver.o(i.Micorstep_Driver_Init)
    i.Micorstep_Enable                       0x08002ee4   Section        0  Step_Diver.o(i.Micorstep_Enable)
    i.Motor_Init                             0x08002ef0   Section        0  Motor.o(i.Motor_Init)
    i.Motor_left_back_wheel_SetSpeed         0x08002f98   Section        0  Motor.o(i.Motor_left_back_wheel_SetSpeed)
    i.Motor_left_front_wheel_SetSpeed        0x08002fd8   Section        0  Motor.o(i.Motor_left_front_wheel_SetSpeed)
    i.Motor_right_back_wheel_SetSpeed        0x08003018   Section        0  Motor.o(i.Motor_right_back_wheel_SetSpeed)
    i.Motor_right_front_wheel_SetSpeed       0x08003060   Section        0  Motor.o(i.Motor_right_front_wheel_SetSpeed)
    i.MpuGetData                             0x080030a8   Section        0  mpu6050.o(i.MpuGetData)
    i.MpuGetOffset                           0x0800319c   Section        0  mpu6050.o(i.MpuGetOffset)
    i.MpuInit                                0x080032c4   Section        0  mpu6050.o(i.MpuInit)
    i.NMI_Handler                            0x0800333c   Section        0  stm32f10x_it.o(i.NMI_Handler)
    i.NVIC_DisableIRQ                        0x08003340   Section        0  Step_Diver.o(i.NVIC_DisableIRQ)
    NVIC_DisableIRQ                          0x08003341   Thumb Code    18  Step_Diver.o(i.NVIC_DisableIRQ)
    i.NVIC_EnableIRQ                         0x08003358   Section        0  Step_Diver.o(i.NVIC_EnableIRQ)
    NVIC_EnableIRQ                           0x08003359   Thumb Code    22  Step_Diver.o(i.NVIC_EnableIRQ)
    i.NVIC_Init                              0x08003370   Section        0  misc.o(i.NVIC_Init)
    i.NVIC_PriorityGroupConfig               0x080033e0   Section        0  misc.o(i.NVIC_PriorityGroupConfig)
    i.PWM_Init                               0x080033f4   Section        0  PWM.o(i.PWM_Init)
    i.PWM_SetCompare1                        0x080034cc   Section        0  PWM.o(i.PWM_SetCompare1)
    i.PWM_SetCompare2                        0x080034e0   Section        0  PWM.o(i.PWM_SetCompare2)
    i.PWM_SetCompare3                        0x080034f4   Section        0  PWM.o(i.PWM_SetCompare3)
    i.PWM_SetCompare4                        0x08003508   Section        0  PWM.o(i.PWM_SetCompare4)
    i.PendSV_Handler                         0x0800351c   Section        0  stm32f10x_it.o(i.PendSV_Handler)
    i.Pid_Control_Trans                      0x08003520   Section        0  Control.o(i.Pid_Control_Trans)
    i.Place_ALL                              0x0800363c   Section        0  Control.o(i.Place_ALL)
    i.Place_Mode                             0x080037d4   Section        0  Control.o(i.Place_Mode)
    i.Place_Sthing                           0x080039f0   Section        0  Control.o(i.Place_Sthing)
    i.Q_rsqrt                                0x08003aec   Section        0  mpu6050.o(i.Q_rsqrt)
    i.RCC_APB1PeriphClockCmd                 0x08003b3c   Section        0  stm32f10x_rcc.o(i.RCC_APB1PeriphClockCmd)
    i.RCC_APB2PeriphClockCmd                 0x08003b5c   Section        0  stm32f10x_rcc.o(i.RCC_APB2PeriphClockCmd)
    i.RCC_GetClocksFreq                      0x08003b7c   Section        0  stm32f10x_rcc.o(i.RCC_GetClocksFreq)
    i.Revolve_Mode                           0x08003c50   Section        0  Control.o(i.Revolve_Mode)
    i.Revolve_Mode_0                         0x08003d48   Section        0  Control.o(i.Revolve_Mode_0)
    i.Revolve_Mode_180                       0x08003e04   Section        0  Control.o(i.Revolve_Mode_180)
    i.Revolve_Mode_90                        0x08003efc   Section        0  Control.o(i.Revolve_Mode_90)
    i.SVC_Handler                            0x08003fb8   Section        0  stm32f10x_it.o(i.SVC_Handler)
    i.Serial4_Init                           0x08003fbc   Section        0  Serial.o(i.Serial4_Init)
    i.Serial4_SendArray                      0x08004078   Section        0  Serial.o(i.Serial4_SendArray)
    i.Serial4_SendByte                       0x08004094   Section        0  Serial.o(i.Serial4_SendByte)
    i.Serial4_SendPacket                     0x080040b4   Section        0  Serial.o(i.Serial4_SendPacket)
    i.Serial5_Init                           0x080040d0   Section        0  Serial.o(i.Serial5_Init)
    i.Serial5_SendByte                       0x08004194   Section        0  Serial.o(i.Serial5_SendByte)
    i.Serial5_SendString                     0x080041b4   Section        0  Serial.o(i.Serial5_SendString)
    i.Serial_SendEnd                         0x080041ce   Section        0  HMI.o(i.Serial_SendEnd)
    i.Serial_SendHMI                         0x080041e4   Section        0  HMI.o(i.Serial_SendHMI)
    i.Servo_Init                             0x08004220   Section        0  Servo.o(i.Servo_Init)
    i.SetSysClock                            0x08004300   Section        0  system_stm32f10x.o(i.SetSysClock)
    SetSysClock                              0x08004301   Thumb Code     8  system_stm32f10x.o(i.SetSysClock)
    i.SetSysClockTo72                        0x08004308   Section        0  system_stm32f10x.o(i.SetSysClockTo72)
    SetSysClockTo72                          0x08004309   Thumb Code   214  system_stm32f10x.o(i.SetSysClockTo72)
    i.Stop_Mode                              0x080043e8   Section        0  Control.o(i.Stop_Mode)
    i.SysTick_Handler                        0x08004404   Section        0  stm32f10x_it.o(i.SysTick_Handler)
    i.SystemInit                             0x08004408   Section        0  system_stm32f10x.o(i.SystemInit)
    i.TI1_Config                             0x08004468   Section        0  stm32f10x_tim.o(i.TI1_Config)
    TI1_Config                               0x08004469   Thumb Code   108  stm32f10x_tim.o(i.TI1_Config)
    i.TI2_Config                             0x080044e8   Section        0  stm32f10x_tim.o(i.TI2_Config)
    TI2_Config                               0x080044e9   Thumb Code   130  stm32f10x_tim.o(i.TI2_Config)
    i.TI3_Config                             0x08004580   Section        0  stm32f10x_tim.o(i.TI3_Config)
    TI3_Config                               0x08004581   Thumb Code   122  stm32f10x_tim.o(i.TI3_Config)
    i.TI4_Config                             0x08004610   Section        0  stm32f10x_tim.o(i.TI4_Config)
    TI4_Config                               0x08004611   Thumb Code   130  stm32f10x_tim.o(i.TI4_Config)
    i.TIM6_IRQHandler                        0x080046a8   Section        0  main.o(i.TIM6_IRQHandler)
    i.TIM6_Init                              0x08004768   Section        0  Timer4.o(i.TIM6_Init)
    i.TIM7_IRQHandler                        0x080047e0   Section        0  Step_Diver.o(i.TIM7_IRQHandler)
    i.TIM_ClearFlag                          0x08004888   Section        0  stm32f10x_tim.o(i.TIM_ClearFlag)
    i.TIM_ClearITPendingBit                  0x0800488e   Section        0  stm32f10x_tim.o(i.TIM_ClearITPendingBit)
    i.TIM_Cmd                                0x08004894   Section        0  stm32f10x_tim.o(i.TIM_Cmd)
    i.TIM_CtrlPWMOutputs                     0x080048ac   Section        0  stm32f10x_tim.o(i.TIM_CtrlPWMOutputs)
    i.TIM_EncoderInterfaceConfig             0x080048ca   Section        0  stm32f10x_tim.o(i.TIM_EncoderInterfaceConfig)
    i.TIM_GetCounter                         0x0800490c   Section        0  stm32f10x_tim.o(i.TIM_GetCounter)
    i.TIM_GetITStatus                        0x08004912   Section        0  stm32f10x_tim.o(i.TIM_GetITStatus)
    i.TIM_ICInit                             0x08004934   Section        0  stm32f10x_tim.o(i.TIM_ICInit)
    i.TIM_ICStructInit                       0x080049e0   Section        0  stm32f10x_tim.o(i.TIM_ICStructInit)
    i.TIM_ITConfig                           0x080049f2   Section        0  stm32f10x_tim.o(i.TIM_ITConfig)
    i.TIM_InternalClockConfig                0x08004a04   Section        0  stm32f10x_tim.o(i.TIM_InternalClockConfig)
    i.TIM_OC1Init                            0x08004a10   Section        0  stm32f10x_tim.o(i.TIM_OC1Init)
    i.TIM_OC1PreloadConfig                   0x08004aa8   Section        0  stm32f10x_tim.o(i.TIM_OC1PreloadConfig)
    i.TIM_OC2Init                            0x08004abc   Section        0  stm32f10x_tim.o(i.TIM_OC2Init)
    i.TIM_OC2PreloadConfig                   0x08004b60   Section        0  stm32f10x_tim.o(i.TIM_OC2PreloadConfig)
    i.TIM_OC3Init                            0x08004b7c   Section        0  stm32f10x_tim.o(i.TIM_OC3Init)
    i.TIM_OC3PreloadConfig                   0x08004c1c   Section        0  stm32f10x_tim.o(i.TIM_OC3PreloadConfig)
    i.TIM_OC4Init                            0x08004c30   Section        0  stm32f10x_tim.o(i.TIM_OC4Init)
    i.TIM_OC4PreloadConfig                   0x08004cac   Section        0  stm32f10x_tim.o(i.TIM_OC4PreloadConfig)
    i.TIM_OCStructInit                       0x08004cc6   Section        0  stm32f10x_tim.o(i.TIM_OCStructInit)
    i.TIM_SetCompare1                        0x08004cda   Section        0  stm32f10x_tim.o(i.TIM_SetCompare1)
    i.TIM_SetCompare2                        0x08004cde   Section        0  stm32f10x_tim.o(i.TIM_SetCompare2)
    i.TIM_SetCompare3                        0x08004ce2   Section        0  stm32f10x_tim.o(i.TIM_SetCompare3)
    i.TIM_SetCompare4                        0x08004ce6   Section        0  stm32f10x_tim.o(i.TIM_SetCompare4)
    i.TIM_SetCounter                         0x08004cec   Section        0  stm32f10x_tim.o(i.TIM_SetCounter)
    i.TIM_SetIC1Prescaler                    0x08004cf0   Section        0  stm32f10x_tim.o(i.TIM_SetIC1Prescaler)
    i.TIM_SetIC2Prescaler                    0x08004d02   Section        0  stm32f10x_tim.o(i.TIM_SetIC2Prescaler)
    i.TIM_SetIC3Prescaler                    0x08004d1c   Section        0  stm32f10x_tim.o(i.TIM_SetIC3Prescaler)
    i.TIM_SetIC4Prescaler                    0x08004d2e   Section        0  stm32f10x_tim.o(i.TIM_SetIC4Prescaler)
    i.TIM_TimeBaseInit                       0x08004d48   Section        0  stm32f10x_tim.o(i.TIM_TimeBaseInit)
    i.Trans_Left_Mode                        0x08004dec   Section        0  Control.o(i.Trans_Left_Mode)
    i.Trans_Mode                             0x08004f2c   Section        0  Control.o(i.Trans_Mode)
    i.Trans_Right_Mode                       0x08005060   Section        0  Control.o(i.Trans_Right_Mode)
    i.UART4_IRQHandler                       0x080051a0   Section        0  Serial.o(i.UART4_IRQHandler)
    i.UP                                     0x08005268   Section        0  Step_Diver.o(i.UP)
    i.USART_ClearITPendingBit                0x0800533c   Section        0  stm32f10x_usart.o(i.USART_ClearITPendingBit)
    i.USART_Cmd                              0x0800535a   Section        0  stm32f10x_usart.o(i.USART_Cmd)
    i.USART_GetFlagStatus                    0x08005372   Section        0  stm32f10x_usart.o(i.USART_GetFlagStatus)
    i.USART_GetITStatus                      0x0800538c   Section        0  stm32f10x_usart.o(i.USART_GetITStatus)
    i.USART_ITConfig                         0x080053e0   Section        0  stm32f10x_usart.o(i.USART_ITConfig)
    i.USART_Init                             0x0800542c   Section        0  stm32f10x_usart.o(i.USART_Init)
    i.USART_ReceiveData                      0x08005504   Section        0  stm32f10x_usart.o(i.USART_ReceiveData)
    i.USART_SendData                         0x0800550e   Section        0  stm32f10x_usart.o(i.USART_SendData)
    i.UsageFault_Handler                     0x08005516   Section        0  stm32f10x_it.o(i.UsageFault_Handler)
    i.__0sprintf                             0x0800551c   Section        0  printfa.o(i.__0sprintf)
    i.__ARM_fpclassify                       0x08005544   Section        0  fpclassify.o(i.__ARM_fpclassify)
    i.__kernel_poly                          0x0800556c   Section        0  poly.o(i.__kernel_poly)
    i.__mathlib_dbl_infnan                   0x08005616   Section        0  dunder.o(i.__mathlib_dbl_infnan)
    i.__mathlib_dbl_infnan2                  0x0800561c   Section        0  dunder.o(i.__mathlib_dbl_infnan2)
    i.__mathlib_dbl_invalid                  0x08005620   Section        0  dunder.o(i.__mathlib_dbl_invalid)
    i.__mathlib_dbl_underflow                0x0800562c   Section        0  dunder.o(i.__mathlib_dbl_underflow)
    i.__scatterload_copy                     0x0800563c   Section       14  handlers.o(i.__scatterload_copy)
    i.__scatterload_null                     0x0800564a   Section        2  handlers.o(i.__scatterload_null)
    i.__scatterload_zeroinit                 0x0800564c   Section       14  handlers.o(i.__scatterload_zeroinit)
    i.__set_errno                            0x0800565c   Section        0  errno.o(i.__set_errno)
    i._fp_digits                             0x08005668   Section        0  printfa.o(i._fp_digits)
    _fp_digits                               0x08005669   Thumb Code   366  printfa.o(i._fp_digits)
    i._printf_core                           0x080057ec   Section        0  printfa.o(i._printf_core)
    _printf_core                             0x080057ed   Thumb Code  1744  printfa.o(i._printf_core)
    i._printf_post_padding                   0x08005ec8   Section        0  printfa.o(i._printf_post_padding)
    _printf_post_padding                     0x08005ec9   Thumb Code    36  printfa.o(i._printf_post_padding)
    i._printf_pre_padding                    0x08005eec   Section        0  printfa.o(i._printf_pre_padding)
    _printf_pre_padding                      0x08005eed   Thumb Code    46  printfa.o(i._printf_pre_padding)
    i._sputc                                 0x08005f1a   Section        0  printfa.o(i._sputc)
    _sputc                                   0x08005f1b   Thumb Code    10  printfa.o(i._sputc)
    i.asin                                   0x08005f24   Section        0  asin.o(i.asin)
    i.atan                                   0x08006194   Section        0  atan.o(i.atan)
    i.atan2                                  0x080063b4   Section        0  atan2.o(i.atan2)
    i.cloud_tai                              0x08006534   Section        0  Servo.o(i.cloud_tai)
    i.kalman_1                               0x08006548   Section        0  mpu6050.o(i.kalman_1)
    i.left_back_Encoder_Get                  0x080065a0   Section        0  Encoder.o(i.left_back_Encoder_Get)
    i.left_back_Encoder_Init                 0x080065bc   Section        0  Encoder.o(i.left_back_Encoder_Init)
    i.left_front_Encoder_Get                 0x0800665c   Section        0  Encoder.o(i.left_front_Encoder_Get)
    i.left_front_Encoder_Init                0x08006678   Section        0  Encoder.o(i.left_front_Encoder_Init)
    i.main                                   0x08006718   Section        0  main.o(i.main)
    i.pidRest                                0x080068e4   Section        0  PID.o(i.pidRest)
    i.pidUpdate                              0x08006910   Section        0  PID.o(i.pidUpdate)
    i.pid_Para_Init_Location                 0x0800697c   Section        0  Init.o(i.pid_Para_Init_Location)
    i.right_back_Encoder_Get                 0x08006a88   Section        0  Encoder.o(i.right_back_Encoder_Get)
    i.right_back_Encoder_Init                0x08006aa4   Section        0  Encoder.o(i.right_back_Encoder_Init)
    i.right_front_Encoder_Get                0x08006b44   Section        0  Encoder.o(i.right_front_Encoder_Get)
    i.right_front_Encoder_Init               0x08006b60   Section        0  Encoder.o(i.right_front_Encoder_Init)
    i.robotic_grab                           0x08006c4c   Section        0  Servo.o(i.robotic_grab)
    i.sqrt                                   0x08006c60   Section        0  sqrt.o(i.sqrt)
    i.stage                                  0x08006cac   Section        0  Servo.o(i.stage)
    .constdata                               0x08006cc0   Section       20  mpu6050.o(.constdata)
    .constdata                               0x08006cd8   Section       80  asin.o(.constdata)
    pS                                       0x08006cd8   Data          48  asin.o(.constdata)
    qS                                       0x08006d08   Data          32  asin.o(.constdata)
    .constdata                               0x08006d28   Section      152  atan.o(.constdata)
    atanhi                                   0x08006d28   Data          32  atan.o(.constdata)
    atanlo                                   0x08006d48   Data          32  atan.o(.constdata)
    aTodd                                    0x08006d68   Data          40  atan.o(.constdata)
    aTeven                                   0x08006d90   Data          48  atan.o(.constdata)
    .constdata                               0x08006dc0   Section        8  qnan.o(.constdata)
    .data                                    0x20000000   Section       12  Step_Diver.o(.data)
    .data                                    0x2000000c   Section       16  Encoder.o(.data)
    .data                                    0x2000001c   Section       34  Serial.o(.data)
    RxState                                  0x2000003c   Data           1  Serial.o(.data)
    pRxPacket                                0x2000003d   Data           1  Serial.o(.data)
    .data                                    0x2000003e   Section       20  stm32f10x_rcc.o(.data)
    APBAHBPrescTable                         0x2000003e   Data          16  stm32f10x_rcc.o(.data)
    ADCPrescTable                            0x2000004e   Data           4  stm32f10x_rcc.o(.data)
    .data                                    0x20000054   Section       98  Control.o(.data)
    Frequence                                0x200000b4   Data           1  Control.o(.data)
    Frequence                                0x200000b5   Data           1  Control.o(.data)
    .data                                    0x200000b6   Section        3  main.o(.data)
    i                                        0x200000b7   Data           1  main.o(.data)
    j                                        0x200000b8   Data           1  main.o(.data)
    .data                                    0x200000bc   Section      104  mpu6050.o(.data)
    pMpu                                     0x200000bc   Data           4  mpu6050.o(.data)
    NormAcc                                  0x200000c0   Data           4  mpu6050.o(.data)
    ekf                                      0x200000d4   Data          72  mpu6050.o(.data)
    KpDef                                    0x2000011c   Data           4  mpu6050.o(.data)
    KiDef                                    0x20000120   Data           4  mpu6050.o(.data)
    .data                                    0x20000124   Section        4  errno.o(.data)
    _errno                                   0x20000124   Data           4  errno.o(.data)
    .bss                                     0x20000128   Section      100  HMI.o(.bss)
    .bss                                     0x2000018c   Section       20  Serial.o(.bss)
    .bss                                     0x200001a0   Section      168  Filter.o(.bss)
    .bss                                     0x20000248   Section      520  Init.o(.bss)
    .bss                                     0x20000450   Section       60  mpu6050.o(.bss)
    tBuff                                    0x20000480   Data          12  mpu6050.o(.bss)
    STACK                                    0x20000490   Section     1024  startup_stm32f10x_hd.o(STACK)

    Global Symbols

    Symbol Name                              Value     Ov Type        Size  Object(Section)

    BuildAttributes$$THM_ISAv4$P$D$K$B$S$PE$A:L22UL41UL21$X:L11$S22US41US21$IEEE1$IW$USESV6$~STKCKD$USESV7$~SHL$OTIME$ROPI$IEEEX$EBA8$MICROLIB$REQ8$PRES8$EABIv2 0x00000000   Number         0  anon$$obj.o ABSOLUTE
    __ARM_use_no_argv                        0x00000000   Number         0  main.o ABSOLUTE
    _printf_a                                0x00000000   Number         0  stubs.o ABSOLUTE
    _printf_c                                0x00000000   Number         0  stubs.o ABSOLUTE
    _printf_charcount                        0x00000000   Number         0  stubs.o ABSOLUTE
    _printf_d                                0x00000000   Number         0  stubs.o ABSOLUTE
    _printf_e                                0x00000000   Number         0  stubs.o ABSOLUTE
    _printf_f                                0x00000000   Number         0  stubs.o ABSOLUTE
    _printf_flags                            0x00000000   Number         0  stubs.o ABSOLUTE
    _printf_fp_dec                           0x00000000   Number         0  stubs.o ABSOLUTE
    _printf_fp_hex                           0x00000000   Number         0  stubs.o ABSOLUTE
    _printf_g                                0x00000000   Number         0  stubs.o ABSOLUTE
    _printf_i                                0x00000000   Number         0  stubs.o ABSOLUTE
    _printf_int_dec                          0x00000000   Number         0  stubs.o ABSOLUTE
    _printf_l                                0x00000000   Number         0  stubs.o ABSOLUTE
    _printf_lc                               0x00000000   Number         0  stubs.o ABSOLUTE
    _printf_ll                               0x00000000   Number         0  stubs.o ABSOLUTE
    _printf_lld                              0x00000000   Number         0  stubs.o ABSOLUTE
    _printf_lli                              0x00000000   Number         0  stubs.o ABSOLUTE
    _printf_llo                              0x00000000   Number         0  stubs.o ABSOLUTE
    _printf_llu                              0x00000000   Number         0  stubs.o ABSOLUTE
    _printf_llx                              0x00000000   Number         0  stubs.o ABSOLUTE
    _printf_longlong_dec                     0x00000000   Number         0  stubs.o ABSOLUTE
    _printf_longlong_hex                     0x00000000   Number         0  stubs.o ABSOLUTE
    _printf_longlong_oct                     0x00000000   Number         0  stubs.o ABSOLUTE
    _printf_ls                               0x00000000   Number         0  stubs.o ABSOLUTE
    _printf_mbtowc                           0x00000000   Number         0  stubs.o ABSOLUTE
    _printf_n                                0x00000000   Number         0  stubs.o ABSOLUTE
    _printf_o                                0x00000000   Number         0  stubs.o ABSOLUTE
    _printf_p                                0x00000000   Number         0  stubs.o ABSOLUTE
    _printf_percent                          0x00000000   Number         0  stubs.o ABSOLUTE
    _printf_pre_padding                      0x00000000   Number         0  stubs.o ABSOLUTE
    _printf_return_value                     0x00000000   Number         0  stubs.o ABSOLUTE
    _printf_s                                0x00000000   Number         0  stubs.o ABSOLUTE
    _printf_sizespec                         0x00000000   Number         0  stubs.o ABSOLUTE
    _printf_str                              0x00000000   Number         0  stubs.o ABSOLUTE
    _printf_truncate_signed                  0x00000000   Number         0  stubs.o ABSOLUTE
    _printf_truncate_unsigned                0x00000000   Number         0  stubs.o ABSOLUTE
    _printf_u                                0x00000000   Number         0  stubs.o ABSOLUTE
    _printf_wc                               0x00000000   Number         0  stubs.o ABSOLUTE
    _printf_wctomb                           0x00000000   Number         0  stubs.o ABSOLUTE
    _printf_widthprec                        0x00000000   Number         0  stubs.o ABSOLUTE
    _printf_x                                0x00000000   Number         0  stubs.o ABSOLUTE
    __cpp_initialize__aeabi_                  - Undefined Weak Reference
    __cxa_finalize                            - Undefined Weak Reference
    __decompress                              - Undefined Weak Reference
    _clock_init                               - Undefined Weak Reference
    _microlib_exit                            - Undefined Weak Reference
    __Vectors_Size                           0x00000130   Number         0  startup_stm32f10x_hd.o ABSOLUTE
    __Vectors                                0x08000000   Data           4  startup_stm32f10x_hd.o(RESET)
    __Vectors_End                            0x08000130   Data           0  startup_stm32f10x_hd.o(RESET)
    __main                                   0x08000131   Thumb Code     0  entry.o(.ARM.Collect$$$$00000000)
    _main_stk                                0x08000131   Thumb Code     0  entry2.o(.ARM.Collect$$$$00000001)
    _main_scatterload                        0x08000135   Thumb Code     0  entry5.o(.ARM.Collect$$$$00000004)
    __main_after_scatterload                 0x08000139   Thumb Code     0  entry5.o(.ARM.Collect$$$$00000004)
    _main_clock                              0x08000139   Thumb Code     0  entry7b.o(.ARM.Collect$$$$00000008)
    _main_cpp_init                           0x08000139   Thumb Code     0  entry8b.o(.ARM.Collect$$$$0000000A)
    _main_init                               0x08000139   Thumb Code     0  entry9a.o(.ARM.Collect$$$$0000000B)
    __rt_final_cpp                           0x08000141   Thumb Code     0  entry10a.o(.ARM.Collect$$$$0000000D)
    __rt_final_exit                          0x08000141   Thumb Code     0  entry11a.o(.ARM.Collect$$$$0000000F)
    Reset_Handler                            0x08000145   Thumb Code     8  startup_stm32f10x_hd.o(.text)
    ADC1_2_IRQHandler                        0x0800015f   Thumb Code     0  startup_stm32f10x_hd.o(.text)
    ADC3_IRQHandler                          0x0800015f   Thumb Code     0  startup_stm32f10x_hd.o(.text)
    CAN1_RX1_IRQHandler                      0x0800015f   Thumb Code     0  startup_stm32f10x_hd.o(.text)
    CAN1_SCE_IRQHandler                      0x0800015f   Thumb Code     0  startup_stm32f10x_hd.o(.text)
    DMA1_Channel1_IRQHandler                 0x0800015f   Thumb Code     0  startup_stm32f10x_hd.o(.text)
    DMA1_Channel2_IRQHandler                 0x0800015f   Thumb Code     0  startup_stm32f10x_hd.o(.text)
    DMA1_Channel3_IRQHandler                 0x0800015f   Thumb Code     0  startup_stm32f10x_hd.o(.text)
    DMA1_Channel4_IRQHandler                 0x0800015f   Thumb Code     0  startup_stm32f10x_hd.o(.text)
    DMA1_Channel5_IRQHandler                 0x0800015f   Thumb Code     0  startup_stm32f10x_hd.o(.text)
    DMA1_Channel6_IRQHandler                 0x0800015f   Thumb Code     0  startup_stm32f10x_hd.o(.text)
    DMA1_Channel7_IRQHandler                 0x0800015f   Thumb Code     0  startup_stm32f10x_hd.o(.text)
    DMA2_Channel1_IRQHandler                 0x0800015f   Thumb Code     0  startup_stm32f10x_hd.o(.text)
    DMA2_Channel2_IRQHandler                 0x0800015f   Thumb Code     0  startup_stm32f10x_hd.o(.text)
    DMA2_Channel3_IRQHandler                 0x0800015f   Thumb Code     0  startup_stm32f10x_hd.o(.text)
    DMA2_Channel4_5_IRQHandler               0x0800015f   Thumb Code     0  startup_stm32f10x_hd.o(.text)
    EXTI0_IRQHandler                         0x0800015f   Thumb Code     0  startup_stm32f10x_hd.o(.text)
    EXTI15_10_IRQHandler                     0x0800015f   Thumb Code     0  startup_stm32f10x_hd.o(.text)
    EXTI1_IRQHandler                         0x0800015f   Thumb Code     0  startup_stm32f10x_hd.o(.text)
    EXTI2_IRQHandler                         0x0800015f   Thumb Code     0  startup_stm32f10x_hd.o(.text)
    EXTI3_IRQHandler                         0x0800015f   Thumb Code     0  startup_stm32f10x_hd.o(.text)
    EXTI4_IRQHandler                         0x0800015f   Thumb Code     0  startup_stm32f10x_hd.o(.text)
    EXTI9_5_IRQHandler                       0x0800015f   Thumb Code     0  startup_stm32f10x_hd.o(.text)
    FLASH_IRQHandler                         0x0800015f   Thumb Code     0  startup_stm32f10x_hd.o(.text)
    FSMC_IRQHandler                          0x0800015f   Thumb Code     0  startup_stm32f10x_hd.o(.text)
    I2C1_ER_IRQHandler                       0x0800015f   Thumb Code     0  startup_stm32f10x_hd.o(.text)
    I2C1_EV_IRQHandler                       0x0800015f   Thumb Code     0  startup_stm32f10x_hd.o(.text)
    I2C2_ER_IRQHandler                       0x0800015f   Thumb Code     0  startup_stm32f10x_hd.o(.text)
    I2C2_EV_IRQHandler                       0x0800015f   Thumb Code     0  startup_stm32f10x_hd.o(.text)
    PVD_IRQHandler                           0x0800015f   Thumb Code     0  startup_stm32f10x_hd.o(.text)
    RCC_IRQHandler                           0x0800015f   Thumb Code     0  startup_stm32f10x_hd.o(.text)
    RTCAlarm_IRQHandler                      0x0800015f   Thumb Code     0  startup_stm32f10x_hd.o(.text)
    RTC_IRQHandler                           0x0800015f   Thumb Code     0  startup_stm32f10x_hd.o(.text)
    SDIO_IRQHandler                          0x0800015f   Thumb Code     0  startup_stm32f10x_hd.o(.text)
    SPI1_IRQHandler                          0x0800015f   Thumb Code     0  startup_stm32f10x_hd.o(.text)
    SPI2_IRQHandler                          0x0800015f   Thumb Code     0  startup_stm32f10x_hd.o(.text)
    SPI3_IRQHandler                          0x0800015f   Thumb Code     0  startup_stm32f10x_hd.o(.text)
    TAMPER_IRQHandler                        0x0800015f   Thumb Code     0  startup_stm32f10x_hd.o(.text)
    TIM1_BRK_IRQHandler                      0x0800015f   Thumb Code     0  startup_stm32f10x_hd.o(.text)
    TIM1_CC_IRQHandler                       0x0800015f   Thumb Code     0  startup_stm32f10x_hd.o(.text)
    TIM1_TRG_COM_IRQHandler                  0x0800015f   Thumb Code     0  startup_stm32f10x_hd.o(.text)
    TIM1_UP_IRQHandler                       0x0800015f   Thumb Code     0  startup_stm32f10x_hd.o(.text)
    TIM2_IRQHandler                          0x0800015f   Thumb Code     0  startup_stm32f10x_hd.o(.text)
    TIM3_IRQHandler                          0x0800015f   Thumb Code     0  startup_stm32f10x_hd.o(.text)
    TIM4_IRQHandler                          0x0800015f   Thumb Code     0  startup_stm32f10x_hd.o(.text)
    TIM5_IRQHandler                          0x0800015f   Thumb Code     0  startup_stm32f10x_hd.o(.text)
    TIM8_BRK_IRQHandler                      0x0800015f   Thumb Code     0  startup_stm32f10x_hd.o(.text)
    TIM8_CC_IRQHandler                       0x0800015f   Thumb Code     0  startup_stm32f10x_hd.o(.text)
    TIM8_TRG_COM_IRQHandler                  0x0800015f   Thumb Code     0  startup_stm32f10x_hd.o(.text)
    TIM8_UP_IRQHandler                       0x0800015f   Thumb Code     0  startup_stm32f10x_hd.o(.text)
    UART5_IRQHandler                         0x0800015f   Thumb Code     0  startup_stm32f10x_hd.o(.text)
    USART1_IRQHandler                        0x0800015f   Thumb Code     0  startup_stm32f10x_hd.o(.text)
    USART2_IRQHandler                        0x0800015f   Thumb Code     0  startup_stm32f10x_hd.o(.text)
    USART3_IRQHandler                        0x0800015f   Thumb Code     0  startup_stm32f10x_hd.o(.text)
    USBWakeUp_IRQHandler                     0x0800015f   Thumb Code     0  startup_stm32f10x_hd.o(.text)
    USB_HP_CAN1_TX_IRQHandler                0x0800015f   Thumb Code     0  startup_stm32f10x_hd.o(.text)
    USB_LP_CAN1_RX0_IRQHandler               0x0800015f   Thumb Code     0  startup_stm32f10x_hd.o(.text)
    WWDG_IRQHandler                          0x0800015f   Thumb Code     0  startup_stm32f10x_hd.o(.text)
    __aeabi_memset                           0x08000169   Thumb Code    14  memseta.o(.text)
    __aeabi_memset4                          0x08000169   Thumb Code     0  memseta.o(.text)
    __aeabi_memset8                          0x08000169   Thumb Code     0  memseta.o(.text)
    __aeabi_memclr                           0x08000177   Thumb Code     4  memseta.o(.text)
    __aeabi_memclr4                          0x08000177   Thumb Code     0  memseta.o(.text)
    __aeabi_memclr8                          0x08000177   Thumb Code     0  memseta.o(.text)
    _memset$wrapper                          0x0800017b   Thumb Code    18  memseta.o(.text)
    __aeabi_fadd                             0x0800018d   Thumb Code   164  fadd.o(.text)
    __aeabi_fsub                             0x08000231   Thumb Code     6  fadd.o(.text)
    __aeabi_frsub                            0x08000237   Thumb Code     6  fadd.o(.text)
    __aeabi_fmul                             0x0800023d   Thumb Code   100  fmul.o(.text)
    __aeabi_fdiv                             0x080002a1   Thumb Code   124  fdiv.o(.text)
    __aeabi_dmul                             0x0800031d   Thumb Code   228  dmul.o(.text)
    __aeabi_i2f                              0x08000401   Thumb Code    18  fflti.o(.text)
    __aeabi_ui2f                             0x08000413   Thumb Code    10  ffltui.o(.text)
    __aeabi_f2iz                             0x0800041d   Thumb Code    50  ffixi.o(.text)
    __aeabi_f2d                              0x0800044f   Thumb Code    38  f2d.o(.text)
    __aeabi_d2f                              0x08000475   Thumb Code    56  d2f.o(.text)
    __aeabi_cfcmpeq                          0x080004ad   Thumb Code     0  cfcmple.o(.text)
    __aeabi_cfcmple                          0x080004ad   Thumb Code    20  cfcmple.o(.text)
    __aeabi_cfrcmple                         0x080004c1   Thumb Code    20  cfrcmple.o(.text)
    __aeabi_uidiv                            0x080004d5   Thumb Code     0  uidiv.o(.text)
    __aeabi_uidivmod                         0x080004d5   Thumb Code    44  uidiv.o(.text)
    __aeabi_uldivmod                         0x08000501   Thumb Code    98  uldiv.o(.text)
    __I$use$fp                               0x08000563   Thumb Code     0  iusefp.o(.text)
    _float_round                             0x08000563   Thumb Code    18  fepilogue.o(.text)
    _float_epilogue                          0x08000575   Thumb Code    92  fepilogue.o(.text)
    _double_round                            0x080005d1   Thumb Code    30  depilogue.o(.text)
    _double_epilogue                         0x080005ef   Thumb Code   156  depilogue.o(.text)
    __aeabi_dadd                             0x0800068b   Thumb Code   322  dadd.o(.text)
    __aeabi_dsub                             0x080007cd   Thumb Code     6  dadd.o(.text)
    __aeabi_drsub                            0x080007d3   Thumb Code     6  dadd.o(.text)
    __aeabi_ddiv                             0x080007d9   Thumb Code   222  ddiv.o(.text)
    __ARM_scalbn                             0x080008b7   Thumb Code    46  dscalb.o(.text)
    scalbn                                   0x080008b7   Thumb Code     0  dscalb.o(.text)
    __aeabi_d2ulz                            0x080008e5   Thumb Code    48  dfixul.o(.text)
    __aeabi_cdrcmple                         0x08000915   Thumb Code    48  cdrcmple.o(.text)
    __scatterload                            0x08000945   Thumb Code    28  init.o(.text)
    __scatterload_rt2                        0x08000945   Thumb Code     0  init.o(.text)
    __aeabi_llsl                             0x08000969   Thumb Code    30  llshl.o(.text)
    _ll_shift_l                              0x08000969   Thumb Code     0  llshl.o(.text)
    __aeabi_llsr                             0x08000987   Thumb Code    32  llushr.o(.text)
    _ll_ushift_r                             0x08000987   Thumb Code     0  llushr.o(.text)
    __aeabi_lasr                             0x080009a7   Thumb Code    36  llsshr.o(.text)
    _ll_sshift_r                             0x080009a7   Thumb Code     0  llsshr.o(.text)
    _dsqrt                                   0x080009cb   Thumb Code   162  dsqrt.o(.text)
    ALL_Init                                 0x08000a6d   Thumb Code    94  Init.o(i.ALL_Init)
    Back_Mode                                0x08000ad1   Thumb Code   254  Control.o(i.Back_Mode)
    Back_Mode_Low                            0x08000c0d   Thumb Code   238  Control.o(i.Back_Mode_Low)
    BusFault_Handler                         0x08000d39   Thumb Code     4  stm32f10x_it.o(i.BusFault_Handler)
    Catch_All                                0x08000d3d   Thumb Code   302  Control.o(i.Catch_All)
    Catch_Mode                               0x08000ea5   Thumb Code   472  Control.o(i.Catch_Mode)
    Catch_Mode_St                            0x08001089   Thumb Code   412  Control.o(i.Catch_Mode_St)
    Catch_Sthing                             0x0800122d   Thumb Code   166  Control.o(i.Catch_Sthing)
    Control_Mode                             0x080012ed   Thumb Code  1582  Control.o(i.Control_Mode)
    Control_Moto                             0x08001995   Thumb Code    68  Control.o(i.Control_Moto)
    DOWN                                     0x080019e9   Thumb Code   188  Step_Diver.o(i.DOWN)
    DebugMon_Handler                         0x08001abd   Thumb Code     2  stm32f10x_it.o(i.DebugMon_Handler)
    Delay_ms                                 0x08001abf   Thumb Code    24  Delay.o(i.Delay_ms)
    Delay_us                                 0x08001ad7   Thumb Code    46  Delay.o(i.Delay_us)
    Encoder_Init                             0x08001b05   Thumb Code    20  Encoder.o(i.Encoder_Init)
    Forward_Mode                             0x08001b19   Thumb Code   238  Control.o(i.Forward_Mode)
    Forward_Mode_Low                         0x08001c45   Thumb Code   230  Control.o(i.Forward_Mode_Low)
    GPIO_Init                                0x08001d69   Thumb Code   278  stm32f10x_gpio.o(i.GPIO_Init)
    GPIO_PinRemapConfig                      0x08001e81   Thumb Code   138  stm32f10x_gpio.o(i.GPIO_PinRemapConfig)
    GPIO_ResetBits                           0x08001f11   Thumb Code     4  stm32f10x_gpio.o(i.GPIO_ResetBits)
    GPIO_SetBits                             0x08001f15   Thumb Code     4  stm32f10x_gpio.o(i.GPIO_SetBits)
    GetAngle                                 0x08001f19   Thumb Code  1812  mpu6050.o(i.GetAngle)
    Get_Speed                                0x0800263d   Thumb Code    60  Encoder.o(i.Get_Speed)
    HardFault_Handler                        0x08002689   Thumb Code     4  stm32f10x_it.o(i.HardFault_Handler)
    I2c_delay                                0x080028e1   Thumb Code    28  IIC.o(i.I2c_delay)
    IIC_Init                                 0x080028fd   Thumb Code    40  IIC.o(i.IIC_Init)
    IIC_Read_One_Byte                        0x08002929   Thumb Code   100  IIC.o(i.IIC_Read_One_Byte)
    IIC_Write_One_Byte                       0x0800298d   Thumb Code    68  IIC.o(i.IIC_Write_One_Byte)
    IIC_read_Bytes                           0x080029d1   Thumb Code   128  IIC.o(i.IIC_read_Bytes)
    Kalman_Init                              0x08002a51   Thumb Code   146  Filter.o(i.Kalman_Init)
    Location_Mode                            0x08002b05   Thumb Code   324  Control.o(i.Location_Mode)
    Location_Mode_Place                      0x08002c99   Thumb Code   324  Control.o(i.Location_Mode_Place)
    MemManage_Handler                        0x08002e2d   Thumb Code     4  stm32f10x_it.o(i.MemManage_Handler)
    Micorstep_Driver_Init                    0x08002e31   Thumb Code   168  Step_Diver.o(i.Micorstep_Driver_Init)
    Micorstep_Enable                         0x08002ee5   Thumb Code     8  Step_Diver.o(i.Micorstep_Enable)
    Motor_Init                               0x08002ef1   Thumb Code   154  Motor.o(i.Motor_Init)
    Motor_left_back_wheel_SetSpeed           0x08002f99   Thumb Code    58  Motor.o(i.Motor_left_back_wheel_SetSpeed)
    Motor_left_front_wheel_SetSpeed          0x08002fd9   Thumb Code    58  Motor.o(i.Motor_left_front_wheel_SetSpeed)
    Motor_right_back_wheel_SetSpeed          0x08003019   Thumb Code    66  Motor.o(i.Motor_right_back_wheel_SetSpeed)
    Motor_right_front_wheel_SetSpeed         0x08003061   Thumb Code    66  Motor.o(i.Motor_right_front_wheel_SetSpeed)
    MpuGetData                               0x080030a9   Thumb Code   220  mpu6050.o(i.MpuGetData)
    MpuGetOffset                             0x0800319d   Thumb Code   284  mpu6050.o(i.MpuGetOffset)
    MpuInit                                  0x080032c5   Thumb Code   120  mpu6050.o(i.MpuInit)
    NMI_Handler                              0x0800333d   Thumb Code     2  stm32f10x_it.o(i.NMI_Handler)
    NVIC_Init                                0x08003371   Thumb Code   100  misc.o(i.NVIC_Init)
    NVIC_PriorityGroupConfig                 0x080033e1   Thumb Code    10  misc.o(i.NVIC_PriorityGroupConfig)
    PWM_Init                                 0x080033f5   Thumb Code   206  PWM.o(i.PWM_Init)
    PWM_SetCompare1                          0x080034cd   Thumb Code    14  PWM.o(i.PWM_SetCompare1)
    PWM_SetCompare2                          0x080034e1   Thumb Code    14  PWM.o(i.PWM_SetCompare2)
    PWM_SetCompare3                          0x080034f5   Thumb Code    14  PWM.o(i.PWM_SetCompare3)
    PWM_SetCompare4                          0x08003509   Thumb Code    14  PWM.o(i.PWM_SetCompare4)
    PendSV_Handler                           0x0800351d   Thumb Code     2  stm32f10x_it.o(i.PendSV_Handler)
    Pid_Control_Trans                        0x08003521   Thumb Code   276  Control.o(i.Pid_Control_Trans)
    Place_ALL                                0x0800363d   Thumb Code   338  Control.o(i.Place_ALL)
    Place_Mode                               0x080037d5   Thumb Code   522  Control.o(i.Place_Mode)
    Place_Sthing                             0x080039f1   Thumb Code   222  Control.o(i.Place_Sthing)
    Q_rsqrt                                  0x08003aed   Thumb Code    74  mpu6050.o(i.Q_rsqrt)
    RCC_APB1PeriphClockCmd                   0x08003b3d   Thumb Code    26  stm32f10x_rcc.o(i.RCC_APB1PeriphClockCmd)
    RCC_APB2PeriphClockCmd                   0x08003b5d   Thumb Code    26  stm32f10x_rcc.o(i.RCC_APB2PeriphClockCmd)
    RCC_GetClocksFreq                        0x08003b7d   Thumb Code   192  stm32f10x_rcc.o(i.RCC_GetClocksFreq)
    Revolve_Mode                             0x08003c51   Thumb Code   194  Control.o(i.Revolve_Mode)
    Revolve_Mode_0                           0x08003d49   Thumb Code   138  Control.o(i.Revolve_Mode_0)
    Revolve_Mode_180                         0x08003e05   Thumb Code   194  Control.o(i.Revolve_Mode_180)
    Revolve_Mode_90                          0x08003efd   Thumb Code   138  Control.o(i.Revolve_Mode_90)
    SVC_Handler                              0x08003fb9   Thumb Code     2  stm32f10x_it.o(i.SVC_Handler)
    Serial4_Init                             0x08003fbd   Thumb Code   178  Serial.o(i.Serial4_Init)
    Serial4_SendArray                        0x08004079   Thumb Code    26  Serial.o(i.Serial4_SendArray)
    Serial4_SendByte                         0x08004095   Thumb Code    28  Serial.o(i.Serial4_SendByte)
    Serial4_SendPacket                       0x080040b5   Thumb Code    24  Serial.o(i.Serial4_SendPacket)
    Serial5_Init                             0x080040d1   Thumb Code   182  Serial.o(i.Serial5_Init)
    Serial5_SendByte                         0x08004195   Thumb Code    28  Serial.o(i.Serial5_SendByte)
    Serial5_SendString                       0x080041b5   Thumb Code    26  Serial.o(i.Serial5_SendString)
    Serial_SendEnd                           0x080041cf   Thumb Code    20  HMI.o(i.Serial_SendEnd)
    Serial_SendHMI                           0x080041e5   Thumb Code    42  HMI.o(i.Serial_SendHMI)
    Servo_Init                               0x08004221   Thumb Code   216  Servo.o(i.Servo_Init)
    Stop_Mode                                0x080043e9   Thumb Code    28  Control.o(i.Stop_Mode)
    SysTick_Handler                          0x08004405   Thumb Code     2  stm32f10x_it.o(i.SysTick_Handler)
    SystemInit                               0x08004409   Thumb Code    78  system_stm32f10x.o(i.SystemInit)
    TIM6_IRQHandler                          0x080046a9   Thumb Code   162  main.o(i.TIM6_IRQHandler)
    TIM6_Init                                0x08004769   Thumb Code   114  Timer4.o(i.TIM6_Init)
    TIM7_IRQHandler                          0x080047e1   Thumb Code   138  Step_Diver.o(i.TIM7_IRQHandler)
    TIM_ClearFlag                            0x08004889   Thumb Code     6  stm32f10x_tim.o(i.TIM_ClearFlag)
    TIM_ClearITPendingBit                    0x0800488f   Thumb Code     6  stm32f10x_tim.o(i.TIM_ClearITPendingBit)
    TIM_Cmd                                  0x08004895   Thumb Code    24  stm32f10x_tim.o(i.TIM_Cmd)
    TIM_CtrlPWMOutputs                       0x080048ad   Thumb Code    30  stm32f10x_tim.o(i.TIM_CtrlPWMOutputs)
    TIM_EncoderInterfaceConfig               0x080048cb   Thumb Code    66  stm32f10x_tim.o(i.TIM_EncoderInterfaceConfig)
    TIM_GetCounter                           0x0800490d   Thumb Code     6  stm32f10x_tim.o(i.TIM_GetCounter)
    TIM_GetITStatus                          0x08004913   Thumb Code    34  stm32f10x_tim.o(i.TIM_GetITStatus)
    TIM_ICInit                               0x08004935   Thumb Code   150  stm32f10x_tim.o(i.TIM_ICInit)
    TIM_ICStructInit                         0x080049e1   Thumb Code    18  stm32f10x_tim.o(i.TIM_ICStructInit)
    TIM_ITConfig                             0x080049f3   Thumb Code    18  stm32f10x_tim.o(i.TIM_ITConfig)
    TIM_InternalClockConfig                  0x08004a05   Thumb Code    12  stm32f10x_tim.o(i.TIM_InternalClockConfig)
    TIM_OC1Init                              0x08004a11   Thumb Code   132  stm32f10x_tim.o(i.TIM_OC1Init)
    TIM_OC1PreloadConfig                     0x08004aa9   Thumb Code    18  stm32f10x_tim.o(i.TIM_OC1PreloadConfig)
    TIM_OC2Init                              0x08004abd   Thumb Code   154  stm32f10x_tim.o(i.TIM_OC2Init)
    TIM_OC2PreloadConfig                     0x08004b61   Thumb Code    26  stm32f10x_tim.o(i.TIM_OC2PreloadConfig)
    TIM_OC3Init                              0x08004b7d   Thumb Code   150  stm32f10x_tim.o(i.TIM_OC3Init)
    TIM_OC3PreloadConfig                     0x08004c1d   Thumb Code    18  stm32f10x_tim.o(i.TIM_OC3PreloadConfig)
    TIM_OC4Init                              0x08004c31   Thumb Code   114  stm32f10x_tim.o(i.TIM_OC4Init)
    TIM_OC4PreloadConfig                     0x08004cad   Thumb Code    26  stm32f10x_tim.o(i.TIM_OC4PreloadConfig)
    TIM_OCStructInit                         0x08004cc7   Thumb Code    20  stm32f10x_tim.o(i.TIM_OCStructInit)
    TIM_SetCompare1                          0x08004cdb   Thumb Code     4  stm32f10x_tim.o(i.TIM_SetCompare1)
    TIM_SetCompare2                          0x08004cdf   Thumb Code     4  stm32f10x_tim.o(i.TIM_SetCompare2)
    TIM_SetCompare3                          0x08004ce3   Thumb Code     4  stm32f10x_tim.o(i.TIM_SetCompare3)
    TIM_SetCompare4                          0x08004ce7   Thumb Code     6  stm32f10x_tim.o(i.TIM_SetCompare4)
    TIM_SetCounter                           0x08004ced   Thumb Code     4  stm32f10x_tim.o(i.TIM_SetCounter)
    TIM_SetIC1Prescaler                      0x08004cf1   Thumb Code    18  stm32f10x_tim.o(i.TIM_SetIC1Prescaler)
    TIM_SetIC2Prescaler                      0x08004d03   Thumb Code    26  stm32f10x_tim.o(i.TIM_SetIC2Prescaler)
    TIM_SetIC3Prescaler                      0x08004d1d   Thumb Code    18  stm32f10x_tim.o(i.TIM_SetIC3Prescaler)
    TIM_SetIC4Prescaler                      0x08004d2f   Thumb Code    26  stm32f10x_tim.o(i.TIM_SetIC4Prescaler)
    TIM_TimeBaseInit                         0x08004d49   Thumb Code   122  stm32f10x_tim.o(i.TIM_TimeBaseInit)
    Trans_Left_Mode                          0x08004ded   Thumb Code   258  Control.o(i.Trans_Left_Mode)
    Trans_Mode                               0x08004f2d   Thumb Code   246  Control.o(i.Trans_Mode)
    Trans_Right_Mode                         0x08005061   Thumb Code   258  Control.o(i.Trans_Right_Mode)
    UART4_IRQHandler                         0x080051a1   Thumb Code   162  Serial.o(i.UART4_IRQHandler)
    UP                                       0x08005269   Thumb Code   188  Step_Diver.o(i.UP)
    USART_ClearITPendingBit                  0x0800533d   Thumb Code    30  stm32f10x_usart.o(i.USART_ClearITPendingBit)
    USART_Cmd                                0x0800535b   Thumb Code    24  stm32f10x_usart.o(i.USART_Cmd)
    USART_GetFlagStatus                      0x08005373   Thumb Code    26  stm32f10x_usart.o(i.USART_GetFlagStatus)
    USART_GetITStatus                        0x0800538d   Thumb Code    84  stm32f10x_usart.o(i.USART_GetITStatus)
    USART_ITConfig                           0x080053e1   Thumb Code    74  stm32f10x_usart.o(i.USART_ITConfig)
    USART_Init                               0x0800542d   Thumb Code   210  stm32f10x_usart.o(i.USART_Init)
    USART_ReceiveData                        0x08005505   Thumb Code    10  stm32f10x_usart.o(i.USART_ReceiveData)
    USART_SendData                           0x0800550f   Thumb Code     8  stm32f10x_usart.o(i.USART_SendData)
    UsageFault_Handler                       0x08005517   Thumb Code     4  stm32f10x_it.o(i.UsageFault_Handler)
    __0sprintf                               0x0800551d   Thumb Code    34  printfa.o(i.__0sprintf)
    __1sprintf                               0x0800551d   Thumb Code     0  printfa.o(i.__0sprintf)
    __2sprintf                               0x0800551d   Thumb Code     0  printfa.o(i.__0sprintf)
    __c89sprintf                             0x0800551d   Thumb Code     0  printfa.o(i.__0sprintf)
    sprintf                                  0x0800551d   Thumb Code     0  printfa.o(i.__0sprintf)
    __ARM_fpclassify                         0x08005545   Thumb Code    40  fpclassify.o(i.__ARM_fpclassify)
    __kernel_poly                            0x0800556d   Thumb Code   170  poly.o(i.__kernel_poly)
    __mathlib_dbl_infnan                     0x08005617   Thumb Code     6  dunder.o(i.__mathlib_dbl_infnan)
    __mathlib_dbl_infnan2                    0x0800561d   Thumb Code     4  dunder.o(i.__mathlib_dbl_infnan2)
    __mathlib_dbl_invalid                    0x08005621   Thumb Code    12  dunder.o(i.__mathlib_dbl_invalid)
    __mathlib_dbl_underflow                  0x0800562d   Thumb Code    10  dunder.o(i.__mathlib_dbl_underflow)
    __scatterload_copy                       0x0800563d   Thumb Code    14  handlers.o(i.__scatterload_copy)
    __scatterload_null                       0x0800564b   Thumb Code     2  handlers.o(i.__scatterload_null)
    __scatterload_zeroinit                   0x0800564d   Thumb Code    14  handlers.o(i.__scatterload_zeroinit)
    __set_errno                              0x0800565d   Thumb Code     6  errno.o(i.__set_errno)
    asin                                     0x08005f25   Thumb Code   572  asin.o(i.asin)
    atan                                     0x08006195   Thumb Code   474  atan.o(i.atan)
    atan2                                    0x080063b5   Thumb Code   346  atan2.o(i.atan2)
    cloud_tai                                0x08006535   Thumb Code    14  Servo.o(i.cloud_tai)
    kalman_1                                 0x08006549   Thumb Code    88  mpu6050.o(i.kalman_1)
    left_back_Encoder_Get                    0x080065a1   Thumb Code    22  Encoder.o(i.left_back_Encoder_Get)
    left_back_Encoder_Init                   0x080065bd   Thumb Code   150  Encoder.o(i.left_back_Encoder_Init)
    left_front_Encoder_Get                   0x0800665d   Thumb Code    22  Encoder.o(i.left_front_Encoder_Get)
    left_front_Encoder_Init                  0x08006679   Thumb Code   152  Encoder.o(i.left_front_Encoder_Init)
    main                                     0x08006719   Thumb Code   378  main.o(i.main)
    pidRest                                  0x080068e5   Thumb Code    44  PID.o(i.pidRest)
    pidUpdate                                0x08006911   Thumb Code   106  PID.o(i.pidUpdate)
    pid_Para_Init_Location                   0x0800697d   Thumb Code   164  Init.o(i.pid_Para_Init_Location)
    right_back_Encoder_Get                   0x08006a89   Thumb Code    24  Encoder.o(i.right_back_Encoder_Get)
    right_back_Encoder_Init                  0x08006aa5   Thumb Code   152  Encoder.o(i.right_back_Encoder_Init)
    right_front_Encoder_Get                  0x08006b45   Thumb Code    26  Encoder.o(i.right_front_Encoder_Get)
    right_front_Encoder_Init                 0x08006b61   Thumb Code   220  Encoder.o(i.right_front_Encoder_Init)
    robotic_grab                             0x08006c4d   Thumb Code    14  Servo.o(i.robotic_grab)
    sqrt                                     0x08006c61   Thumb Code    76  sqrt.o(i.sqrt)
    stage                                    0x08006cad   Thumb Code    14  Servo.o(i.stage)
    M_PI                                     0x08006cc0   Data           4  mpu6050.o(.constdata)
    RtA                                      0x08006cc4   Data           4  mpu6050.o(.constdata)
    AtR                                      0x08006cc8   Data           4  mpu6050.o(.constdata)
    Gyro_G                                   0x08006ccc   Data           4  mpu6050.o(.constdata)
    Gyro_Gr                                  0x08006cd0   Data           4  mpu6050.o(.constdata)
    __mathlib_zero                           0x08006dc0   Data           8  qnan.o(.constdata)
    Region$$Table$$Base                      0x08006dc8   Number         0  anon$$obj.o(Region$$Table)
    Region$$Table$$Limit                     0x08006de8   Number         0  anon$$obj.o(Region$$Table)
    PUL_state                                0x20000000   Data           1  Step_Diver.o(.data)
    turn                                     0x20000001   Data           1  Step_Diver.o(.data)
    Micorstep                                0x20000002   Data           1  Step_Diver.o(.data)
    Tim                                      0x20000004   Data           4  Step_Diver.o(.data)
    Number_Of_Turns                          0x20000008   Data           4  Step_Diver.o(.data)
    F_L_Speed                                0x2000000c   Data           4  Encoder.o(.data)
    F_R_Speed                                0x20000010   Data           4  Encoder.o(.data)
    B_L_Speed                                0x20000014   Data           4  Encoder.o(.data)
    B_R_Speed                                0x20000018   Data           4  Encoder.o(.data)
    Serial_TxPacket                          0x2000001c   Data          10  Serial.o(.data)
    Serial_RxFlag                            0x20000026   Data           1  Serial.o(.data)
    LX                                       0x20000028   Data           4  Serial.o(.data)
    LY                                       0x2000002c   Data           4  Serial.o(.data)
    Angle_Yaw                                0x20000030   Data           4  Serial.o(.data)
    Write_Flag                               0x20000034   Data           1  Serial.o(.data)
    Serial_Yaw                               0x20000035   Data           1  Serial.o(.data)
    QFlag                                    0x20000036   Data           1  Serial.o(.data)
    Last_Yaw                                 0x20000038   Data           4  Serial.o(.data)
    Mode_Flag                                0x20000054   Data           1  Control.o(.data)
    Modes_Flag                               0x20000055   Data           1  Control.o(.data)
    Yellow_Flag                              0x20000058   Data           4  Control.o(.data)
    Trans_Flag                               0x2000005c   Data           4  Control.o(.data)
    Start_Flag                               0x20000060   Data           1  Control.o(.data)
    Location_Flag                            0x20000061   Data           1  Control.o(.data)
    Stop_Flag                                0x20000062   Data           1  Control.o(.data)
    Adjust_Timer                             0x20000064   Data           4  Control.o(.data)
    Catch_Flag                               0x20000068   Data           1  Control.o(.data)
    Red_Cirtle_Flag                          0x20000069   Data           1  Control.o(.data)
    Place_Red_Flag                           0x2000006a   Data           1  Control.o(.data)
    Place_Blue_Flag                          0x2000006b   Data           1  Control.o(.data)
    Place_Red                                0x2000006c   Data           1  Control.o(.data)
    Place_Blue                               0x2000006d   Data           1  Control.o(.data)
    Place_Green                              0x2000006e   Data           1  Control.o(.data)
    Revolve_Time                             0x2000006f   Data           1  Control.o(.data)
    u                                        0x20000070   Data           1  Control.o(.data)
    Red_Place_Over                           0x20000071   Data           1  Control.o(.data)
    Blue_Place_Over                          0x20000072   Data           1  Control.o(.data)
    Green_Place_Over                         0x20000073   Data           1  Control.o(.data)
    Find1                                    0x20000074   Data           1  Control.o(.data)
    Find2                                    0x20000075   Data           1  Control.o(.data)
    Find3                                    0x20000076   Data           1  Control.o(.data)
    Catch1                                   0x20000077   Data           1  Control.o(.data)
    Catch2                                   0x20000078   Data           1  Control.o(.data)
    Catch3                                   0x20000079   Data           1  Control.o(.data)
    Place_Over_Red                           0x2000007a   Data           1  Control.o(.data)
    Place_Over_Blue                          0x2000007b   Data           1  Control.o(.data)
    Place_Over_Green                         0x2000007c   Data           1  Control.o(.data)
    Catch_Over_Red                           0x2000007d   Data           1  Control.o(.data)
    Catch_Over_Blue                          0x2000007e   Data           1  Control.o(.data)
    Catch_Over_Green                         0x2000007f   Data           1  Control.o(.data)
    Catch_Red                                0x20000080   Data           1  Control.o(.data)
    Catch_Green                              0x20000081   Data           1  Control.o(.data)
    Catch_Blue                               0x20000082   Data           1  Control.o(.data)
    P_1                                      0x20000083   Data           1  Control.o(.data)
    P_2                                      0x20000084   Data           1  Control.o(.data)
    P_3                                      0x20000085   Data           1  Control.o(.data)
    C_1                                      0x20000086   Data           1  Control.o(.data)
    C_2                                      0x20000087   Data           1  Control.o(.data)
    C_3                                      0x20000088   Data           1  Control.o(.data)
    ALL_Place                                0x20000089   Data           1  Control.o(.data)
    Catch_11                                 0x2000008a   Data           1  Control.o(.data)
    Catch_12                                 0x2000008b   Data           1  Control.o(.data)
    Catch_13                                 0x2000008c   Data           1  Control.o(.data)
    Find2_1                                  0x2000008d   Data           1  Control.o(.data)
    Find2_2                                  0x2000008e   Data           1  Control.o(.data)
    Find2_3                                  0x2000008f   Data           1  Control.o(.data)
    Catch2_1                                 0x20000090   Data           1  Control.o(.data)
    Catch2_2                                 0x20000091   Data           1  Control.o(.data)
    Catch2_3                                 0x20000092   Data           1  Control.o(.data)
    pPidObject                               0x20000094   Data          32  Control.o(.data)
    QrCode                                   0x200000b6   Data           1  main.o(.data)
    NumQ                                     0x200000c4   Data          16  mpu6050.o(.data)
    msg                                      0x20000128   Data         100  HMI.o(.bss)
    Serial_RxPacket                          0x2000018c   Data          10  Serial.o(.bss)
    Serial5_RxPacket                         0x20000196   Data          10  Serial.o(.bss)
    KF_X                                     0x200001a0   Data          24  Filter.o(.bss)
    KF_Y                                     0x200001b8   Data          24  Filter.o(.bss)
    KF_FL                                    0x200001d0   Data          24  Filter.o(.bss)
    KF_FR                                    0x200001e8   Data          24  Filter.o(.bss)
    KF_BL                                    0x20000200   Data          24  Filter.o(.bss)
    KF_BR                                    0x20000218   Data          24  Filter.o(.bss)
    KF_Angle                                 0x20000230   Data          24  Filter.o(.bss)
    PID_FOR_L                                0x20000248   Data          52  Init.o(.bss)
    PID_FOR_R                                0x2000027c   Data          52  Init.o(.bss)
    PID_BAC_L                                0x200002b0   Data          52  Init.o(.bss)
    PID_BAC_R                                0x200002e4   Data          52  Init.o(.bss)
    pidYaw                                   0x20000318   Data          52  Init.o(.bss)
    pidRateZ                                 0x2000034c   Data          52  Init.o(.bss)
    pidLX                                    0x20000380   Data          52  Init.o(.bss)
    pidLY                                    0x200003b4   Data          52  Init.o(.bss)
    pidLX1                                   0x200003e8   Data          52  Init.o(.bss)
    pidLY1                                   0x2000041c   Data          52  Init.o(.bss)
    MPU6050                                  0x20000450   Data          12  mpu6050.o(.bss)
    Angle                                    0x2000045c   Data          12  mpu6050.o(.bss)
    MpuOffset                                0x20000468   Data          12  mpu6050.o(.bss)
    GyroIntegError                           0x20000474   Data          12  mpu6050.o(.bss)
    __initial_sp                             0x20000890   Data           0  startup_stm32f10x_hd.o(STACK)



==============================================================================

Memory Map of the image

  Image Entry point : 0x08000131

  Load Region LR_IROM1 (Base: 0x08000000, Size: 0x00006f10, Max: 0x00040000, ABSOLUTE)

    Execution Region ER_IROM1 (Base: 0x08000000, Size: 0x00006de8, Max: 0x00040000, ABSOLUTE)

    Base Addr    Size         Type   Attr      Idx    E Section Name        Object

    0x08000000   0x00000130   Data   RO         3864    RESET               startup_stm32f10x_hd.o
    0x08000130   0x00000000   Code   RO         4444  * .ARM.Collect$$$$00000000  mc_w.l(entry.o)
    0x08000130   0x00000004   Code   RO         4769    .ARM.Collect$$$$00000001  mc_w.l(entry2.o)
    0x08000134   0x00000004   Code   RO         4772    .ARM.Collect$$$$00000004  mc_w.l(entry5.o)
    0x08000138   0x00000000   Code   RO         4774    .ARM.Collect$$$$00000008  mc_w.l(entry7b.o)
    0x08000138   0x00000000   Code   RO         4776    .ARM.Collect$$$$0000000A  mc_w.l(entry8b.o)
    0x08000138   0x00000008   Code   RO         4777    .ARM.Collect$$$$0000000B  mc_w.l(entry9a.o)
    0x08000140   0x00000000   Code   RO         4779    .ARM.Collect$$$$0000000D  mc_w.l(entry10a.o)
    0x08000140   0x00000000   Code   RO         4781    .ARM.Collect$$$$0000000F  mc_w.l(entry11a.o)
    0x08000140   0x00000004   Code   RO         4770    .ARM.Collect$$$$00002712  mc_w.l(entry2.o)
    0x08000144   0x00000024   Code   RO         3865    .text               startup_stm32f10x_hd.o
    0x08000168   0x00000024   Code   RO         4447    .text               mc_w.l(memseta.o)
    0x0800018c   0x000000b0   Code   RO         4710    .text               mf_w.l(fadd.o)
    0x0800023c   0x00000064   Code   RO         4712    .text               mf_w.l(fmul.o)
    0x080002a0   0x0000007c   Code   RO         4714    .text               mf_w.l(fdiv.o)
    0x0800031c   0x000000e4   Code   RO         4716    .text               mf_w.l(dmul.o)
    0x08000400   0x00000012   Code   RO         4718    .text               mf_w.l(fflti.o)
    0x08000412   0x0000000a   Code   RO         4720    .text               mf_w.l(ffltui.o)
    0x0800041c   0x00000032   Code   RO         4722    .text               mf_w.l(ffixi.o)
    0x0800044e   0x00000026   Code   RO         4724    .text               mf_w.l(f2d.o)
    0x08000474   0x00000038   Code   RO         4726    .text               mf_w.l(d2f.o)
    0x080004ac   0x00000014   Code   RO         4728    .text               mf_w.l(cfcmple.o)
    0x080004c0   0x00000014   Code   RO         4730    .text               mf_w.l(cfrcmple.o)
    0x080004d4   0x0000002c   Code   RO         4784    .text               mc_w.l(uidiv.o)
    0x08000500   0x00000062   Code   RO         4786    .text               mc_w.l(uldiv.o)
    0x08000562   0x00000000   Code   RO         4795    .text               mc_w.l(iusefp.o)
    0x08000562   0x0000006e   Code   RO         4796    .text               mf_w.l(fepilogue.o)
    0x080005d0   0x000000ba   Code   RO         4798    .text               mf_w.l(depilogue.o)
    0x0800068a   0x0000014e   Code   RO         4800    .text               mf_w.l(dadd.o)
    0x080007d8   0x000000de   Code   RO         4802    .text               mf_w.l(ddiv.o)
    0x080008b6   0x0000002e   Code   RO         4804    .text               mf_w.l(dscalb.o)
    0x080008e4   0x00000030   Code   RO         4806    .text               mf_w.l(dfixul.o)
    0x08000914   0x00000030   Code   RO         4808    .text               mf_w.l(cdrcmple.o)
    0x08000944   0x00000024   Code   RO         4810    .text               mc_w.l(init.o)
    0x08000968   0x0000001e   Code   RO         4812    .text               mc_w.l(llshl.o)
    0x08000986   0x00000020   Code   RO         4814    .text               mc_w.l(llushr.o)
    0x080009a6   0x00000024   Code   RO         4816    .text               mc_w.l(llsshr.o)
    0x080009ca   0x000000a2   Code   RO         4818    .text               mf_w.l(dsqrt.o)
    0x08000a6c   0x00000064   Code   RO         4216    i.ALL_Init          Init.o
    0x08000ad0   0x0000013c   Code   RO         4021    i.Back_Mode         Control.o
    0x08000c0c   0x0000012c   Code   RO         4022    i.Back_Mode_Low     Control.o
    0x08000d38   0x00000004   Code   RO         4363    i.BusFault_Handler  stm32f10x_it.o
    0x08000d3c   0x00000168   Code   RO         4023    i.Catch_All         Control.o
    0x08000ea4   0x000001e4   Code   RO         4024    i.Catch_Mode        Control.o
    0x08001088   0x000001a4   Code   RO         4025    i.Catch_Mode_St     Control.o
    0x0800122c   0x000000c0   Code   RO         4026    i.Catch_Sthing      Control.o
    0x080012ec   0x000006a8   Code   RO         4027    i.Control_Mode      Control.o
    0x08001994   0x00000054   Code   RO         4028    i.Control_Moto      Control.o
    0x080019e8   0x000000d4   Code   RO            1    i.DOWN              Step_Diver.o
    0x08001abc   0x00000002   Code   RO         4364    i.DebugMon_Handler  stm32f10x_it.o
    0x08001abe   0x00000018   Code   RO         3922    i.Delay_ms          Delay.o
    0x08001ad6   0x0000002e   Code   RO         3924    i.Delay_us          Delay.o
    0x08001b04   0x00000014   Code   RO          144    i.Encoder_Init      Encoder.o
    0x08001b18   0x0000012c   Code   RO         4029    i.Forward_Mode      Control.o
    0x08001c44   0x00000124   Code   RO         4030    i.Forward_Mode_Low  Control.o
    0x08001d68   0x00000116   Code   RO         2002    i.GPIO_Init         stm32f10x_gpio.o
    0x08001e7e   0x00000002   PAD
    0x08001e80   0x00000090   Code   RO         2004    i.GPIO_PinRemapConfig  stm32f10x_gpio.o
    0x08001f10   0x00000004   Code   RO         2009    i.GPIO_ResetBits    stm32f10x_gpio.o
    0x08001f14   0x00000004   Code   RO         2010    i.GPIO_SetBits      stm32f10x_gpio.o
    0x08001f18   0x00000724   Code   RO         4306    i.GetAngle          mpu6050.o
    0x0800263c   0x0000004c   Code   RO          145    i.Get_Speed         Encoder.o
    0x08002688   0x00000004   Code   RO         4365    i.HardFault_Handler  stm32f10x_it.o
    0x0800268c   0x00000048   Code   RO          345    i.I2c_Ack           IIC.o
    0x080026d4   0x00000048   Code   RO          346    i.I2c_NoAck         IIC.o
    0x0800271c   0x00000064   Code   RO          347    i.I2c_ReadByte      IIC.o
    0x08002780   0x00000064   Code   RO          348    i.I2c_SendByte      IIC.o
    0x080027e4   0x00000060   Code   RO          349    i.I2c_Start         IIC.o
    0x08002844   0x00000040   Code   RO          350    i.I2c_Stop          IIC.o
    0x08002884   0x0000005c   Code   RO          351    i.I2c_WaitAck       IIC.o
    0x080028e0   0x0000001c   Code   RO          352    i.I2c_delay         IIC.o
    0x080028fc   0x0000002c   Code   RO          353    i.IIC_Init          IIC.o
    0x08002928   0x00000064   Code   RO          354    i.IIC_Read_One_Byte  IIC.o
    0x0800298c   0x00000044   Code   RO          356    i.IIC_Write_One_Byte  IIC.o
    0x080029d0   0x00000080   Code   RO          357    i.IIC_read_Bytes    IIC.o
    0x08002a50   0x000000b4   Code   RO         4189    i.Kalman_Init       Filter.o
    0x08002b04   0x00000194   Code   RO         4031    i.Location_Mode     Control.o
    0x08002c98   0x00000194   Code   RO         4032    i.Location_Mode_Place  Control.o
    0x08002e2c   0x00000004   Code   RO         4366    i.MemManage_Handler  stm32f10x_it.o
    0x08002e30   0x000000b4   Code   RO            2    i.Micorstep_Driver_Init  Step_Diver.o
    0x08002ee4   0x0000000c   Code   RO            3    i.Micorstep_Enable  Step_Diver.o
    0x08002ef0   0x000000a8   Code   RO          429    i.Motor_Init        Motor.o
    0x08002f98   0x00000040   Code   RO          430    i.Motor_left_back_wheel_SetSpeed  Motor.o
    0x08002fd8   0x00000040   Code   RO          431    i.Motor_left_front_wheel_SetSpeed  Motor.o
    0x08003018   0x00000048   Code   RO          432    i.Motor_right_back_wheel_SetSpeed  Motor.o
    0x08003060   0x00000048   Code   RO          433    i.Motor_right_front_wheel_SetSpeed  Motor.o
    0x080030a8   0x000000f4   Code   RO         4307    i.MpuGetData        mpu6050.o
    0x0800319c   0x00000128   Code   RO         4308    i.MpuGetOffset      mpu6050.o
    0x080032c4   0x00000078   Code   RO         4309    i.MpuInit           mpu6050.o
    0x0800333c   0x00000002   Code   RO         4367    i.NMI_Handler       stm32f10x_it.o
    0x0800333e   0x00000002   PAD
    0x08003340   0x00000018   Code   RO            4    i.NVIC_DisableIRQ   Step_Diver.o
    0x08003358   0x00000016   Code   RO            5    i.NVIC_EnableIRQ    Step_Diver.o
    0x0800336e   0x00000002   PAD
    0x08003370   0x00000070   Code   RO          815    i.NVIC_Init         misc.o
    0x080033e0   0x00000014   Code   RO          816    i.NVIC_PriorityGroupConfig  misc.o
    0x080033f4   0x000000d8   Code   RO          655    i.PWM_Init          PWM.o
    0x080034cc   0x00000014   Code   RO          656    i.PWM_SetCompare1   PWM.o
    0x080034e0   0x00000014   Code   RO          657    i.PWM_SetCompare2   PWM.o
    0x080034f4   0x00000014   Code   RO          658    i.PWM_SetCompare3   PWM.o
    0x08003508   0x00000014   Code   RO          659    i.PWM_SetCompare4   PWM.o
    0x0800351c   0x00000002   Code   RO         4368    i.PendSV_Handler    stm32f10x_it.o
    0x0800351e   0x00000002   PAD
    0x08003520   0x0000011c   Code   RO         4033    i.Pid_Control_Trans  Control.o
    0x0800363c   0x00000198   Code   RO         4034    i.Place_ALL         Control.o
    0x080037d4   0x0000021c   Code   RO         4035    i.Place_Mode        Control.o
    0x080039f0   0x000000fc   Code   RO         4036    i.Place_Sthing      Control.o
    0x08003aec   0x00000050   Code   RO         4310    i.Q_rsqrt           mpu6050.o
    0x08003b3c   0x00000020   Code   RO         2430    i.RCC_APB1PeriphClockCmd  stm32f10x_rcc.o
    0x08003b5c   0x00000020   Code   RO         2432    i.RCC_APB2PeriphClockCmd  stm32f10x_rcc.o
    0x08003b7c   0x000000d4   Code   RO         2440    i.RCC_GetClocksFreq  stm32f10x_rcc.o
    0x08003c50   0x000000f8   Code   RO         4037    i.Revolve_Mode      Control.o
    0x08003d48   0x000000bc   Code   RO         4038    i.Revolve_Mode_0    Control.o
    0x08003e04   0x000000f8   Code   RO         4039    i.Revolve_Mode_180  Control.o
    0x08003efc   0x000000bc   Code   RO         4040    i.Revolve_Mode_90   Control.o
    0x08003fb8   0x00000002   Code   RO         4369    i.SVC_Handler       stm32f10x_it.o
    0x08003fba   0x00000002   PAD
    0x08003fbc   0x000000bc   Code   RO          691    i.Serial4_Init      Serial.o
    0x08004078   0x0000001a   Code   RO          692    i.Serial4_SendArray  Serial.o
    0x08004092   0x00000002   PAD
    0x08004094   0x00000020   Code   RO          693    i.Serial4_SendByte  Serial.o
    0x080040b4   0x0000001c   Code   RO          694    i.Serial4_SendPacket  Serial.o
    0x080040d0   0x000000c4   Code   RO          695    i.Serial5_Init      Serial.o
    0x08004194   0x00000020   Code   RO          696    i.Serial5_SendByte  Serial.o
    0x080041b4   0x0000001a   Code   RO          697    i.Serial5_SendString  Serial.o
    0x080041ce   0x00000014   Code   RO          306    i.Serial_SendEnd    HMI.o
    0x080041e2   0x00000002   PAD
    0x080041e4   0x0000003c   Code   RO          307    i.Serial_SendHMI    HMI.o
    0x08004220   0x000000e0   Code   RO         3946    i.Servo_Init        Servo.o
    0x08004300   0x00000008   Code   RO         3869    i.SetSysClock       system_stm32f10x.o
    0x08004308   0x000000e0   Code   RO         3870    i.SetSysClockTo72   system_stm32f10x.o
    0x080043e8   0x0000001c   Code   RO         4041    i.Stop_Mode         Control.o
    0x08004404   0x00000002   Code   RO         4370    i.SysTick_Handler   stm32f10x_it.o
    0x08004406   0x00000002   PAD
    0x08004408   0x00000060   Code   RO         3872    i.SystemInit        system_stm32f10x.o
    0x08004468   0x00000080   Code   RO         3060    i.TI1_Config        stm32f10x_tim.o
    0x080044e8   0x00000098   Code   RO         3061    i.TI2_Config        stm32f10x_tim.o
    0x08004580   0x00000090   Code   RO         3062    i.TI3_Config        stm32f10x_tim.o
    0x08004610   0x00000098   Code   RO         3063    i.TI4_Config        stm32f10x_tim.o
    0x080046a8   0x000000c0   Code   RO         4274    i.TIM6_IRQHandler   main.o
    0x08004768   0x00000078   Code   RO         3982    i.TIM6_Init         Timer4.o
    0x080047e0   0x000000a8   Code   RO            6    i.TIM7_IRQHandler   Step_Diver.o
    0x08004888   0x00000006   Code   RO         3070    i.TIM_ClearFlag     stm32f10x_tim.o
    0x0800488e   0x00000006   Code   RO         3071    i.TIM_ClearITPendingBit  stm32f10x_tim.o
    0x08004894   0x00000018   Code   RO         3076    i.TIM_Cmd           stm32f10x_tim.o
    0x080048ac   0x0000001e   Code   RO         3078    i.TIM_CtrlPWMOutputs  stm32f10x_tim.o
    0x080048ca   0x00000042   Code   RO         3085    i.TIM_EncoderInterfaceConfig  stm32f10x_tim.o
    0x0800490c   0x00000006   Code   RO         3095    i.TIM_GetCounter    stm32f10x_tim.o
    0x08004912   0x00000022   Code   RO         3097    i.TIM_GetITStatus   stm32f10x_tim.o
    0x08004934   0x000000ac   Code   RO         3099    i.TIM_ICInit        stm32f10x_tim.o
    0x080049e0   0x00000012   Code   RO         3100    i.TIM_ICStructInit  stm32f10x_tim.o
    0x080049f2   0x00000012   Code   RO         3101    i.TIM_ITConfig      stm32f10x_tim.o
    0x08004a04   0x0000000c   Code   RO         3103    i.TIM_InternalClockConfig  stm32f10x_tim.o
    0x08004a10   0x00000098   Code   RO         3105    i.TIM_OC1Init       stm32f10x_tim.o
    0x08004aa8   0x00000012   Code   RO         3108    i.TIM_OC1PreloadConfig  stm32f10x_tim.o
    0x08004aba   0x00000002   PAD
    0x08004abc   0x000000a4   Code   RO         3110    i.TIM_OC2Init       stm32f10x_tim.o
    0x08004b60   0x0000001a   Code   RO         3113    i.TIM_OC2PreloadConfig  stm32f10x_tim.o
    0x08004b7a   0x00000002   PAD
    0x08004b7c   0x000000a0   Code   RO         3115    i.TIM_OC3Init       stm32f10x_tim.o
    0x08004c1c   0x00000012   Code   RO         3118    i.TIM_OC3PreloadConfig  stm32f10x_tim.o
    0x08004c2e   0x00000002   PAD
    0x08004c30   0x0000007c   Code   RO         3120    i.TIM_OC4Init       stm32f10x_tim.o
    0x08004cac   0x0000001a   Code   RO         3122    i.TIM_OC4PreloadConfig  stm32f10x_tim.o
    0x08004cc6   0x00000014   Code   RO         3123    i.TIM_OCStructInit  stm32f10x_tim.o
    0x08004cda   0x00000004   Code   RO         3137    i.TIM_SetCompare1   stm32f10x_tim.o
    0x08004cde   0x00000004   Code   RO         3138    i.TIM_SetCompare2   stm32f10x_tim.o
    0x08004ce2   0x00000004   Code   RO         3139    i.TIM_SetCompare3   stm32f10x_tim.o
    0x08004ce6   0x00000006   Code   RO         3140    i.TIM_SetCompare4   stm32f10x_tim.o
    0x08004cec   0x00000004   Code   RO         3141    i.TIM_SetCounter    stm32f10x_tim.o
    0x08004cf0   0x00000012   Code   RO         3142    i.TIM_SetIC1Prescaler  stm32f10x_tim.o
    0x08004d02   0x0000001a   Code   RO         3143    i.TIM_SetIC2Prescaler  stm32f10x_tim.o
    0x08004d1c   0x00000012   Code   RO         3144    i.TIM_SetIC3Prescaler  stm32f10x_tim.o
    0x08004d2e   0x0000001a   Code   RO         3145    i.TIM_SetIC4Prescaler  stm32f10x_tim.o
    0x08004d48   0x000000a4   Code   RO         3147    i.TIM_TimeBaseInit  stm32f10x_tim.o
    0x08004dec   0x00000140   Code   RO         4042    i.Trans_Left_Mode   Control.o
    0x08004f2c   0x00000134   Code   RO         4043    i.Trans_Mode        Control.o
    0x08005060   0x00000140   Code   RO         4044    i.Trans_Right_Mode  Control.o
    0x080051a0   0x000000c8   Code   RO          702    i.UART4_IRQHandler  Serial.o
    0x08005268   0x000000d4   Code   RO            7    i.UP                Step_Diver.o
    0x0800533c   0x0000001e   Code   RO         3612    i.USART_ClearITPendingBit  stm32f10x_usart.o
    0x0800535a   0x00000018   Code   RO         3615    i.USART_Cmd         stm32f10x_usart.o
    0x08005372   0x0000001a   Code   RO         3618    i.USART_GetFlagStatus  stm32f10x_usart.o
    0x0800538c   0x00000054   Code   RO         3619    i.USART_GetITStatus  stm32f10x_usart.o
    0x080053e0   0x0000004a   Code   RO         3621    i.USART_ITConfig    stm32f10x_usart.o
    0x0800542a   0x00000002   PAD
    0x0800542c   0x000000d8   Code   RO         3622    i.USART_Init        stm32f10x_usart.o
    0x08005504   0x0000000a   Code   RO         3629    i.USART_ReceiveData  stm32f10x_usart.o
    0x0800550e   0x00000008   Code   RO         3632    i.USART_SendData    stm32f10x_usart.o
    0x08005516   0x00000004   Code   RO         4371    i.UsageFault_Handler  stm32f10x_it.o
    0x0800551a   0x00000002   PAD
    0x0800551c   0x00000028   Code   RO         4684    i.__0sprintf        mc_w.l(printfa.o)
    0x08005544   0x00000028   Code   RO         4756    i.__ARM_fpclassify  m_ws.l(fpclassify.o)
    0x0800556c   0x000000aa   Code   RO         4758    i.__kernel_poly     m_ws.l(poly.o)
    0x08005616   0x00000006   Code   RO         4743    i.__mathlib_dbl_infnan  m_ws.l(dunder.o)
    0x0800561c   0x00000004   Code   RO         4744    i.__mathlib_dbl_infnan2  m_ws.l(dunder.o)
    0x08005620   0x0000000c   Code   RO         4745    i.__mathlib_dbl_invalid  m_ws.l(dunder.o)
    0x0800562c   0x00000010   Code   RO         4748    i.__mathlib_dbl_underflow  m_ws.l(dunder.o)
    0x0800563c   0x0000000e   Code   RO         4824    i.__scatterload_copy  mc_w.l(handlers.o)
    0x0800564a   0x00000002   Code   RO         4825    i.__scatterload_null  mc_w.l(handlers.o)
    0x0800564c   0x0000000e   Code   RO         4826    i.__scatterload_zeroinit  mc_w.l(handlers.o)
    0x0800565a   0x00000002   PAD
    0x0800565c   0x0000000c   Code   RO         4790    i.__set_errno       mc_w.l(errno.o)
    0x08005668   0x00000184   Code   RO         4689    i._fp_digits        mc_w.l(printfa.o)
    0x080057ec   0x000006dc   Code   RO         4690    i._printf_core      mc_w.l(printfa.o)
    0x08005ec8   0x00000024   Code   RO         4691    i._printf_post_padding  mc_w.l(printfa.o)
    0x08005eec   0x0000002e   Code   RO         4692    i._printf_pre_padding  mc_w.l(printfa.o)
    0x08005f1a   0x0000000a   Code   RO         4694    i._sputc            mc_w.l(printfa.o)
    0x08005f24   0x00000270   Code   RO         4427    i.asin              m_ws.l(asin.o)
    0x08006194   0x00000220   Code   RO         4733    i.atan              m_ws.l(atan.o)
    0x080063b4   0x00000180   Code   RO         4437    i.atan2             m_ws.l(atan2.o)
    0x08006534   0x00000014   Code   RO         3947    i.cloud_tai         Servo.o
    0x08006548   0x00000058   Code   RO         4311    i.kalman_1          mpu6050.o
    0x080065a0   0x0000001c   Code   RO          146    i.left_back_Encoder_Get  Encoder.o
    0x080065bc   0x000000a0   Code   RO          147    i.left_back_Encoder_Init  Encoder.o
    0x0800665c   0x0000001c   Code   RO          148    i.left_front_Encoder_Get  Encoder.o
    0x08006678   0x000000a0   Code   RO          149    i.left_front_Encoder_Init  Encoder.o
    0x08006718   0x000001cc   Code   RO         4275    i.main              main.o
    0x080068e4   0x0000002c   Code   RO          625    i.pidRest           PID.o
    0x08006910   0x0000006a   Code   RO          626    i.pidUpdate         PID.o
    0x0800697a   0x00000002   PAD
    0x0800697c   0x0000010c   Code   RO         4217    i.pid_Para_Init_Location  Init.o
    0x08006a88   0x0000001c   Code   RO          150    i.right_back_Encoder_Get  Encoder.o
    0x08006aa4   0x000000a0   Code   RO          151    i.right_back_Encoder_Init  Encoder.o
    0x08006b44   0x0000001a   Code   RO          152    i.right_front_Encoder_Get  Encoder.o
    0x08006b5e   0x00000002   PAD
    0x08006b60   0x000000ec   Code   RO          153    i.right_front_Encoder_Init  Encoder.o
    0x08006c4c   0x00000014   Code   RO         3948    i.robotic_grab      Servo.o
    0x08006c60   0x0000004c   Code   RO         4762    i.sqrt              m_ws.l(sqrt.o)
    0x08006cac   0x00000014   Code   RO         3949    i.stage             Servo.o
    0x08006cc0   0x00000014   Data   RO         4314    .constdata          mpu6050.o
    0x08006cd4   0x00000004   PAD
    0x08006cd8   0x00000050   Data   RO         4428    .constdata          m_ws.l(asin.o)
    0x08006d28   0x00000098   Data   RO         4734    .constdata          m_ws.l(atan.o)
    0x08006dc0   0x00000008   Data   RO         4760    .constdata          m_ws.l(qnan.o)
    0x08006dc8   0x00000020   Data   RO         4822    Region$$Table       anon$$obj.o


    Execution Region RW_IRAM1 (Base: 0x20000000, Size: 0x00000890, Max: 0x0000c000, ABSOLUTE)

    Base Addr    Size         Type   Attr      Idx    E Section Name        Object

    0x20000000   0x0000000c   Data   RW            8    .data               Step_Diver.o
    0x2000000c   0x00000010   Data   RW          154    .data               Encoder.o
    0x2000001c   0x00000022   Data   RW          705    .data               Serial.o
    0x2000003e   0x00000014   Data   RW         2460    .data               stm32f10x_rcc.o
    0x20000052   0x00000002   PAD
    0x20000054   0x00000062   Data   RW         4045    .data               Control.o
    0x200000b6   0x00000003   Data   RW         4276    .data               main.o
    0x200000b9   0x00000003   PAD
    0x200000bc   0x00000068   Data   RW         4315    .data               mpu6050.o
    0x20000124   0x00000004   Data   RW         4791    .data               mc_w.l(errno.o)
    0x20000128   0x00000064   Zero   RW          308    .bss                HMI.o
    0x2000018c   0x00000014   Zero   RW          704    .bss                Serial.o
    0x200001a0   0x000000a8   Zero   RW         4190    .bss                Filter.o
    0x20000248   0x00000208   Zero   RW         4218    .bss                Init.o
    0x20000450   0x0000003c   Zero   RW         4313    .bss                mpu6050.o
    0x2000048c   0x00000004   PAD
    0x20000490   0x00000400   Zero   RW         3862    STACK               startup_stm32f10x_hd.o


==============================================================================

Image component sizes


      Code (inc. data)   RO Data    RW Data    ZI Data      Debug   Object Name

      8592       1290          0         98          0      19587   Control.o
        70          0          0          0          0        882   Delay.o
       922         74          0         16          0     245249   Encoder.o
       180         34          0          0        168       2984   Filter.o
        80         18          0          0        100       1692   HMI.o
       964         38          0          0          0       6441   IIC.o
       368        110          0          0        520       4146   Init.o
       440         38          0          0          0       2641   Motor.o
       150          0          0          0          0       3634   PID.o
       296         34          0          0          0       2491   PWM.o
       728         74          0         34         20       5595   Serial.o
       284         26          0          0          0       2076   Servo.o
       830        100          0         12          0     265487   Step_Diver.o
       120          6          0          0          0      15655   Timer4.o
         0          0          0          0          0         32   core_cm3.o
       652        112          0          3          0       1482   main.o
       132         22          0          0          0       2979   misc.o
      2656         86         20        104         60       7939   mpu6050.o
        36          8        304          0       1024        768   startup_stm32f10x_hd.o
       430          6          0          0          0      11890   stm32f10x_gpio.o
        26          0          0          0          0       3574   stm32f10x_it.o
       276         32          0         20          0      12834   stm32f10x_rcc.o
      1950        200          0          0          0      39743   stm32f10x_tim.o
       472          6          0          0          0      12283   stm32f10x_usart.o
       328         28          0          0          0       1749   system_stm32f10x.o

    ----------------------------------------------------------------------
     21012       2342        360        292       1896     673833   Object Totals
         0          0         32          0          0          0   (incl. Generated)
        30          0          4          5          4          0   (incl. Padding)

    ----------------------------------------------------------------------

      Code (inc. data)   RO Data    RW Data    ZI Data      Debug   Library Member Name

       624         52         80          0          0        168   asin.o
       544         70        152          0          0        124   atan.o
       384         38          0          0          0        144   atan2.o
        38          6          0          0          0        272   dunder.o
        40          0          0          0          0         68   fpclassify.o
       170          0          0          0          0         96   poly.o
         0          0          8          0          0          0   qnan.o
        76          0          0          0          0         84   sqrt.o
         0          0          0          0          0          0   entry.o
         0          0          0          0          0          0   entry10a.o
         0          0          0          0          0          0   entry11a.o
         8          4          0          0          0          0   entry2.o
         4          0          0          0          0          0   entry5.o
         0          0          0          0          0          0   entry7b.o
         0          0          0          0          0          0   entry8b.o
         8          4          0          0          0          0   entry9a.o
        12          6          0          4          0         68   errno.o
        30          0          0          0          0          0   handlers.o
        36          8          0          0          0         68   init.o
         0          0          0          0          0          0   iusefp.o
        30          0          0          0          0         68   llshl.o
        36          0          0          0          0         68   llsshr.o
        32          0          0          0          0         68   llushr.o
        36          0          0          0          0        108   memseta.o
      2276         86          0          0          0        520   printfa.o
        44          0          0          0          0         80   uidiv.o
        98          0          0          0          0         92   uldiv.o
        48          0          0          0          0         68   cdrcmple.o
        20          0          0          0          0         68   cfcmple.o
        20          0          0          0          0         68   cfrcmple.o
        56          0          0          0          0         88   d2f.o
       334          0          0          0          0        148   dadd.o
       222          0          0          0          0        100   ddiv.o
       186          0          0          0          0        176   depilogue.o
        48          0          0          0          0         68   dfixul.o
       228          0          0          0          0         96   dmul.o
        46          0          0          0          0         80   dscalb.o
       162          0          0          0          0        100   dsqrt.o
        38          0          0          0          0         68   f2d.o
       176          0          0          0          0        140   fadd.o
       124          0          0          0          0         88   fdiv.o
       110          0          0          0          0        168   fepilogue.o
        50          0          0          0          0         68   ffixi.o
        18          0          0          0          0         68   fflti.o
        10          0          0          0          0         68   ffltui.o
       100          0          0          0          0         76   fmul.o

    ----------------------------------------------------------------------
      6524        274        240          4          0       3900   Library Totals
         2          0          0          0          0          0   (incl. Padding)

    ----------------------------------------------------------------------

      Code (inc. data)   RO Data    RW Data    ZI Data      Debug   Library Name

      1876        166        240          0          0        956   m_ws.l
      2650        108          0          4          0       1140   mc_w.l
      1996          0          0          0          0       1804   mf_w.l

    ----------------------------------------------------------------------
      6524        274        240          4          0       3900   Library Totals

    ----------------------------------------------------------------------

==============================================================================


      Code (inc. data)   RO Data    RW Data    ZI Data      Debug   

     27536       2616        600        296       1896     667901   Grand Totals
     27536       2616        600        296       1896     667901   ELF Image Totals
     27536       2616        600        296          0          0   ROM Totals

==============================================================================

    Total RO  Size (Code + RO Data)                28136 (  27.48kB)
    Total RW  Size (RW Data + ZI Data)              2192 (   2.14kB)
    Total ROM Size (Code + RO Data + RW Data)      28432 (  27.77kB)

==============================================================================

