Component: ARM Compiler 5.06 update 5 (build 528) Tool: armlink [4d35e2]

==============================================================================

Section Cross References

    system_stm32f10x.o(i.SetSysClock) refers to system_stm32f10x.o(i.SetSysClockTo72) for SetSysClockTo72
    system_stm32f10x.o(i.SystemCoreClockUpdate) refers to system_stm32f10x.o(.data) for SystemCoreClock
    system_stm32f10x.o(i.SystemInit) refers to system_stm32f10x.o(i.SetSysClock) for SetSysClock
    startup_stm32f10x_hd.o(RESET) refers to startup_stm32f10x_hd.o(STACK) for __initial_sp
    startup_stm32f10x_hd.o(RESET) refers to startup_stm32f10x_hd.o(.text) for Reset_Handler
    startup_stm32f10x_hd.o(RESET) refers to stm32f10x_it.o(i.NMI_Handler) for NMI_Handler
    startup_stm32f10x_hd.o(RESET) refers to stm32f10x_it.o(i.HardFault_Handler) for HardFault_Handler
    startup_stm32f10x_hd.o(RESET) refers to stm32f10x_it.o(i.MemManage_Handler) for MemManage_Handler
    startup_stm32f10x_hd.o(RESET) refers to stm32f10x_it.o(i.BusFault_Handler) for BusFault_Handler
    startup_stm32f10x_hd.o(RESET) refers to stm32f10x_it.o(i.UsageFault_Handler) for UsageFault_Handler
    startup_stm32f10x_hd.o(RESET) refers to stm32f10x_it.o(i.SVC_Handler) for SVC_Handler
    startup_stm32f10x_hd.o(RESET) refers to stm32f10x_it.o(i.DebugMon_Handler) for DebugMon_Handler
    startup_stm32f10x_hd.o(RESET) refers to stm32f10x_it.o(i.PendSV_Handler) for PendSV_Handler
    startup_stm32f10x_hd.o(RESET) refers to stm32f10x_it.o(i.SysTick_Handler) for SysTick_Handler
    startup_stm32f10x_hd.o(RESET) refers to serial.o(i.UART4_IRQHandler) for UART4_IRQHandler
    startup_stm32f10x_hd.o(RESET) refers to main.o(i.TIM6_IRQHandler) for TIM6_IRQHandler
    startup_stm32f10x_hd.o(RESET) refers to step_diver.o(i.TIM7_IRQHandler) for TIM7_IRQHandler
    startup_stm32f10x_hd.o(.text) refers to system_stm32f10x.o(i.SystemInit) for SystemInit
    startup_stm32f10x_hd.o(.text) refers to entry.o(.ARM.Collect$$$$00000000) for __main
    stm32f10x_adc.o(i.ADC_DeInit) refers to stm32f10x_rcc.o(i.RCC_APB2PeriphResetCmd) for RCC_APB2PeriphResetCmd
    stm32f10x_bkp.o(i.BKP_DeInit) refers to stm32f10x_rcc.o(i.RCC_BackupResetCmd) for RCC_BackupResetCmd
    stm32f10x_can.o(i.CAN_DeInit) refers to stm32f10x_rcc.o(i.RCC_APB1PeriphResetCmd) for RCC_APB1PeriphResetCmd
    stm32f10x_can.o(i.CAN_GetITStatus) refers to stm32f10x_can.o(i.CheckITStatus) for CheckITStatus
    stm32f10x_cec.o(i.CEC_DeInit) refers to stm32f10x_rcc.o(i.RCC_APB1PeriphResetCmd) for RCC_APB1PeriphResetCmd
    stm32f10x_dac.o(i.DAC_DeInit) refers to stm32f10x_rcc.o(i.RCC_APB1PeriphResetCmd) for RCC_APB1PeriphResetCmd
    stm32f10x_flash.o(i.FLASH_EnableWriteProtection) refers to stm32f10x_flash.o(i.FLASH_WaitForLastOperation) for FLASH_WaitForLastOperation
    stm32f10x_flash.o(i.FLASH_EraseAllBank1Pages) refers to stm32f10x_flash.o(i.FLASH_WaitForLastBank1Operation) for FLASH_WaitForLastBank1Operation
    stm32f10x_flash.o(i.FLASH_EraseAllPages) refers to stm32f10x_flash.o(i.FLASH_WaitForLastOperation) for FLASH_WaitForLastOperation
    stm32f10x_flash.o(i.FLASH_EraseOptionBytes) refers to stm32f10x_flash.o(i.FLASH_GetReadOutProtectionStatus) for FLASH_GetReadOutProtectionStatus
    stm32f10x_flash.o(i.FLASH_EraseOptionBytes) refers to stm32f10x_flash.o(i.FLASH_WaitForLastOperation) for FLASH_WaitForLastOperation
    stm32f10x_flash.o(i.FLASH_ErasePage) refers to stm32f10x_flash.o(i.FLASH_WaitForLastOperation) for FLASH_WaitForLastOperation
    stm32f10x_flash.o(i.FLASH_ProgramHalfWord) refers to stm32f10x_flash.o(i.FLASH_WaitForLastOperation) for FLASH_WaitForLastOperation
    stm32f10x_flash.o(i.FLASH_ProgramOptionByteData) refers to stm32f10x_flash.o(i.FLASH_WaitForLastOperation) for FLASH_WaitForLastOperation
    stm32f10x_flash.o(i.FLASH_ProgramWord) refers to stm32f10x_flash.o(i.FLASH_WaitForLastOperation) for FLASH_WaitForLastOperation
    stm32f10x_flash.o(i.FLASH_ReadOutProtection) refers to stm32f10x_flash.o(i.FLASH_WaitForLastOperation) for FLASH_WaitForLastOperation
    stm32f10x_flash.o(i.FLASH_UserOptionByteConfig) refers to stm32f10x_flash.o(i.FLASH_WaitForLastOperation) for FLASH_WaitForLastOperation
    stm32f10x_flash.o(i.FLASH_WaitForLastBank1Operation) refers to stm32f10x_flash.o(i.FLASH_GetBank1Status) for FLASH_GetBank1Status
    stm32f10x_flash.o(i.FLASH_WaitForLastOperation) refers to stm32f10x_flash.o(i.FLASH_GetBank1Status) for FLASH_GetBank1Status
    stm32f10x_gpio.o(i.GPIO_AFIODeInit) refers to stm32f10x_rcc.o(i.RCC_APB2PeriphResetCmd) for RCC_APB2PeriphResetCmd
    stm32f10x_gpio.o(i.GPIO_DeInit) refers to stm32f10x_rcc.o(i.RCC_APB2PeriphResetCmd) for RCC_APB2PeriphResetCmd
    stm32f10x_i2c.o(i.I2C_DeInit) refers to stm32f10x_rcc.o(i.RCC_APB1PeriphResetCmd) for RCC_APB1PeriphResetCmd
    stm32f10x_i2c.o(i.I2C_Init) refers to stm32f10x_rcc.o(i.RCC_GetClocksFreq) for RCC_GetClocksFreq
[...]
    i.SysTick_Handler                        0x0800493c   Section        0  stm32f10x_it.o(i.SysTick_Handler)
    i.SystemInit                             0x08004940   Section        0  system_stm32f10x.o(i.SystemInit)
    i.TI1_Config                             0x080049a0   Section        0  stm32f10x_tim.o(i.TI1_Config)
    TI1_Config                               0x080049a1   Thumb Code   108  stm32f10x_tim.o(i.TI1_Config)
    i.TI2_Config                             0x08004a20   Section        0  stm32f10x_tim.o(i.TI2_Config)
    TI2_Config                               0x08004a21   Thumb Code   130  stm32f10x_tim.o(i.TI2_Config)
    i.TI3_Config                             0x08004ab8   Section        0  stm32f10x_tim.o(i.TI3_Config)
    TI3_Config                               0x08004ab9   Thumb Code   122  stm32f10x_tim.o(i.TI3_Config)
    i.TI4_Config                             0x08004b48   Section        0  stm32f10x_tim.o(i.TI4_Config)
    TI4_Config                               0x08004b49   Thumb Code   130  stm32f10x_tim.o(i.TI4_Config)
    i.TIM6_IRQHandler                        0x08004be0   Section        0  main.o(i.TIM6_IRQHandler)
    i.TIM6_Init                              0x08004c84   Section        0  timer4.o(i.TIM6_Init)
    i.TIM7_IRQHandler                        0x08004cfc   Section        0  step_diver.o(i.TIM7_IRQHandler)
    i.TIM_ClearFlag                          0x08004da4   Section        0  stm32f10x_tim.o(i.TIM_ClearFlag)
    i.TIM_ClearITPendingBit                  0x08004daa   Section        0  stm32f10x_tim.o(i.TIM_ClearITPendingBit)
    i.TIM_Cmd                                0x08004db0   Section        0  stm32f10x_tim.o(i.TIM_Cmd)
    i.TIM_CtrlPWMOutputs                     0x08004dc8   Section        0  stm32f10x_tim.o(i.TIM_CtrlPWMOutputs)
    i.TIM_EncoderInterfaceConfig             0x08004de6   Section        0  stm32f10x_tim.o(i.TIM_EncoderInterfaceConfig)
    i.TIM_GetCounter                         0x08004e28   Section        0  stm32f10x_tim.o(i.TIM_GetCounter)
    i.TIM_GetITStatus                        0x08004e2e   Section        0  stm32f10x_tim.o(i.TIM_GetITStatus)
    i.TIM_ICInit                             0x08004e50   Section        0  stm32f10x_tim.o(i.TIM_ICInit)
    i.TIM_ICStructInit                       0x08004efc   Section        0  stm32f10x_tim.o(i.TIM_ICStructInit)
    i.TIM_ITConfig                           0x08004f0e   Section        0  stm32f10x_tim.o(i.TIM_ITConfig)
    i.TIM_InternalClockConfig                0x08004f20   Section        0  stm32f10x_tim.o(i.TIM_InternalClockConfig)
    i.TIM_OC1Init                            0x08004f2c   Section        0  stm32f10x_tim.o(i.TIM_OC1Init)
    i.TIM_OC1PreloadConfig                   0x08004fc4   Section        0  stm32f10x_tim.o(i.TIM_OC1PreloadConfig)
    i.TIM_OC2Init                            0x08004fd8   Section        0  stm32f10x_tim.o(i.TIM_OC2Init)
    i.TIM_OC2PreloadConfig                   0x0800507c   Section        0  stm32f10x_tim.o(i.TIM_OC2PreloadConfig)
    i.TIM_OC3Init                            0x08005098   Section        0  stm32f10x_tim.o(i.TIM_OC3Init)
    i.TIM_OC3PreloadConfig                   0x08005138   Section        0  stm32f10x_tim.o(i.TIM_OC3PreloadConfig)
    i.TIM_OC4Init                            0x0800514c   Section        0  stm32f10x_tim.o(i.TIM_OC4Init)
    i.TIM_OC4PreloadConfig                   0x080051c8   Section        0  stm32f10x_tim.o(i.TIM_OC4PreloadConfig)
    i.TIM_OCStructInit                       0x080051e2   Section        0  stm32f10x_tim.o(i.TIM_OCStructInit)
    i.TIM_SetCompare1                        0x080051f6   Section        0  stm32f10x_tim.o(i.TIM_SetCompare1)
    i.TIM_SetCompare2                        0x080051fa   Section        0  stm32f10x_tim.o(i.TIM_SetCompare2)
    i.TIM_SetCompare3                        0x080051fe   Section        0  stm32f10x_tim.o(i.TIM_SetCompare3)
    i.TIM_SetCompare4                        0x08005202   Section        0  stm32f10x_tim.o(i.TIM_SetCompare4)
    i.TIM_SetCounter                         0x08005208   Section        0  stm32f10x_tim.o(i.TIM_SetCounter)
    i.TIM_SetIC1Prescaler                    0x0800520c   Section        0  stm32f10x_tim.o(i.TIM_SetIC1Prescaler)
    i.TIM_SetIC2Prescaler                    0x0800521e   Section        0  stm32f10x_tim.o(i.TIM_SetIC2Prescaler)
    i.TIM_SetIC3Prescaler                    0x08005238   Section        0  stm32f10x_tim.o(i.TIM_SetIC3Prescaler)
    i.TIM_SetIC4Prescaler                    0x0800524a   Section        0  stm32f10x_tim.o(i.TIM_SetIC4Prescaler)
    i.TIM_TimeBaseInit                       0x08005264   Section        0  stm32f10x_tim.o(i.TIM_TimeBaseInit)
    i.Trans_Left_Mode                        0x08005308   Section        0  control.o(i.Trans_Left_Mode)
    i.Trans_Mode                             0x08005448   Section        0  control.o(i.Trans_Mode)
    i.Trans_Right_Mode                       0x0800557c   Section        0  control.o(i.Trans_Right_Mode)
    i.UART4_IRQHandler                       0x080056b8   Section        0  serial.o(i.UART4_IRQHandler)
    i.UP                                     0x080057b4   Section        0  step_diver.o(i.UP)
    i.USART_ClearITPendingBit                0x08005888   Section        0  stm32f10x_usart.o(i.USART_ClearITPendingBit)
    i.USART_Cmd                              0x080058a6   Section        0  stm32f10x_usart.o(i.USART_Cmd)
    i.USART_GetFlagStatus                    0x080058be   Section        0  stm32f10x_usart.o(i.USART_GetFlagStatus)
    i.USART_GetITStatus                      0x080058d8   Section        0  stm32f10x_usart.o(i.USART_GetITStatus)
    i.USART_ITConfig                         0x0800592c   Section        0  stm32f10x_usart.o(i.USART_ITConfig)
    i.USART_Init                             0x08005978   Section        0  stm32f10x_usart.o(i.USART_Init)
    i.USART_ReceiveData                      0x08005a50   Section        0  stm32f10x_usart.o(i.USART_ReceiveData)
    i.USART_SendData                         0x08005a5a   Section        0  stm32f10x_usart.o(i.USART_SendData)
    i.UsageFault_Handler                     0x08005a62   Section        0  stm32f10x_it.o(i.UsageFault_Handler)
    i.__0sprintf                             0x08005a68   Section        0  printfa.o(i.__0sprintf)
    i.__ARM_fpclassify                       0x08005a90   Section        0  fpclassify.o(i.__ARM_fpclassify)
    i.__kernel_poly                          0x08005ab8   Section        0  poly.o(i.__kernel_poly)
    i.__mathlib_dbl_infnan                   0x08005b62   Section        0  dunder.o(i.__mathlib_dbl_infnan)
    i.__mathlib_dbl_infnan2                  0x08005b68   Section        0  dunder.o(i.__mathlib_dbl_infnan2)
    i.__mathlib_dbl_invalid                  0x08005b6c   Section        0  dunder.o(i.__mathlib_dbl_invalid)
    i.__mathlib_dbl_underflow                0x08005b78   Section        0  dunder.o(i.__mathlib_dbl_underflow)
    i.__scatterload_copy                     0x08005b88   Section       14  handlers.o(i.__scatterload_copy)
    i.__scatterload_null                     0x08005b96   Section        2  handlers.o(i.__scatterload_null)
    i.__scatterload_zeroinit                 0x08005b98   Section       14  handlers.o(i.__scatterload_zeroinit)
    i.__set_errno                            0x08005ba8   Section        0  errno.o(i.__set_errno)
    i._fp_digits                             0x08005bb4   Section        0  printfa.o(i._fp_digits)
    _fp_digits                               0x08005bb5   Thumb Code   366  printfa.o(i._fp_digits)
    i._printf_core                           0x08005d38   Section        0  printfa.o(i._printf_core)
    _printf_core                             0x08005d39   Thumb Code  1744  printfa.o(i._printf_core)
    i._printf_post_padding                   0x08006414   Section        0  printfa.o(i._printf_post_padding)
    _printf_post_padding                     0x08006415   Thumb Code    36  printfa.o(i._printf_post_padding)
    i._printf_pre_padding                    0x08006438   Section        0  printfa.o(i._printf_pre_padding)
    _printf_pre_padding                      0x08006439   Thumb Code    46  printfa.o(i._printf_pre_padding)
    i._sputc                                 0x08006466   Section        0  printfa.o(i._sputc)
    _sputc                                   0x08006467   Thumb Code    10  printfa.o(i._sputc)
    i.asin                                   0x08006470   Section        0  asin.o(i.asin)
    i.atan                                   0x080066e0   Section        0  atan.o(i.atan)
    i.atan2                                  0x08006900   Section        0  atan2.o(i.atan2)
    i.cloud_tai                              0x08006a80   Section        0  servo.o(i.cloud_tai)
    i.kalman_1                               0x08006af8   Section        0  mpu6050.o(i.kalman_1)
    i.left_back_Encoder_Get                  0x08006b50   Section        0  encoder.o(i.left_back_Encoder_Get)
    i.left_back_Encoder_Init                 0x08006b6c   Section        0  encoder.o(i.left_back_Encoder_Init)
    i.left_front_Encoder_Get                 0x08006c0c   Section        0  encoder.o(i.left_front_Encoder_Get)
    i.left_front_Encoder_Init                0x08006c28   Section        0  encoder.o(i.left_front_Encoder_Init)
    i.main                                   0x08006cc8   Section        0  main.o(i.main)
    i.pidRest                                0x08006ea8   Section        0  pid.o(i.pidRest)
    i.pidUpdate                              0x08006ed4   Section        0  pid.o(i.pidUpdate)
    i.pid_Para_Init_Location                 0x08006f40   Section        0  init.o(i.pid_Para_Init_Location)
    i.right_back_Encoder_Get                 0x08007000   Section        0  encoder.o(i.right_back_Encoder_Get)
    i.right_back_Encoder_Init                0x0800701c   Section        0  encoder.o(i.right_back_Encoder_Init)
    i.right_front_Encoder_Get                0x080070bc   Section        0  encoder.o(i.right_front_Encoder_Get)
    i.right_front_Encoder_Init               0x080070d8   Section        0  encoder.o(i.right_front_Encoder_Init)
    i.sqrt                                   0x080071c4   Section        0  sqrt.o(i.sqrt)
    .constdata                               0x08007210   Section     7600  oled.o(.constdata)
    .constdata                               0x08008fc0   Section       20  mpu6050.o(.constdata)
    .constdata                               0x08008fd8   Section       80  asin.o(.constdata)
    pS                                       0x08008fd8   Data          48  asin.o(.constdata)
    qS                                       0x08009008   Data          32  asin.o(.constdata)
    .constdata                               0x08009028   Section      152  atan.o(.constdata)
    atanhi                                   0x08009028   Data          32  atan.o(.constdata)
    atanlo                                   0x08009048   Data          32  atan.o(.constdata)
    aTodd                                    0x08009068   Data          40  atan.o(.constdata)
    aTeven                                   0x08009090   Data          48  atan.o(.constdata)
    .constdata                               0x080090c0   Section        8  qnan.o(.constdata)
    .data                                    0x20000000   Section       20  stm32f10x_rcc.o(.data)
    APBAHBPrescTable                         0x20000000   Data          16  stm32f10x_rcc.o(.data)
    ADCPrescTable                            0x20000010   Data           4  stm32f10x_rcc.o(.data)
    .data                                    0x20000014   Section       16  servo.o(.data)
    now_site                                 0x2000001c   Data           4  servo.o(.data)
    now_site                                 0x20000020   Data           4  servo.o(.data)
    .data                                    0x20000024   Section       34  serial.o(.data)
    RxState                                  0x20000044   Data           1  serial.o(.data)
    pRxPacket                                0x20000045   Data           1  serial.o(.data)
    .data                                    0x20000048   Section       16  encoder.o(.data)
    .data                                    0x20000058   Section       12  step_diver.o(.data)
    .data                                    0x20000064   Section        3  main.o(.data)
    i                                        0x20000065   Data           1  main.o(.data)
    j                                        0x20000066   Data           1  main.o(.data)
    .data                                    0x20000068   Section      104  mpu6050.o(.data)
    pMpu                                     0x20000068   Data           4  mpu6050.o(.data)
    NormAcc                                  0x2000006c   Data           4  mpu6050.o(.data)
    ekf                                      0x20000080   Data          72  mpu6050.o(.data)
    KpDef                                    0x200000c8   Data           4  mpu6050.o(.data)
    KiDef                                    0x200000cc   Data           4  mpu6050.o(.data)
    .data                                    0x200000d0   Section      106  control.o(.data)
    Frequence                                0x20000138   Data           1  control.o(.data)
    Frequence                                0x20000139   Data           1  control.o(.data)
    .data                                    0x2000013c   Section        4  errno.o(.data)
    _errno                                   0x2000013c   Data           4  errno.o(.data)
    .bss                                     0x20000140   Section       20  serial.o(.bss)
    .bss                                     0x20000154   Section      100  main.o(.bss)
    .bss                                     0x200001b8   Section       60  mpu6050.o(.bss)
    tBuff                                    0x200001e8   Data          12  mpu6050.o(.bss)
    .bss                                     0x200001f4   Section      416  init.o(.bss)
    .bss                                     0x20000394   Section      168  filter.o(.bss)
    STACK                                    0x20000440   Section     1024  startup_stm32f10x_hd.o(STACK)

    Global Symbols

    Symbol Name                              Value     Ov Type        Size  Object(Section)

    BuildAttributes$$THM_ISAv4$P$D$K$B$S$PE$A:L22UL41UL21$X:L11$S22US41US21$IEEE1$IW$USESV6$~STKCKD$USESV7$~SHL$OTIME$ROPI$IEEEX$EBA8$MICROLIB$REQ8$PRES8$EABIv2 0x00000000   Number         0  anon$$obj.o ABSOLUTE
    __ARM_use_no_argv                        0x00000000   Number         0  main.o ABSOLUTE
    _printf_a                                0x00000000   Number         0  stubs.o ABSOLUTE
    _printf_c                                0x00000000   Number         0  stubs.o ABSOLUTE
    _printf_charcount                        0x00000000   Number         0  stubs.o ABSOLUTE
    _printf_d                                0x00000000   Number         0  stubs.o ABSOLUTE
    _printf_e                                0x00000000   Number         0  stubs.o ABSOLUTE
    _printf_f                                0x00000000   Number         0  stubs.o ABSOLUTE
    _printf_flags                            0x00000000   Number         0  stubs.o ABSOLUTE
    _printf_fp_dec                           0x00000000   Number         0  stubs.o ABSOLUTE
    _printf_fp_hex                           0x00000000   Number         0  stubs.o ABSOLUTE
    _printf_g                                0x00000000   Number         0  stubs.o ABSOLUTE
    _printf_i                                0x00000000   Number         0  stubs.o ABSOLUTE
    _printf_int_dec                          0x00000000   Number         0  stubs.o ABSOLUTE
    _printf_l                                0x00000000   Number         0  stubs.o ABSOLUTE
    _printf_lc                               0x00000000   Number         0  stubs.o ABSOLUTE
    _printf_ll                               0x00000000   Number         0  stubs.o ABSOLUTE
    _printf_lld                              0x00000000   Number         0  stubs.o ABSOLUTE
    _printf_lli                              0x00000000   Number         0  stubs.o ABSOLUTE
    _printf_llo                              0x00000000   Number         0  stubs.o ABSOLUTE
    _printf_llu                              0x00000000   Number         0  stubs.o ABSOLUTE
    _printf_llx                              0x00000000   Number         0  stubs.o ABSOLUTE
    _printf_longlong_dec                     0x00000000   Number         0  stubs.o ABSOLUTE
    _printf_longlong_hex                     0x00000000   Number         0  stubs.o ABSOLUTE
    _printf_longlong_oct                     0x00000000   Number         0  stubs.o ABSOLUTE
    _printf_ls                               0x00000000   Number         0  stubs.o ABSOLUTE
    _printf_mbtowc                           0x00000000   Number         0  stubs.o ABSOLUTE
    _printf_n                                0x00000000   Number         0  stubs.o ABSOLUTE
    _printf_o                                0x00000000   Number         0  stubs.o ABSOLUTE
    _printf_p                                0x00000000   Number         0  stubs.o ABSOLUTE
    _printf_percent                          0x00000000   Number         0  stubs.o ABSOLUTE
    _printf_pre_padding                      0x00000000   Number         0  stubs.o ABSOLUTE
    _printf_return_value                     0x00000000   Number         0  stubs.o ABSOLUTE
    _printf_s                                0x00000000   Number         0  stubs.o ABSOLUTE
    _printf_sizespec                         0x00000000   Number         0  stubs.o ABSOLUTE
    _printf_str                              0x00000000   Number         0  stubs.o ABSOLUTE
    _printf_truncate_signed                  0x00000000   Number         0  stubs.o ABSOLUTE
    _printf_truncate_unsigned                0x00000000   Number         0  stubs.o ABSOLUTE
    _printf_u                                0x00000000   Number         0  stubs.o ABSOLUTE
    _printf_wc                               0x00000000   Number         0  stubs.o ABSOLUTE
    _printf_wctomb                           0x00000000   Number         0  stubs.o ABSOLUTE
    _printf_widthprec                        0x00000000   Number         0  stubs.o ABSOLUTE
    _printf_x                                0x00000000   Number         0  stubs.o ABSOLUTE
    __cpp_initialize__aeabi_                  - Undefined Weak Reference
    __cxa_finalize                            - Undefined Weak Reference
    _clock_init                               - Undefined Weak Reference
    _microlib_exit                            - Undefined Weak Reference
    __Vectors_Size                           0x00000130   Number         0  startup_stm32f10x_hd.o ABSOLUTE
    __Vectors                                0x08000000   Data           4  startup_stm32f10x_hd.o(RESET)
    __Vectors_End                            0x08000130   Data           0  startup_stm32f10x_hd.o(RESET)
    __main                                   0x08000131   Thumb Code     0  entry.o(.ARM.Collect$$$$00000000)
    _main_stk                                0x08000131   Thumb Code     0  entry2.o(.ARM.Collect$$$$00000001)
    _main_scatterload                        0x08000135   Thumb Code     0  entry5.o(.ARM.Collect$$$$00000004)
    __main_after_scatterload                 0x08000139   Thumb Code     0  entry5.o(.ARM.Collect$$$$00000004)
    _main_clock                              0x08000139   Thumb Code     0  entry7b.o(.ARM.Collect$$$$00000008)
    _main_cpp_init                           0x08000139   Thumb Code     0  entry8b.o(.ARM.Collect$$$$0000000A)
    _main_init                               0x08000139   Thumb Code     0  entry9a.o(.ARM.Collect$$$$0000000B)
    __rt_final_cpp                           0x08000141   Thumb Code     0  entry10a.o(.ARM.Collect$$$$0000000D)
    __rt_final_exit                          0x08000141   Thumb Code     0  entry11a.o(.ARM.Collect$$$$0000000F)
    Reset_Handler                            0x08000145   Thumb Code     8  startup_stm32f10x_hd.o(.text)
    ADC1_2_IRQHandler                        0x0800015f   Thumb Code     0  startup_stm32f10x_hd.o(.text)
    ADC3_IRQHandler                          0x0800015f   Thumb Code     0  startup_stm32f10x_hd.o(.text)
    CAN1_RX1_IRQHandler                      0x0800015f   Thumb Code     0  startup_stm32f10x_hd.o(.text)
    CAN1_SCE_IRQHandler                      0x0800015f   Thumb Code     0  startup_stm32f10x_hd.o(.text)
    DMA1_Channel1_IRQHandler                 0x0800015f   Thumb Code     0  startup_stm32f10x_hd.o(.text)
    DMA1_Channel2_IRQHandler                 0x0800015f   Thumb Code     0  startup_stm32f10x_hd.o(.text)
    DMA1_Channel3_IRQHandler                 0x0800015f   Thumb Code     0  startup_stm32f10x_hd.o(.text)
    DMA1_Channel4_IRQHandler                 0x0800015f   Thumb Code     0  startup_stm32f10x_hd.o(.text)
    DMA1_Channel5_IRQHandler                 0x0800015f   Thumb Code     0  startup_stm32f10x_hd.o(.text)
    DMA1_Channel6_IRQHandler                 0x0800015f   Thumb Code     0  startup_stm32f10x_hd.o(.text)
    DMA1_Channel7_IRQHandler                 0x0800015f   Thumb Code     0  startup_stm32f10x_hd.o(.text)
    DMA2_Channel1_IRQHandler                 0x0800015f   Thumb Code     0  startup_stm32f10x_hd.o(.text)
    DMA2_Channel2_IRQHandler                 0x0800015f   Thumb Code     0  startup_stm32f10x_hd.o(.text)
    DMA2_Channel3_IRQHandler                 0x0800015f   Thumb Code     0  startup_stm32f10x_hd.o(.text)
    DMA2_Channel4_5_IRQHandler               0x0800015f   Thumb Code     0  startup_stm32f10x_hd.o(.text)
    EXTI0_IRQHandler                         0x0800015f   Thumb Code     0  startup_stm32f10x_hd.o(.text)
    EXTI15_10_IRQHandler                     0x0800015f   Thumb Code     0  startup_stm32f10x_hd.o(.text)
    EXTI1_IRQHandler                         0x0800015f   Thumb Code     0  startup_stm32f10x_hd.o(.text)
    EXTI2_IRQHandler                         0x0800015f   Thumb Code     0  startup_stm32f10x_hd.o(.text)
    EXTI3_IRQHandler                         0x0800015f   Thumb Code     0  startup_stm32f10x_hd.o(.text)
    EXTI4_IRQHandler                         0x0800015f   Thumb Code     0  startup_stm32f10x_hd.o(.text)
    EXTI9_5_IRQHandler                       0x0800015f   Thumb Code     0  startup_stm32f10x_hd.o(.text)
    FLASH_IRQHandler                         0x0800015f   Thumb Code     0  startup_stm32f10x_hd.o(.text)
    FSMC_IRQHandler                          0x0800015f   Thumb Code     0  startup_stm32f10x_hd.o(.text)
    I2C1_ER_IRQHandler                       0x0800015f   Thumb Code     0  startup_stm32f10x_hd.o(.text)
    I2C1_EV_IRQHandler                       0x0800015f   Thumb Code     0  startup_stm32f10x_hd.o(.text)
    I2C2_ER_IRQHandler                       0x0800015f   Thumb Code     0  startup_stm32f10x_hd.o(.text)
    I2C2_EV_IRQHandler                       0x0800015f   Thumb Code     0  startup_stm32f10x_hd.o(.text)
    PVD_IRQHandler                           0x0800015f   Thumb Code     0  startup_stm32f10x_hd.o(.text)
    RCC_IRQHandler                           0x0800015f   Thumb Code     0  startup_stm32f10x_hd.o(.text)
    RTCAlarm_IRQHandler                      0x0800015f   Thumb Code     0  startup_stm32f10x_hd.o(.text)
    RTC_IRQHandler                           0x0800015f   Thumb Code     0  startup_stm32f10x_hd.o(.text)
    SDIO_IRQHandler                          0x0800015f   Thumb Code     0  startup_stm32f10x_hd.o(.text)
    SPI1_IRQHandler                          0x0800015f   Thumb Code     0  startup_stm32f10x_hd.o(.text)
    SPI2_IRQHandler                          0x0800015f   Thumb Code     0  startup_stm32f10x_hd.o(.text)
    SPI3_IRQHandler                          0x0800015f   Thumb Code     0  startup_stm32f10x_hd.o(.text)
    TAMPER_IRQHandler                        0x0800015f   Thumb Code     0  startup_stm32f10x_hd.o(.text)
    TIM1_BRK_IRQHandler                      0x0800015f   Thumb Code     0  startup_stm32f10x_hd.o(.text)
    TIM1_CC_IRQHandler                       0x0800015f   Thumb Code     0  startup_stm32f10x_hd.o(.text)
    TIM1_TRG_COM_IRQHandler                  0x0800015f   Thumb Code     0  startup_stm32f10x_hd.o(.text)
    TIM1_UP_IRQHandler                       0x0800015f   Thumb Code     0  startup_stm32f10x_hd.o(.text)
    TIM2_IRQHandler                          0x0800015f   Thumb Code     0  startup_stm32f10x_hd.o(.text)
    TIM3_IRQHandler                          0x0800015f   Thumb Code     0  startup_stm32f10x_hd.o(.text)
    TIM4_IRQHandler                          0x0800015f   Thumb Code     0  startup_stm32f10x_hd.o(.text)
    TIM5_IRQHandler                          0x0800015f   Thumb Code     0  startup_stm32f10x_hd.o(.text)
    TIM8_BRK_IRQHandler                      0x0800015f   Thumb Code     0  startup_stm32f10x_hd.o(.text)
    TIM8_CC_IRQHandler                       0x0800015f   Thumb Code     0  startup_stm32f10x_hd.o(.text)
    TIM8_TRG_COM_IRQHandler                  0x0800015f   Thumb Code     0  startup_stm32f10x_hd.o(.text)
    TIM8_UP_IRQHandler                       0x0800015f   Thumb Code     0  startup_stm32f10x_hd.o(.text)
    UART5_IRQHandler                         0x0800015f   Thumb Code     0  startup_stm32f10x_hd.o(.text)
    USART1_IRQHandler                        0x0800015f   Thumb Code     0  startup_stm32f10x_hd.o(.text)
    USART2_IRQHandler                        0x0800015f   Thumb Code     0  startup_stm32f10x_hd.o(.text)
    USART3_IRQHandler                        0x0800015f   Thumb Code     0  startup_stm32f10x_hd.o(.text)
    USBWakeUp_IRQHandler                     0x0800015f   Thumb Code     0  startup_stm32f10x_hd.o(.text)
    USB_HP_CAN1_TX_IRQHandler                0x0800015f   Thumb Code     0  startup_stm32f10x_hd.o(.text)
    USB_LP_CAN1_RX0_IRQHandler               0x0800015f   Thumb Code     0  startup_stm32f10x_hd.o(.text)
    WWDG_IRQHandler                          0x0800015f   Thumb Code     0  startup_stm32f10x_hd.o(.text)
    __aeabi_memset                           0x08000169   Thumb Code    14  memseta.o(.text)
    __aeabi_memset4                          0x08000169   Thumb Code     0  memseta.o(.text)
    __aeabi_memset8                          0x08000169   Thumb Code     0  memseta.o(.text)
    __aeabi_memclr                           0x08000177   Thumb Code     4  memseta.o(.text)
    __aeabi_memclr4                          0x08000177   Thumb Code     0  memseta.o(.text)
    __aeabi_memclr8                          0x08000177   Thumb Code     0  memseta.o(.text)
    _memset$wrapper                          0x0800017b   Thumb Code    18  memseta.o(.text)
    __aeabi_fadd                             0x0800018d   Thumb Code   164  fadd.o(.text)
    __aeabi_fsub                             0x08000231   Thumb Code     6  fadd.o(.text)
    __aeabi_frsub                            0x08000237   Thumb Code     6  fadd.o(.text)
    __aeabi_fmul                             0x0800023d   Thumb Code   100  fmul.o(.text)
    __aeabi_fdiv                             0x080002a1   Thumb Code   124  fdiv.o(.text)
    __aeabi_dadd                             0x0800031d   Thumb Code   322  dadd.o(.text)
    __aeabi_dsub                             0x0800045f   Thumb Code     6  dadd.o(.text)
    __aeabi_drsub                            0x08000465   Thumb Code     6  dadd.o(.text)
    __aeabi_dmul                             0x0800046b   Thumb Code   228  dmul.o(.text)
    __aeabi_i2f                              0x0800054f   Thumb Code    18  fflti.o(.text)
    __aeabi_ui2f                             0x08000561   Thumb Code    10  ffltui.o(.text)
    __aeabi_f2iz                             0x0800056b   Thumb Code    50  ffixi.o(.text)
    __aeabi_f2d                              0x0800059d   Thumb Code    38  f2d.o(.text)
    __aeabi_d2f                              0x080005c3   Thumb Code    56  d2f.o(.text)
    __aeabi_cfcmpeq                          0x080005fd   Thumb Code     0  cfcmple.o(.text)
    __aeabi_cfcmple                          0x080005fd   Thumb Code    20  cfcmple.o(.text)
    __aeabi_cfrcmple                         0x08000611   Thumb Code    20  cfrcmple.o(.text)
    __aeabi_uidiv                            0x08000625   Thumb Code     0  uidiv.o(.text)
    __aeabi_uidivmod                         0x08000625   Thumb Code    44  uidiv.o(.text)
    __aeabi_uldivmod                         0x08000651   Thumb Code    98  uldiv.o(.text)
    __aeabi_llsl                             0x080006b3   Thumb Code    30  llshl.o(.text)
    _ll_shift_l                              0x080006b3   Thumb Code     0  llshl.o(.text)
    __aeabi_lasr                             0x080006d1   Thumb Code    36  llsshr.o(.text)
    _ll_sshift_r                             0x080006d1   Thumb Code     0  llsshr.o(.text)
    __I$use$fp                               0x080006f5   Thumb Code     0  iusefp.o(.text)
    _float_round                             0x080006f5   Thumb Code    18  fepilogue.o(.text)
    _float_epilogue                          0x08000707   Thumb Code    92  fepilogue.o(.text)
    _double_round                            0x08000763   Thumb Code    30  depilogue.o(.text)
    _double_epilogue                         0x08000781   Thumb Code   156  depilogue.o(.text)
    __aeabi_ddiv                             0x0800081d   Thumb Code   222  ddiv.o(.text)
    __ARM_scalbn                             0x080008fb   Thumb Code    46  dscalb.o(.text)
    scalbn                                   0x080008fb   Thumb Code     0  dscalb.o(.text)
    __aeabi_d2ulz                            0x08000929   Thumb Code    48  dfixul.o(.text)
    __aeabi_cdrcmple                         0x08000959   Thumb Code    48  cdrcmple.o(.text)
    __scatterload                            0x08000989   Thumb Code    28  init.o(.text)
    __scatterload_rt2                        0x08000989   Thumb Code     0  init.o(.text)
    __aeabi_llsr                             0x080009ad   Thumb Code    32  llushr.o(.text)
    _ll_ushift_r                             0x080009ad   Thumb Code     0  llushr.o(.text)
    _dsqrt                                   0x080009cd   Thumb Code   162  dsqrt.o(.text)
    __decompress                             0x08000a6f   Thumb Code     0  __dczerorl2.o(.text)
    __decompress1                            0x08000a6f   Thumb Code    86  __dczerorl2.o(.text)
    ALL_Init                                 0x08000ac5   Thumb Code    90  init.o(i.ALL_Init)
    Back_Mode                                0x08000b25   Thumb Code   246  control.o(i.Back_Mode)
    BusFault_Handler                         0x08000c59   Thumb Code     4  stm32f10x_it.o(i.BusFault_Handler)
    Catch_All                                0x08000c5d   Thumb Code   440  control.o(i.Catch_All)
    Catch_Mode                               0x08000e59   Thumb Code   388  control.o(i.Catch_Mode)
    Catch_Mode_St                            0x08000fe5   Thumb Code   508  control.o(i.Catch_Mode_St)
    Catch_Sthing                             0x080011e9   Thumb Code   198  control.o(i.Catch_Sthing)
    Control_Mode                             0x080012cd   Thumb Code  1652  control.o(i.Control_Mode)
    Control_Moto                             0x080019c9   Thumb Code    68  control.o(i.Control_Moto)
    DOWN                                     0x08001a1d   Thumb Code   188  step_diver.o(i.DOWN)
    DebugMon_Handler                         0x08001af1   Thumb Code     2  stm32f10x_it.o(i.DebugMon_Handler)
    Delay_ms                                 0x08001af3   Thumb Code    24  delay.o(i.Delay_ms)
    Delay_us                                 0x08001b0b   Thumb Code    46  delay.o(i.Delay_us)
    Encoder_Init                             0x08001b39   Thumb Code    20  encoder.o(i.Encoder_Init)
    Forward_Mode                             0x08001b4d   Thumb Code   238  control.o(i.Forward_Mode)
    Forward_Mode_Low                         0x08001c79   Thumb Code   238  control.o(i.Forward_Mode_Low)
    GPIO_Init                                0x08001da5   Thumb Code   278  stm32f10x_gpio.o(i.GPIO_Init)
    GPIO_PinRemapConfig                      0x08001ebd   Thumb Code   138  stm32f10x_gpio.o(i.GPIO_PinRemapConfig)
    GPIO_ResetBits                           0x08001f4d   Thumb Code     4  stm32f10x_gpio.o(i.GPIO_ResetBits)
    GPIO_SetBits                             0x08001f51   Thumb Code     4  stm32f10x_gpio.o(i.GPIO_SetBits)
    GPIO_WriteBit                            0x08001f55   Thumb Code    10  stm32f10x_gpio.o(i.GPIO_WriteBit)
    GetAngle                                 0x08001f61   Thumb Code  1812  mpu6050.o(i.GetAngle)
    Get_Speed                                0x08002685   Thumb Code    60  encoder.o(i.Get_Speed)
    HardFault_Handler                        0x080026d1   Thumb Code     4  stm32f10x_it.o(i.HardFault_Handler)
    I2c_delay                                0x08002929   Thumb Code    28  iic.o(i.I2c_delay)
    IIC_Init                                 0x08002945   Thumb Code    40  iic.o(i.IIC_Init)
    IIC_Read_One_Byte                        0x08002971   Thumb Code   100  iic.o(i.IIC_Read_One_Byte)
    IIC_Write_One_Byte                       0x080029d5   Thumb Code    68  iic.o(i.IIC_Write_One_Byte)
    IIC_read_Bytes                           0x08002a19   Thumb Code   128  iic.o(i.IIC_read_Bytes)
    Kalman_Filter                            0x08002a99   Thumb Code    96  filter.o(i.Kalman_Filter)
    Kalman_Init                              0x08002af9   Thumb Code   146  filter.o(i.Kalman_Init)
    Location_Mode                            0x08002bad   Thumb Code   324  control.o(i.Location_Mode)
    Location_Mode_Place                      0x08002d41   Thumb Code   324  control.o(i.Location_Mode_Place)
    MemManage_Handler                        0x08002ed5   Thumb Code     4  stm32f10x_it.o(i.MemManage_Handler)
    Micorstep_Driver_Init                    0x08002ed9   Thumb Code   168  step_diver.o(i.Micorstep_Driver_Init)
    Micorstep_Enable                         0x08002f8d   Thumb Code     8  step_diver.o(i.Micorstep_Enable)
    Motor_Init                               0x08002f99   Thumb Code   154  motor.o(i.Motor_Init)
    Motor_left_back_wheel_SetSpeed           0x08003041   Thumb Code    58  motor.o(i.Motor_left_back_wheel_SetSpeed)
    Motor_left_front_wheel_SetSpeed          0x08003081   Thumb Code    58  motor.o(i.Motor_left_front_wheel_SetSpeed)
    Motor_right_back_wheel_SetSpeed          0x080030c1   Thumb Code    66  motor.o(i.Motor_right_back_wheel_SetSpeed)
    Motor_right_front_wheel_SetSpeed         0x08003109   Thumb Code    66  motor.o(i.Motor_right_front_wheel_SetSpeed)
    MpuGetData                               0x08003151   Thumb Code   220  mpu6050.o(i.MpuGetData)
    MpuGetOffset                             0x08003245   Thumb Code   284  mpu6050.o(i.MpuGetOffset)
    MpuInit                                  0x0800336d   Thumb Code   120  mpu6050.o(i.MpuInit)
    NMI_Handler                              0x080033e5   Thumb Code     2  stm32f10x_it.o(i.NMI_Handler)
    NVIC_Init                                0x08003419   Thumb Code   100  misc.o(i.NVIC_Init)
    NVIC_PriorityGroupConfig                 0x08003489   Thumb Code    10  misc.o(i.NVIC_PriorityGroupConfig)
    OLED_Clear                               0x0800349d   Thumb Code    42  oled.o(i.OLED_Clear)
    OLED_I2C_Init                            0x080034c9   Thumb Code    72  oled.o(i.OLED_I2C_Init)
    OLED_I2C_SendByte                        0x08003515   Thumb Code    74  oled.o(i.OLED_I2C_SendByte)
    OLED_I2C_Start                           0x08003565   Thumb Code    44  oled.o(i.OLED_I2C_Start)
    OLED_I2C_Stop                            0x08003595   Thumb Code    34  oled.o(i.OLED_I2C_Stop)
    OLED_Init                                0x080035bd   Thumb Code   174  oled.o(i.OLED_Init)
    OLED_SetCursor                           0x0800366b   Thumb Code    34  oled.o(i.OLED_SetCursor)
    OLED_ShowChar_high                       0x0800368d   Thumb Code   210  oled.o(i.OLED_ShowChar_high)
    OLED_ShowString_high                     0x08003765   Thumb Code    40  oled.o(i.OLED_ShowString_high)
    OLED_WriteCommand                        0x0800378d   Thumb Code    32  oled.o(i.OLED_WriteCommand)
    OLED_WriteData                           0x080037ad   Thumb Code    32  oled.o(i.OLED_WriteData)
    PWM1_SetCompare2                         0x080037cd   Thumb Code    14  servo.o(i.PWM1_SetCompare2)
    PWM1_SetCompare3                         0x080037e1   Thumb Code    14  servo.o(i.PWM1_SetCompare3)
    PWM1_SetCompare4                         0x080037f5   Thumb Code    14  servo.o(i.PWM1_SetCompare4)
    PWM_Init                                 0x08003809   Thumb Code   206  pwm.o(i.PWM_Init)
    PWM_SetCompare1                          0x080038e1   Thumb Code    14  pwm.o(i.PWM_SetCompare1)
    PWM_SetCompare2                          0x080038f5   Thumb Code    14  pwm.o(i.PWM_SetCompare2)
    PWM_SetCompare3                          0x08003909   Thumb Code    14  pwm.o(i.PWM_SetCompare3)
    PWM_SetCompare4                          0x0800391d   Thumb Code    14  pwm.o(i.PWM_SetCompare4)
    PendSV_Handler                           0x08003931   Thumb Code     2  stm32f10x_it.o(i.PendSV_Handler)
    Pid_Control_Trans                        0x08003935   Thumb Code   256  control.o(i.Pid_Control_Trans)
    Place_ALL                                0x08003a3d   Thumb Code   510  control.o(i.Place_ALL)
    Place_Mode                               0x08003c8d   Thumb Code   522  control.o(i.Place_Mode)
    Place_Sthing                             0x08003ea9   Thumb Code   228  control.o(i.Place_Sthing)
    Q_rsqrt                                  0x08003fad   Thumb Code    74  mpu6050.o(i.Q_rsqrt)
    RCC_APB1PeriphClockCmd                   0x08003ffd   Thumb Code    26  stm32f10x_rcc.o(i.RCC_APB1PeriphClockCmd)
    RCC_APB2PeriphClockCmd                   0x0800401d   Thumb Code    26  stm32f10x_rcc.o(i.RCC_APB2PeriphClockCmd)
    RCC_GetClocksFreq                        0x0800403d   Thumb Code   192  stm32f10x_rcc.o(i.RCC_GetClocksFreq)
    Revolve_Mode                             0x08004111   Thumb Code   194  control.o(i.Revolve_Mode)
    Revolve_Mode_0                           0x08004209   Thumb Code   194  control.o(i.Revolve_Mode_0)
    Revolve_Mode_180                         0x08004301   Thumb Code   194  control.o(i.Revolve_Mode_180)
    Revolve_Mode_90                          0x080043f9   Thumb Code   194  control.o(i.Revolve_Mode_90)
    SVC_Handler                              0x080044f1   Thumb Code     2  stm32f10x_it.o(i.SVC_Handler)
    Serial4_Init                             0x080044f5   Thumb Code   178  serial.o(i.Serial4_Init)
    Serial4_SendArray                        0x080045b1   Thumb Code    26  serial.o(i.Serial4_SendArray)
    Serial4_SendByte                         0x080045cd   Thumb Code    28  serial.o(i.Serial4_SendByte)
    Serial4_SendPacket                       0x080045ed   Thumb Code    24  serial.o(i.Serial4_SendPacket)
    Serial5_SendByte                         0x08004609   Thumb Code    28  serial.o(i.Serial5_SendByte)
    Serial5_SendString                       0x08004629   Thumb Code    26  serial.o(i.Serial5_SendString)
    Serial_5_Init                            0x08004645   Thumb Code   182  serial.o(i.Serial_5_Init)
    Serial_SendEnd                           0x08004709   Thumb Code    20  hmi.o(i.Serial_SendEnd)
    Serial_SendHMI                           0x0800471d   Thumb Code    42  hmi.o(i.Serial_SendHMI)
    Servo_Init                               0x08004759   Thumb Code   216  servo.o(i.Servo_Init)
    Stop_Mode                                0x08004921   Thumb Code    28  control.o(i.Stop_Mode)
    SysTick_Handler                          0x0800493d   Thumb Code     2  stm32f10x_it.o(i.SysTick_Handler)
    SystemInit                               0x08004941   Thumb Code    78  system_stm32f10x.o(i.SystemInit)
    TIM6_IRQHandler                          0x08004be1   Thumb Code   138  main.o(i.TIM6_IRQHandler)
    TIM6_Init                                0x08004c85   Thumb Code   114  timer4.o(i.TIM6_Init)
    TIM7_IRQHandler                          0x08004cfd   Thumb Code   138  step_diver.o(i.TIM7_IRQHandler)
    TIM_ClearFlag                            0x08004da5   Thumb Code     6  stm32f10x_tim.o(i.TIM_ClearFlag)
    TIM_ClearITPendingBit                    0x08004dab   Thumb Code     6  stm32f10x_tim.o(i.TIM_ClearITPendingBit)
    TIM_Cmd                                  0x08004db1   Thumb Code    24  stm32f10x_tim.o(i.TIM_Cmd)
    TIM_CtrlPWMOutputs                       0x08004dc9   Thumb Code    30  stm32f10x_tim.o(i.TIM_CtrlPWMOutputs)
    TIM_EncoderInterfaceConfig               0x08004de7   Thumb Code    66  stm32f10x_tim.o(i.TIM_EncoderInterfaceConfig)
    TIM_GetCounter                           0x08004e29   Thumb Code     6  stm32f10x_tim.o(i.TIM_GetCounter)
    TIM_GetITStatus                          0x08004e2f   Thumb Code    34  stm32f10x_tim.o(i.TIM_GetITStatus)
    TIM_ICInit                               0x08004e51   Thumb Code   150  stm32f10x_tim.o(i.TIM_ICInit)
    TIM_ICStructInit                         0x08004efd   Thumb Code    18  stm32f10x_tim.o(i.TIM_ICStructInit)
    TIM_ITConfig                             0x08004f0f   Thumb Code    18  stm32f10x_tim.o(i.TIM_ITConfig)
    TIM_InternalClockConfig                  0x08004f21   Thumb Code    12  stm32f10x_tim.o(i.TIM_InternalClockConfig)
    TIM_OC1Init                              0x08004f2d   Thumb Code   132  stm32f10x_tim.o(i.TIM_OC1Init)
    TIM_OC1PreloadConfig                     0x08004fc5   Thumb Code    18  stm32f10x_tim.o(i.TIM_OC1PreloadConfig)
    TIM_OC2Init                              0x08004fd9   Thumb Code   154  stm32f10x_tim.o(i.TIM_OC2Init)
    TIM_OC2PreloadConfig                     0x0800507d   Thumb Code    26  stm32f10x_tim.o(i.TIM_OC2PreloadConfig)
    TIM_OC3Init                              0x08005099   Thumb Code   150  stm32f10x_tim.o(i.TIM_OC3Init)
    TIM_OC3PreloadConfig                     0x08005139   Thumb Code    18  stm32f10x_tim.o(i.TIM_OC3PreloadConfig)
    TIM_OC4Init                              0x0800514d   Thumb Code   114  stm32f10x_tim.o(i.TIM_OC4Init)
    TIM_OC4PreloadConfig                     0x080051c9   Thumb Code    26  stm32f10x_tim.o(i.TIM_OC4PreloadConfig)
    TIM_OCStructInit                         0x080051e3   Thumb Code    20  stm32f10x_tim.o(i.TIM_OCStructInit)
    TIM_SetCompare1                          0x080051f7   Thumb Code     4  stm32f10x_tim.o(i.TIM_SetCompare1)
    TIM_SetCompare2                          0x080051fb   Thumb Code     4  stm32f10x_tim.o(i.TIM_SetCompare2)
    TIM_SetCompare3                          0x080051ff   Thumb Code     4  stm32f10x_tim.o(i.TIM_SetCompare3)
    TIM_SetCompare4                          0x08005203   Thumb Code     6  stm32f10x_tim.o(i.TIM_SetCompare4)
    TIM_SetCounter                           0x08005209   Thumb Code     4  stm32f10x_tim.o(i.TIM_SetCounter)
    TIM_SetIC1Prescaler                      0x0800520d   Thumb Code    18  stm32f10x_tim.o(i.TIM_SetIC1Prescaler)
    TIM_SetIC2Prescaler                      0x0800521f   Thumb Code    26  stm32f10x_tim.o(i.TIM_SetIC2Prescaler)
    TIM_SetIC3Prescaler                      0x08005239   Thumb Code    18  stm32f10x_tim.o(i.TIM_SetIC3Prescaler)
    TIM_SetIC4Prescaler                      0x0800524b   Thumb Code    26  stm32f10x_tim.o(i.TIM_SetIC4Prescaler)
    TIM_TimeBaseInit                         0x08005265   Thumb Code   122  stm32f10x_tim.o(i.TIM_TimeBaseInit)
    Trans_Left_Mode                          0x08005309   Thumb Code   258  control.o(i.Trans_Left_Mode)
    Trans_Mode                               0x08005449   Thumb Code   246  control.o(i.Trans_Mode)
    Trans_Right_Mode                         0x0800557d   Thumb Code   256  control.o(i.Trans_Right_Mode)
    UART4_IRQHandler                         0x080056b9   Thumb Code   198  serial.o(i.UART4_IRQHandler)
    UP                                       0x080057b5   Thumb Code   188  step_diver.o(i.UP)
    USART_ClearITPendingBit                  0x08005889   Thumb Code    30  stm32f10x_usart.o(i.USART_ClearITPendingBit)
    USART_Cmd                                0x080058a7   Thumb Code    24  stm32f10x_usart.o(i.USART_Cmd)
    USART_GetFlagStatus                      0x080058bf   Thumb Code    26  stm32f10x_usart.o(i.USART_GetFlagStatus)
    USART_GetITStatus                        0x080058d9   Thumb Code    84  stm32f10x_usart.o(i.USART_GetITStatus)
    USART_ITConfig                           0x0800592d   Thumb Code    74  stm32f10x_usart.o(i.USART_ITConfig)
    USART_Init                               0x08005979   Thumb Code   210  stm32f10x_usart.o(i.USART_Init)
    USART_ReceiveData                        0x08005a51   Thumb Code    10  stm32f10x_usart.o(i.USART_ReceiveData)
    USART_SendData                           0x08005a5b   Thumb Code     8  stm32f10x_usart.o(i.USART_SendData)
    UsageFault_Handler                       0x08005a63   Thumb Code     4  stm32f10x_it.o(i.UsageFault_Handler)
    __0sprintf                               0x08005a69   Thumb Code    34  printfa.o(i.__0sprintf)
    __1sprintf                               0x08005a69   Thumb Code     0  printfa.o(i.__0sprintf)
    __2sprintf                               0x08005a69   Thumb Code     0  printfa.o(i.__0sprintf)
    __c89sprintf                             0x08005a69   Thumb Code     0  printfa.o(i.__0sprintf)
    sprintf                                  0x08005a69   Thumb Code     0  printfa.o(i.__0sprintf)
    __ARM_fpclassify                         0x08005a91   Thumb Code    40  fpclassify.o(i.__ARM_fpclassify)
    __kernel_poly                            0x08005ab9   Thumb Code   170  poly.o(i.__kernel_poly)
    __mathlib_dbl_infnan                     0x08005b63   Thumb Code     6  dunder.o(i.__mathlib_dbl_infnan)
    __mathlib_dbl_infnan2                    0x08005b69   Thumb Code     4  dunder.o(i.__mathlib_dbl_infnan2)
    __mathlib_dbl_invalid                    0x08005b6d   Thumb Code    12  dunder.o(i.__mathlib_dbl_invalid)
    __mathlib_dbl_underflow                  0x08005b79   Thumb Code    10  dunder.o(i.__mathlib_dbl_underflow)
    __scatterload_copy                       0x08005b89   Thumb Code    14  handlers.o(i.__scatterload_copy)
    __scatterload_null                       0x08005b97   Thumb Code     2  handlers.o(i.__scatterload_null)
    __scatterload_zeroinit                   0x08005b99   Thumb Code    14  handlers.o(i.__scatterload_zeroinit)
    __set_errno                              0x08005ba9   Thumb Code     6  errno.o(i.__set_errno)
    asin                                     0x08006471   Thumb Code   572  asin.o(i.asin)
    atan                                     0x080066e1   Thumb Code   474  atan.o(i.atan)
    atan2                                    0x08006901   Thumb Code   346  atan2.o(i.atan2)
    cloud_tai                                0x08006a81   Thumb Code   116  servo.o(i.cloud_tai)
    kalman_1                                 0x08006af9   Thumb Code    88  mpu6050.o(i.kalman_1)
    left_back_Encoder_Get                    0x08006b51   Thumb Code    22  encoder.o(i.left_back_Encoder_Get)
    left_back_Encoder_Init                   0x08006b6d   Thumb Code   150  encoder.o(i.left_back_Encoder_Init)
    left_front_Encoder_Get                   0x08006c0d   Thumb Code    22  encoder.o(i.left_front_Encoder_Get)
    left_front_Encoder_Init                  0x08006c29   Thumb Code   152  encoder.o(i.left_front_Encoder_Init)
    main                                     0x08006cc9   Thumb Code   382  main.o(i.main)
    pidRest                                  0x08006ea9   Thumb Code    44  pid.o(i.pidRest)
    pidUpdate                                0x08006ed5   Thumb Code   106  pid.o(i.pidUpdate)
    pid_Para_Init_Location                   0x08006f41   Thumb Code   126  init.o(i.pid_Para_Init_Location)
    right_back_Encoder_Get                   0x08007001   Thumb Code    24  encoder.o(i.right_back_Encoder_Get)
    right_back_Encoder_Init                  0x0800701d   Thumb Code   152  encoder.o(i.right_back_Encoder_Init)
    right_front_Encoder_Get                  0x080070bd   Thumb Code    26  encoder.o(i.right_front_Encoder_Get)
    right_front_Encoder_Init                 0x080070d9   Thumb Code   220  encoder.o(i.right_front_Encoder_Init)
    sqrt                                     0x080071c5   Thumb Code    76  sqrt.o(i.sqrt)
    OLED_F8x16                               0x08007210   Data        1520  oled.o(.constdata)
    OLED_F16x32                              0x08007800   Data        6080  oled.o(.constdata)
    M_PI                                     0x08008fc0   Data           4  mpu6050.o(.constdata)
    RtA                                      0x08008fc4   Data           4  mpu6050.o(.constdata)
    AtR                                      0x08008fc8   Data           4  mpu6050.o(.constdata)
    Gyro_G                                   0x08008fcc   Data           4  mpu6050.o(.constdata)
    Gyro_Gr                                  0x08008fd0   Data           4  mpu6050.o(.constdata)
    __mathlib_zero                           0x080090c0   Data           8  qnan.o(.constdata)
    Region$$Table$$Base                      0x080090c8   Number         0  anon$$obj.o(Region$$Table)
    Region$$Table$$Limit                     0x080090e8   Number         0  anon$$obj.o(Region$$Table)
    Grab_falg                                0x20000014   Data           4  servo.o(.data)
    claw_poriect_free                        0x20000018   Data           4  servo.o(.data)
    Serial_TxPacket                          0x20000024   Data          10  serial.o(.data)
    Serial_RxFlag                            0x2000002e   Data           1  serial.o(.data)
    LX                                       0x20000030   Data           4  serial.o(.data)
    LY                                       0x20000034   Data           4  serial.o(.data)
    Angle_Yaw                                0x20000038   Data           4  serial.o(.data)
    Write_Flag                               0x2000003c   Data           1  serial.o(.data)
    Serial_Yaw                               0x2000003d   Data           1  serial.o(.data)
    Yellow_Flag                              0x2000003e   Data           1  serial.o(.data)
    QFlag                                    0x2000003f   Data           1  serial.o(.data)
    Last_Yaw                                 0x20000040   Data           4  serial.o(.data)
    F_L_Speed                                0x20000048   Data           4  encoder.o(.data)
    F_R_Speed                                0x2000004c   Data           4  encoder.o(.data)
    B_L_Speed                                0x20000050   Data           4  encoder.o(.data)
    B_R_Speed                                0x20000054   Data           4  encoder.o(.data)
    PUL_state                                0x20000058   Data           1  step_diver.o(.data)
    turn                                     0x20000059   Data           1  step_diver.o(.data)
    Micorstep                                0x2000005a   Data           1  step_diver.o(.data)
    Tim                                      0x2000005c   Data           4  step_diver.o(.data)
    Number_Of_Turns                          0x20000060   Data           4  step_diver.o(.data)
    QrCode                                   0x20000064   Data           1  main.o(.data)
    NumQ                                     0x20000070   Data          16  mpu6050.o(.data)
    Mode_Flag                                0x200000d0   Data           1  control.o(.data)
    Work_Mode                                0x200000d1   Data           1  control.o(.data)
    Timer                                    0x200000d4   Data           4  control.o(.data)
    Stop_Flag                                0x200000d8   Data           1  control.o(.data)
    Location_Flag                            0x200000d9   Data           1  control.o(.data)
    Trans_Flag                               0x200000dc   Data           4  control.o(.data)
    Tran_Flag                                0x200000e0   Data           1  control.o(.data)
    Start_Flag                               0x200000e1   Data           1  control.o(.data)
    Adjust_Timer                             0x200000e4   Data           4  control.o(.data)
    Catch_Flag                               0x200000e8   Data           1  control.o(.data)
    Red_Cirtle_Flag                          0x200000e9   Data           1  control.o(.data)
    Place_Red_Flag                           0x200000ea   Data           1  control.o(.data)
    Place_Blue_Flag                          0x200000eb   Data           1  control.o(.data)
    Place_Red                                0x200000ec   Data           1  control.o(.data)
    Place_Blue                               0x200000ed   Data           1  control.o(.data)
    Place_Green                              0x200000ee   Data           1  control.o(.data)
    Revolve_Time                             0x200000ef   Data           1  control.o(.data)
    u                                        0x200000f0   Data           1  control.o(.data)
    Red_Place_Over                           0x200000f1   Data           1  control.o(.data)
    Blue_Place_Over                          0x200000f2   Data           1  control.o(.data)
    Green_Place_Over                         0x200000f3   Data           1  control.o(.data)
    Find1                                    0x200000f4   Data           1  control.o(.data)
    Find2                                    0x200000f5   Data           1  control.o(.data)
    Find3                                    0x200000f6   Data           1  control.o(.data)
    Catch1                                   0x200000f7   Data           1  control.o(.data)
    Catch2                                   0x200000f8   Data           1  control.o(.data)
    Catch3                                   0x200000f9   Data           1  control.o(.data)
    Search_Flag                              0x200000fa   Data           1  control.o(.data)
    Place_Over_Red                           0x200000fb   Data           1  control.o(.data)
    Place_Over_Blue                          0x200000fc   Data           1  control.o(.data)
    Place_Over_Green                         0x200000fd   Data           1  control.o(.data)
    Catch_Over_Red                           0x200000fe   Data           1  control.o(.data)
    Catch_Over_Blue                          0x200000ff   Data           1  control.o(.data)
    Catch_Over_Green                         0x20000100   Data           1  control.o(.data)
    Catch_Red                                0x20000101   Data           1  control.o(.data)
    Catch_Green                              0x20000102   Data           1  control.o(.data)
    Catch_Blue                               0x20000103   Data           1  control.o(.data)
    P_1                                      0x20000104   Data           1  control.o(.data)
    P_2                                      0x20000105   Data           1  control.o(.data)
    P_3                                      0x20000106   Data           1  control.o(.data)
    C_1                                      0x20000107   Data           1  control.o(.data)
    C_2                                      0x20000108   Data           1  control.o(.data)
    C_3                                      0x20000109   Data           1  control.o(.data)
    ALL_Place                                0x2000010a   Data           1  control.o(.data)
    Catch_11                                 0x2000010b   Data           1  control.o(.data)
    Catch_12                                 0x2000010c   Data           1  control.o(.data)
    Catch_13                                 0x2000010d   Data           1  control.o(.data)
    Search_Flag2                             0x2000010e   Data           1  control.o(.data)
    Find2_1                                  0x2000010f   Data           1  control.o(.data)
    Find2_2                                  0x20000110   Data           1  control.o(.data)
    Find2_3                                  0x20000111   Data           1  control.o(.data)
    Catch2_1                                 0x20000112   Data           1  control.o(.data)
    Catch2_2                                 0x20000113   Data           1  control.o(.data)
    Catch2_3                                 0x20000114   Data           1  control.o(.data)
    pPidObject                               0x20000118   Data          32  control.o(.data)
    Serial_RxPacket                          0x20000140   Data          10  serial.o(.bss)
    Serial5_RxPacket                         0x2000014a   Data          10  serial.o(.bss)
    msg                                      0x20000154   Data         100  main.o(.bss)
    MPU6050                                  0x200001b8   Data          12  mpu6050.o(.bss)
    Angle                                    0x200001c4   Data          12  mpu6050.o(.bss)
    MpuOffset                                0x200001d0   Data          12  mpu6050.o(.bss)
    GyroIntegError                           0x200001dc   Data          12  mpu6050.o(.bss)
    PID_FOR_L                                0x200001f4   Data          52  init.o(.bss)
    PID_FOR_R                                0x20000228   Data          52  init.o(.bss)
    PID_BAC_L                                0x2000025c   Data          52  init.o(.bss)
    PID_BAC_R                                0x20000290   Data          52  init.o(.bss)
    pidYaw                                   0x200002c4   Data          52  init.o(.bss)
    pidRateZ                                 0x200002f8   Data          52  init.o(.bss)
    pidLX                                    0x2000032c   Data          52  init.o(.bss)
    pidLY                                    0x20000360   Data          52  init.o(.bss)
    KF_X                                     0x20000394   Data          24  filter.o(.bss)
    KF_Y                                     0x200003ac   Data          24  filter.o(.bss)
    KF_FL                                    0x200003c4   Data          24  filter.o(.bss)
    KF_FR                                    0x200003dc   Data          24  filter.o(.bss)
    KF_BL                                    0x200003f4   Data          24  filter.o(.bss)
    KF_BR                                    0x2000040c   Data          24  filter.o(.bss)
    KF_Angle                                 0x20000424   Data          24  filter.o(.bss)
    __initial_sp                             0x20000840   Data           0  startup_stm32f10x_hd.o(STACK)



==============================================================================

Memory Map of the image

  Image Entry point : 0x08000131

  Load Region LR_IROM1 (Base: 0x08000000, Size: 0x00009228, Max: 0x00040000, ABSOLUTE, COMPRESSED[0x00009154])

    Execution Region ER_IROM1 (Exec base: 0x08000000, Load base: 0x08000000, Size: 0x000090e8, Max: 0x00040000, ABSOLUTE)

    Exec Addr    Load Addr    Size         Type   Attr      Idx    E Section Name        Object

    0x08000000   0x08000000   0x00000130   Data   RO          132    RESET               startup_stm32f10x_hd.o
    0x08000130   0x08000130   0x00000000   Code   RO         4361  * .ARM.Collect$$$$00000000  mc_w.l(entry.o)
    0x08000130   0x08000130   0x00000004   Code   RO         4688    .ARM.Collect$$$$00000001  mc_w.l(entry2.o)
    0x08000134   0x08000134   0x00000004   Code   RO         4691    .ARM.Collect$$$$00000004  mc_w.l(entry5.o)
    0x08000138   0x08000138   0x00000000   Code   RO         4693    .ARM.Collect$$$$00000008  mc_w.l(entry7b.o)
    0x08000138   0x08000138   0x00000000   Code   RO         4695    .ARM.Collect$$$$0000000A  mc_w.l(entry8b.o)
    0x08000138   0x08000138   0x00000008   Code   RO         4696    .ARM.Collect$$$$0000000B  mc_w.l(entry9a.o)
    0x08000140   0x08000140   0x00000000   Code   RO         4698    .ARM.Collect$$$$0000000D  mc_w.l(entry10a.o)
    0x08000140   0x08000140   0x00000000   Code   RO         4700    .ARM.Collect$$$$0000000F  mc_w.l(entry11a.o)
    0x08000140   0x08000140   0x00000004   Code   RO         4689    .ARM.Collect$$$$00002712  mc_w.l(entry2.o)
    0x08000144   0x08000144   0x00000024   Code   RO          133    .text               startup_stm32f10x_hd.o
    0x08000168   0x08000168   0x00000024   Code   RO         4364    .text               mc_w.l(memseta.o)
    0x0800018c   0x0800018c   0x000000b0   Code   RO         4627    .text               mf_w.l(fadd.o)
    0x0800023c   0x0800023c   0x00000064   Code   RO         4629    .text               mf_w.l(fmul.o)
    0x080002a0   0x080002a0   0x0000007c   Code   RO         4631    .text               mf_w.l(fdiv.o)
    0x0800031c   0x0800031c   0x0000014e   Code   RO         4633    .text               mf_w.l(dadd.o)
    0x0800046a   0x0800046a   0x000000e4   Code   RO         4635    .text               mf_w.l(dmul.o)
    0x0800054e   0x0800054e   0x00000012   Code   RO         4637    .text               mf_w.l(fflti.o)
    0x08000560   0x08000560   0x0000000a   Code   RO         4639    .text               mf_w.l(ffltui.o)
    0x0800056a   0x0800056a   0x00000032   Code   RO         4641    .text               mf_w.l(ffixi.o)
    0x0800059c   0x0800059c   0x00000026   Code   RO         4643    .text               mf_w.l(f2d.o)
    0x080005c2   0x080005c2   0x00000038   Code   RO         4645    .text               mf_w.l(d2f.o)
    0x080005fa   0x080005fa   0x00000002   PAD
    0x080005fc   0x080005fc   0x00000014   Code   RO         4647    .text               mf_w.l(cfcmple.o)
    0x08000610   0x08000610   0x00000014   Code   RO         4649    .text               mf_w.l(cfrcmple.o)
    0x08000624   0x08000624   0x0000002c   Code   RO         4703    .text               mc_w.l(uidiv.o)
    0x08000650   0x08000650   0x00000062   Code   RO         4705    .text               mc_w.l(uldiv.o)
    0x080006b2   0x080006b2   0x0000001e   Code   RO         4707    .text               mc_w.l(llshl.o)
    0x080006d0   0x080006d0   0x00000024   Code   RO         4709    .text               mc_w.l(llsshr.o)
    0x080006f4   0x080006f4   0x00000000   Code   RO         4718    .text               mc_w.l(iusefp.o)
    0x080006f4   0x080006f4   0x0000006e   Code   RO         4719    .text               mf_w.l(fepilogue.o)
    0x08000762   0x08000762   0x000000ba   Code   RO         4721    .text               mf_w.l(depilogue.o)
    0x0800081c   0x0800081c   0x000000de   Code   RO         4723    .text               mf_w.l(ddiv.o)
    0x080008fa   0x080008fa   0x0000002e   Code   RO         4725    .text               mf_w.l(dscalb.o)
    0x08000928   0x08000928   0x00000030   Code   RO         4727    .text               mf_w.l(dfixul.o)
    0x08000958   0x08000958   0x00000030   Code   RO         4729    .text               mf_w.l(cdrcmple.o)
    0x08000988   0x08000988   0x00000024   Code   RO         4731    .text               mc_w.l(init.o)
    0x080009ac   0x080009ac   0x00000020   Code   RO         4733    .text               mc_w.l(llushr.o)
    0x080009cc   0x080009cc   0x000000a2   Code   RO         4735    .text               mf_w.l(dsqrt.o)
    0x08000a6e   0x08000a6e   0x00000056   Code   RO         4747    .text               mc_w.l(__dczerorl2.o)
    0x08000ac4   0x08000ac4   0x00000060   Code   RO         4128    i.ALL_Init          init.o
    0x08000b24   0x08000b24   0x00000134   Code   RO         4157    i.Back_Mode         control.o
    0x08000c58   0x08000c58   0x00000004   Code   RO         4008    i.BusFault_Handler  stm32f10x_it.o
    0x08000c5c   0x08000c5c   0x000001fc   Code   RO         4158    i.Catch_All         control.o
    0x08000e58   0x08000e58   0x0000018c   Code   RO         4159    i.Catch_Mode        control.o
    0x08000fe4   0x08000fe4   0x00000204   Code   RO         4160    i.Catch_Mode_St     control.o
    0x080011e8   0x080011e8   0x000000e4   Code   RO         4161    i.Catch_Sthing      control.o
    0x080012cc   0x080012cc   0x000006fc   Code   RO         4162    i.Control_Mode      control.o
    0x080019c8   0x080019c8   0x00000054   Code   RO         4163    i.Control_Moto      control.o
    0x08001a1c   0x08001a1c   0x000000d4   Code   RO         3699    i.DOWN              step_diver.o
    0x08001af0   0x08001af0   0x00000002   Code   RO         4009    i.DebugMon_Handler  stm32f10x_it.o
    0x08001af2   0x08001af2   0x00000018   Code   RO         3196    i.Delay_ms          delay.o
    0x08001b0a   0x08001b0a   0x0000002e   Code   RO         3198    i.Delay_us          delay.o
    0x08001b38   0x08001b38   0x00000014   Code   RO         3437    i.Encoder_Init      encoder.o
    0x08001b4c   0x08001b4c   0x0000012c   Code   RO         4164    i.Forward_Mode      control.o
    0x08001c78   0x08001c78   0x0000012c   Code   RO         4165    i.Forward_Mode_Low  control.o
    0x08001da4   0x08001da4   0x00000116   Code   RO         1347    i.GPIO_Init         stm32f10x_gpio.o
    0x08001eba   0x08001eba   0x00000002   PAD
    0x08001ebc   0x08001ebc   0x00000090   Code   RO         1349    i.GPIO_PinRemapConfig  stm32f10x_gpio.o
    0x08001f4c   0x08001f4c   0x00000004   Code   RO         1354    i.GPIO_ResetBits    stm32f10x_gpio.o
    0x08001f50   0x08001f50   0x00000004   Code   RO         1355    i.GPIO_SetBits      stm32f10x_gpio.o
    0x08001f54   0x08001f54   0x0000000a   Code   RO         1358    i.GPIO_WriteBit     stm32f10x_gpio.o
    0x08001f5e   0x08001f5e   0x00000002   PAD
    0x08001f60   0x08001f60   0x00000724   Code   RO         4071    i.GetAngle          mpu6050.o
    0x08002684   0x08002684   0x0000004c   Code   RO         3438    i.Get_Speed         encoder.o
    0x080026d0   0x080026d0   0x00000004   Code   RO         4010    i.HardFault_Handler  stm32f10x_it.o
    0x080026d4   0x080026d4   0x00000048   Code   RO         3619    i.I2c_Ack           iic.o
    0x0800271c   0x0800271c   0x00000048   Code   RO         3620    i.I2c_NoAck         iic.o
    0x08002764   0x08002764   0x00000064   Code   RO         3621    i.I2c_ReadByte      iic.o
    0x080027c8   0x080027c8   0x00000064   Code   RO         3622    i.I2c_SendByte      iic.o
    0x0800282c   0x0800282c   0x00000060   Code   RO         3623    i.I2c_Start         iic.o
    0x0800288c   0x0800288c   0x00000040   Code   RO         3624    i.I2c_Stop          iic.o
    0x080028cc   0x080028cc   0x0000005c   Code   RO         3625    i.I2c_WaitAck       iic.o
    0x08002928   0x08002928   0x0000001c   Code   RO         3626    i.I2c_delay         iic.o
    0x08002944   0x08002944   0x0000002c   Code   RO         3627    i.IIC_Init          iic.o
    0x08002970   0x08002970   0x00000064   Code   RO         3628    i.IIC_Read_One_Byte  iic.o
    0x080029d4   0x080029d4   0x00000044   Code   RO         3630    i.IIC_Write_One_Byte  iic.o
    0x08002a18   0x08002a18   0x00000080   Code   RO         3631    i.IIC_read_Bytes    iic.o
    0x08002a98   0x08002a98   0x00000060   Code   RO         4315    i.Kalman_Filter     filter.o
    0x08002af8   0x08002af8   0x000000b4   Code   RO         4316    i.Kalman_Init       filter.o
    0x08002bac   0x08002bac   0x00000194   Code   RO         4166    i.Location_Mode     control.o
    0x08002d40   0x08002d40   0x00000194   Code   RO         4167    i.Location_Mode_Place  control.o
    0x08002ed4   0x08002ed4   0x00000004   Code   RO         4011    i.MemManage_Handler  stm32f10x_it.o
    0x08002ed8   0x08002ed8   0x000000b4   Code   RO         3700    i.Micorstep_Driver_Init  step_diver.o
    0x08002f8c   0x08002f8c   0x0000000c   Code   RO         3701    i.Micorstep_Enable  step_diver.o
    0x08002f98   0x08002f98   0x000000a8   Code   RO         3513    i.Motor_Init        motor.o
    0x08003040   0x08003040   0x00000040   Code   RO         3514    i.Motor_left_back_wheel_SetSpeed  motor.o
    0x08003080   0x08003080   0x00000040   Code   RO         3515    i.Motor_left_front_wheel_SetSpeed  motor.o
    0x080030c0   0x080030c0   0x00000048   Code   RO         3516    i.Motor_right_back_wheel_SetSpeed  motor.o
    0x08003108   0x08003108   0x00000048   Code   RO         3517    i.Motor_right_front_wheel_SetSpeed  motor.o
    0x08003150   0x08003150   0x000000f4   Code   RO         4072    i.MpuGetData        mpu6050.o
    0x08003244   0x08003244   0x00000128   Code   RO         4073    i.MpuGetOffset      mpu6050.o
    0x0800336c   0x0800336c   0x00000078   Code   RO         4074    i.MpuInit           mpu6050.o
    0x080033e4   0x080033e4   0x00000002   Code   RO         4012    i.NMI_Handler       stm32f10x_it.o
    0x080033e6   0x080033e6   0x00000002   PAD
    0x080033e8   0x080033e8   0x00000018   Code   RO         3702    i.NVIC_DisableIRQ   step_diver.o
    0x08003400   0x08003400   0x00000016   Code   RO         3703    i.NVIC_EnableIRQ    step_diver.o
    0x08003416   0x08003416   0x00000002   PAD
    0x08003418   0x08003418   0x00000070   Code   RO          137    i.NVIC_Init         misc.o
    0x08003488   0x08003488   0x00000014   Code   RO          138    i.NVIC_PriorityGroupConfig  misc.o
    0x0800349c   0x0800349c   0x0000002a   Code   RO         3755    i.OLED_Clear        oled.o
    0x080034c6   0x080034c6   0x00000002   PAD
    0x080034c8   0x080034c8   0x0000004c   Code   RO         3756    i.OLED_I2C_Init     oled.o
    0x08003514   0x08003514   0x00000050   Code   RO         3757    i.OLED_I2C_SendByte  oled.o
    0x08003564   0x08003564   0x00000030   Code   RO         3758    i.OLED_I2C_Start    oled.o
    0x08003594   0x08003594   0x00000028   Code   RO         3759    i.OLED_I2C_Stop     oled.o
    0x080035bc   0x080035bc   0x000000ae   Code   RO         3760    i.OLED_Init         oled.o
    0x0800366a   0x0800366a   0x00000022   Code   RO         3762    i.OLED_SetCursor    oled.o
    0x0800368c   0x0800368c   0x000000d8   Code   RO         3766    i.OLED_ShowChar_high  oled.o
    0x08003764   0x08003764   0x00000028   Code   RO         3776    i.OLED_ShowString_high  oled.o
    0x0800378c   0x0800378c   0x00000020   Code   RO         3777    i.OLED_WriteCommand  oled.o
    0x080037ac   0x080037ac   0x00000020   Code   RO         3778    i.OLED_WriteData    oled.o
    0x080037cc   0x080037cc   0x00000014   Code   RO         3259    i.PWM1_SetCompare2  servo.o
    0x080037e0   0x080037e0   0x00000014   Code   RO         3260    i.PWM1_SetCompare3  servo.o
    0x080037f4   0x080037f4   0x00000014   Code   RO         3261    i.PWM1_SetCompare4  servo.o
    0x08003808   0x08003808   0x000000d8   Code   RO         3583    i.PWM_Init          pwm.o
    0x080038e0   0x080038e0   0x00000014   Code   RO         3584    i.PWM_SetCompare1   pwm.o
    0x080038f4   0x080038f4   0x00000014   Code   RO         3585    i.PWM_SetCompare2   pwm.o
    0x08003908   0x08003908   0x00000014   Code   RO         3586    i.PWM_SetCompare3   pwm.o
    0x0800391c   0x0800391c   0x00000014   Code   RO         3587    i.PWM_SetCompare4   pwm.o
    0x08003930   0x08003930   0x00000002   Code   RO         4013    i.PendSV_Handler    stm32f10x_it.o
    0x08003932   0x08003932   0x00000002   PAD
    0x08003934   0x08003934   0x00000108   Code   RO         4168    i.Pid_Control_Trans  control.o
    0x08003a3c   0x08003a3c   0x00000250   Code   RO         4169    i.Place_ALL         control.o
    0x08003c8c   0x08003c8c   0x0000021c   Code   RO         4170    i.Place_Mode        control.o
    0x08003ea8   0x08003ea8   0x00000104   Code   RO         4171    i.Place_Sthing      control.o
    0x08003fac   0x08003fac   0x00000050   Code   RO         4075    i.Q_rsqrt           mpu6050.o
    0x08003ffc   0x08003ffc   0x00000020   Code   RO         1775    i.RCC_APB1PeriphClockCmd  stm32f10x_rcc.o
    0x0800401c   0x0800401c   0x00000020   Code   RO         1777    i.RCC_APB2PeriphClockCmd  stm32f10x_rcc.o
    0x0800403c   0x0800403c   0x000000d4   Code   RO         1785    i.RCC_GetClocksFreq  stm32f10x_rcc.o
    0x08004110   0x08004110   0x000000f8   Code   RO         4172    i.Revolve_Mode      control.o
    0x08004208   0x08004208   0x000000f8   Code   RO         4173    i.Revolve_Mode_0    control.o
    0x08004300   0x08004300   0x000000f8   Code   RO         4174    i.Revolve_Mode_180  control.o
    0x080043f8   0x080043f8   0x000000f8   Code   RO         4175    i.Revolve_Mode_90   control.o
    0x080044f0   0x080044f0   0x00000002   Code   RO         4014    i.SVC_Handler       stm32f10x_it.o
    0x080044f2   0x080044f2   0x00000002   PAD
    0x080044f4   0x080044f4   0x000000bc   Code   RO         3310    i.Serial4_Init      serial.o
    0x080045b0   0x080045b0   0x0000001a   Code   RO         3311    i.Serial4_SendArray  serial.o
    0x080045ca   0x080045ca   0x00000002   PAD
    0x080045cc   0x080045cc   0x00000020   Code   RO         3312    i.Serial4_SendByte  serial.o
    0x080045ec   0x080045ec   0x0000001c   Code   RO         3313    i.Serial4_SendPacket  serial.o
    0x08004608   0x08004608   0x00000020   Code   RO         3314    i.Serial5_SendByte  serial.o
    0x08004628   0x08004628   0x0000001a   Code   RO         3315    i.Serial5_SendString  serial.o
    0x08004642   0x08004642   0x00000002   PAD
    0x08004644   0x08004644   0x000000c4   Code   RO         3316    i.Serial_5_Init     serial.o
    0x08004708   0x08004708   0x00000014   Code   RO         3915    i.Serial_SendEnd    hmi.o
    0x0800471c   0x0800471c   0x0000003c   Code   RO         3916    i.Serial_SendHMI    hmi.o
    0x08004758   0x08004758   0x000000e0   Code   RO         3262    i.Servo_Init        servo.o
    0x08004838   0x08004838   0x00000008   Code   RO           17    i.SetSysClock       system_stm32f10x.o
    0x08004840   0x08004840   0x000000e0   Code   RO           18    i.SetSysClockTo72   system_stm32f10x.o
    0x08004920   0x08004920   0x0000001c   Code   RO         4176    i.Stop_Mode         control.o
    0x0800493c   0x0800493c   0x00000002   Code   RO         4015    i.SysTick_Handler   stm32f10x_it.o
    0x0800493e   0x0800493e   0x00000002   PAD
    0x08004940   0x08004940   0x00000060   Code   RO           20    i.SystemInit        system_stm32f10x.o
    0x080049a0   0x080049a0   0x00000080   Code   RO         2405    i.TI1_Config        stm32f10x_tim.o
    0x08004a20   0x08004a20   0x00000098   Code   RO         2406    i.TI2_Config        stm32f10x_tim.o
    0x08004ab8   0x08004ab8   0x00000090   Code   RO         2407    i.TI3_Config        stm32f10x_tim.o
    0x08004b48   0x08004b48   0x00000098   Code   RO         2408    i.TI4_Config        stm32f10x_tim.o
    0x08004be0   0x08004be0   0x000000a4   Code   RO         3943    i.TIM6_IRQHandler   main.o
    0x08004c84   0x08004c84   0x00000078   Code   RO         3220    i.TIM6_Init         timer4.o
    0x08004cfc   0x08004cfc   0x000000a8   Code   RO         3704    i.TIM7_IRQHandler   step_diver.o
    0x08004da4   0x08004da4   0x00000006   Code   RO         2415    i.TIM_ClearFlag     stm32f10x_tim.o
    0x08004daa   0x08004daa   0x00000006   Code   RO         2416    i.TIM_ClearITPendingBit  stm32f10x_tim.o
    0x08004db0   0x08004db0   0x00000018   Code   RO         2421    i.TIM_Cmd           stm32f10x_tim.o
    0x08004dc8   0x08004dc8   0x0000001e   Code   RO         2423    i.TIM_CtrlPWMOutputs  stm32f10x_tim.o
    0x08004de6   0x08004de6   0x00000042   Code   RO         2430    i.TIM_EncoderInterfaceConfig  stm32f10x_tim.o
    0x08004e28   0x08004e28   0x00000006   Code   RO         2440    i.TIM_GetCounter    stm32f10x_tim.o
    0x08004e2e   0x08004e2e   0x00000022   Code   RO         2442    i.TIM_GetITStatus   stm32f10x_tim.o
    0x08004e50   0x08004e50   0x000000ac   Code   RO         2444    i.TIM_ICInit        stm32f10x_tim.o
    0x08004efc   0x08004efc   0x00000012   Code   RO         2445    i.TIM_ICStructInit  stm32f10x_tim.o
    0x08004f0e   0x08004f0e   0x00000012   Code   RO         2446    i.TIM_ITConfig      stm32f10x_tim.o
    0x08004f20   0x08004f20   0x0000000c   Code   RO         2448    i.TIM_InternalClockConfig  stm32f10x_tim.o
    0x08004f2c   0x08004f2c   0x00000098   Code   RO         2450    i.TIM_OC1Init       stm32f10x_tim.o
    0x08004fc4   0x08004fc4   0x00000012   Code   RO         2453    i.TIM_OC1PreloadConfig  stm32f10x_tim.o
    0x08004fd6   0x08004fd6   0x00000002   PAD
    0x08004fd8   0x08004fd8   0x000000a4   Code   RO         2455    i.TIM_OC2Init       stm32f10x_tim.o
    0x0800507c   0x0800507c   0x0000001a   Code   RO         2458    i.TIM_OC2PreloadConfig  stm32f10x_tim.o
    0x08005096   0x08005096   0x00000002   PAD
    0x08005098   0x08005098   0x000000a0   Code   RO         2460    i.TIM_OC3Init       stm32f10x_tim.o
    0x08005138   0x08005138   0x00000012   Code   RO         2463    i.TIM_OC3PreloadConfig  stm32f10x_tim.o
    0x0800514a   0x0800514a   0x00000002   PAD
    0x0800514c   0x0800514c   0x0000007c   Code   RO         2465    i.TIM_OC4Init       stm32f10x_tim.o
    0x080051c8   0x080051c8   0x0000001a   Code   RO         2467    i.TIM_OC4PreloadConfig  stm32f10x_tim.o
    0x080051e2   0x080051e2   0x00000014   Code   RO         2468    i.TIM_OCStructInit  stm32f10x_tim.o
    0x080051f6   0x080051f6   0x00000004   Code   RO         2482    i.TIM_SetCompare1   stm32f10x_tim.o
    0x080051fa   0x080051fa   0x00000004   Code   RO         2483    i.TIM_SetCompare2   stm32f10x_tim.o
    0x080051fe   0x080051fe   0x00000004   Code   RO         2484    i.TIM_SetCompare3   stm32f10x_tim.o
    0x08005202   0x08005202   0x00000006   Code   RO         2485    i.TIM_SetCompare4   stm32f10x_tim.o
    0x08005208   0x08005208   0x00000004   Code   RO         2486    i.TIM_SetCounter    stm32f10x_tim.o
    0x0800520c   0x0800520c   0x00000012   Code   RO         2487    i.TIM_SetIC1Prescaler  stm32f10x_tim.o
    0x0800521e   0x0800521e   0x0000001a   Code   RO         2488    i.TIM_SetIC2Prescaler  stm32f10x_tim.o
    0x08005238   0x08005238   0x00000012   Code   RO         2489    i.TIM_SetIC3Prescaler  stm32f10x_tim.o
    0x0800524a   0x0800524a   0x0000001a   Code   RO         2490    i.TIM_SetIC4Prescaler  stm32f10x_tim.o
    0x08005264   0x08005264   0x000000a4   Code   RO         2492    i.TIM_TimeBaseInit  stm32f10x_tim.o
    0x08005308   0x08005308   0x00000140   Code   RO         4177    i.Trans_Left_Mode   control.o
    0x08005448   0x08005448   0x00000134   Code   RO         4178    i.Trans_Mode        control.o
    0x0800557c   0x0800557c   0x0000013c   Code   RO         4179    i.Trans_Right_Mode  control.o
    0x080056b8   0x080056b8   0x000000fc   Code   RO         3321    i.UART4_IRQHandler  serial.o
    0x080057b4   0x080057b4   0x000000d4   Code   RO         3705    i.UP                step_diver.o
    0x08005888   0x08005888   0x0000001e   Code   RO         2957    i.USART_ClearITPendingBit  stm32f10x_usart.o
    0x080058a6   0x080058a6   0x00000018   Code   RO         2960    i.USART_Cmd         stm32f10x_usart.o
    0x080058be   0x080058be   0x0000001a   Code   RO         2963    i.USART_GetFlagStatus  stm32f10x_usart.o
    0x080058d8   0x080058d8   0x00000054   Code   RO         2964    i.USART_GetITStatus  stm32f10x_usart.o
    0x0800592c   0x0800592c   0x0000004a   Code   RO         2966    i.USART_ITConfig    stm32f10x_usart.o
    0x08005976   0x08005976   0x00000002   PAD
    0x08005978   0x08005978   0x000000d8   Code   RO         2967    i.USART_Init        stm32f10x_usart.o
    0x08005a50   0x08005a50   0x0000000a   Code   RO         2974    i.USART_ReceiveData  stm32f10x_usart.o
    0x08005a5a   0x08005a5a   0x00000008   Code   RO         2977    i.USART_SendData    stm32f10x_usart.o
    0x08005a62   0x08005a62   0x00000004   Code   RO         4016    i.UsageFault_Handler  stm32f10x_it.o
    0x08005a66   0x08005a66   0x00000002   PAD
    0x08005a68   0x08005a68   0x00000028   Code   RO         4601    i.__0sprintf        mc_w.l(printfa.o)
    0x08005a90   0x08005a90   0x00000028   Code   RO         4675    i.__ARM_fpclassify  m_ws.l(fpclassify.o)
    0x08005ab8   0x08005ab8   0x000000aa   Code   RO         4677    i.__kernel_poly     m_ws.l(poly.o)
    0x08005b62   0x08005b62   0x00000006   Code   RO         4662    i.__mathlib_dbl_infnan  m_ws.l(dunder.o)
    0x08005b68   0x08005b68   0x00000004   Code   RO         4663    i.__mathlib_dbl_infnan2  m_ws.l(dunder.o)
    0x08005b6c   0x08005b6c   0x0000000c   Code   RO         4664    i.__mathlib_dbl_invalid  m_ws.l(dunder.o)
    0x08005b78   0x08005b78   0x00000010   Code   RO         4667    i.__mathlib_dbl_underflow  m_ws.l(dunder.o)
    0x08005b88   0x08005b88   0x0000000e   Code   RO         4741    i.__scatterload_copy  mc_w.l(handlers.o)
    0x08005b96   0x08005b96   0x00000002   Code   RO         4742    i.__scatterload_null  mc_w.l(handlers.o)
    0x08005b98   0x08005b98   0x0000000e   Code   RO         4743    i.__scatterload_zeroinit  mc_w.l(handlers.o)
    0x08005ba6   0x08005ba6   0x00000002   PAD
    0x08005ba8   0x08005ba8   0x0000000c   Code   RO         4713    i.__set_errno       mc_w.l(errno.o)
    0x08005bb4   0x08005bb4   0x00000184   Code   RO         4606    i._fp_digits        mc_w.l(printfa.o)
    0x08005d38   0x08005d38   0x000006dc   Code   RO         4607    i._printf_core      mc_w.l(printfa.o)
    0x08006414   0x08006414   0x00000024   Code   RO         4608    i._printf_post_padding  mc_w.l(printfa.o)
    0x08006438   0x08006438   0x0000002e   Code   RO         4609    i._printf_pre_padding  mc_w.l(printfa.o)
    0x08006466   0x08006466   0x0000000a   Code   RO         4611    i._sputc            mc_w.l(printfa.o)
    0x08006470   0x08006470   0x00000270   Code   RO         4344    i.asin              m_ws.l(asin.o)
    0x080066e0   0x080066e0   0x00000220   Code   RO         4652    i.atan              m_ws.l(atan.o)
    0x08006900   0x08006900   0x00000180   Code   RO         4354    i.atan2             m_ws.l(atan2.o)
    0x08006a80   0x08006a80   0x00000078   Code   RO         3263    i.cloud_tai         servo.o
    0x08006af8   0x08006af8   0x00000058   Code   RO         4076    i.kalman_1          mpu6050.o
    0x08006b50   0x08006b50   0x0000001c   Code   RO         3439    i.left_back_Encoder_Get  encoder.o
    0x08006b6c   0x08006b6c   0x000000a0   Code   RO         3440    i.left_back_Encoder_Init  encoder.o
    0x08006c0c   0x08006c0c   0x0000001c   Code   RO         3441    i.left_front_Encoder_Get  encoder.o
    0x08006c28   0x08006c28   0x000000a0   Code   RO         3442    i.left_front_Encoder_Init  encoder.o
    0x08006cc8   0x08006cc8   0x000001e0   Code   RO         3944    i.main              main.o
    0x08006ea8   0x08006ea8   0x0000002c   Code   RO         3553    i.pidRest           pid.o
    0x08006ed4   0x08006ed4   0x0000006a   Code   RO         3554    i.pidUpdate         pid.o
    0x08006f3e   0x08006f3e   0x00000002   PAD
    0x08006f40   0x08006f40   0x000000c0   Code   RO         4129    i.pid_Para_Init_Location  init.o
    0x08007000   0x08007000   0x0000001c   Code   RO         3443    i.right_back_Encoder_Get  encoder.o
    0x0800701c   0x0800701c   0x000000a0   Code   RO         3444    i.right_back_Encoder_Init  encoder.o
    0x080070bc   0x080070bc   0x0000001a   Code   RO         3445    i.right_front_Encoder_Get  encoder.o
    0x080070d6   0x080070d6   0x00000002   PAD
    0x080070d8   0x080070d8   0x000000ec   Code   RO         3446    i.right_front_Encoder_Init  encoder.o
    0x080071c4   0x080071c4   0x0000004c   Code   RO         4681    i.sqrt              m_ws.l(sqrt.o)
    0x08007210   0x08007210   0x00001db0   Data   RO         3779    .constdata          oled.o
    0x08008fc0   0x08008fc0   0x00000014   Data   RO         4079    .constdata          mpu6050.o
    0x08008fd4   0x08008fd4   0x00000004   PAD
    0x08008fd8   0x08008fd8   0x00000050   Data   RO         4345    .constdata          m_ws.l(asin.o)
    0x08009028   0x08009028   0x00000098   Data   RO         4653    .constdata          m_ws.l(atan.o)
    0x080090c0   0x080090c0   0x00000008   Data   RO         4679    .constdata          m_ws.l(qnan.o)
    0x080090c8   0x080090c8   0x00000020   Data   RO         4739    Region$$Table       anon$$obj.o


    Execution Region RW_IRAM1 (Exec base: 0x20000000, Load base: 0x080090e8, Size: 0x00000840, Max: 0x0000c000, ABSOLUTE, COMPRESSED[0x0000006c])

    Exec Addr    Load Addr    Size         Type   Attr      Idx    E Section Name        Object

    0x20000000   COMPRESSED   0x00000014   Data   RW         1805    .data               stm32f10x_rcc.o
    0x20000014   COMPRESSED   0x00000010   Data   RW         3265    .data               servo.o
    0x20000024   COMPRESSED   0x00000022   Data   RW         3324    .data               serial.o
    0x20000046   COMPRESSED   0x00000002   PAD
    0x20000048   COMPRESSED   0x00000010   Data   RW         3447    .data               encoder.o
    0x20000058   COMPRESSED   0x0000000c   Data   RW         3706    .data               step_diver.o
    0x20000064   COMPRESSED   0x00000003   Data   RW         3946    .data               main.o
    0x20000067   COMPRESSED   0x00000001   PAD
    0x20000068   COMPRESSED   0x00000068   Data   RW         4080    .data               mpu6050.o
    0x200000d0   COMPRESSED   0x0000006a   Data   RW         4180    .data               control.o
    0x2000013a   COMPRESSED   0x00000002   PAD
    0x2000013c   COMPRESSED   0x00000004   Data   RW         4714    .data               mc_w.l(errno.o)
    0x20000140        -       0x00000014   Zero   RW         3323    .bss                serial.o
    0x20000154        -       0x00000064   Zero   RW         3945    .bss                main.o
    0x200001b8        -       0x0000003c   Zero   RW         4078    .bss                mpu6050.o
    0x200001f4        -       0x000001a0   Zero   RW         4130    .bss                init.o
    0x20000394        -       0x000000a8   Zero   RW         4317    .bss                filter.o
    0x2000043c   COMPRESSED   0x00000004   PAD
    0x20000440        -       0x00000400   Zero   RW          130    STACK               startup_stm32f10x_hd.o


==============================================================================

Image component sizes


      Code (inc. data)   RO Data    RW Data    ZI Data      Debug   Object Name

      8856       1272          0        106          0      18717   control.o
         0          0          0          0          0       4540   core_cm3.o
        70          0          0          0          0        874   delay.o
       922         74          0         16          0       5637   encoder.o
       276         34          0          0        168       3704   filter.o
        80         18          0          0          0       1046   hmi.o
       964         38          0          0          0       6381   iic.o
       288         72          0          0        416       3346   init.o
       644        124          0          3        100       2642   main.o
       132         22          0          0          0     206031   misc.o
       440         38          0          0          0       2625   motor.o
      2656         86         20        104         60       7719   mpu6050.o
       814         26       7600          0          0       6173   oled.o
       150          0          0          0          0       3518   pid.o
       296         34          0          0          0       2475   pwm.o
       780         90          0         34         20       5432   serial.o
       404         30          0         16          0       3327   servo.o
        36          8        304          0       1024        760   startup_stm32f10x_hd.o
       830        100          0         12          0      18999   step_diver.o
         0          0          0          0          0       1632   stm32f10x_adc.o
       440          6          0          0          0      12374   stm32f10x_gpio.o
        26          0          0          0          0       3522   stm32f10x_it.o
       276         32          0         20          0      12830   stm32f10x_rcc.o
      1950        200          0          0          0      39615   stm32f10x_tim.o
       472          6          0          0          0      12231   stm32f10x_usart.o
       328         28          0          0          0      45021   system_stm32f10x.o
       120          6          0          0          0      15619   timer4.o

    ----------------------------------------------------------------------
     22284       2344       7960        316       1792     446790   Object Totals
         0          0         32          0          0          0   (incl. Generated)
        34          0          4          5          4          0   (incl. Padding)

    ----------------------------------------------------------------------

      Code (inc. data)   RO Data    RW Data    ZI Data      Debug   Library Member Name

       624         52         80          0          0        168   asin.o
       544         70        152          0          0        124   atan.o
       384         38          0          0          0        144   atan2.o
        38          6          0          0          0        272   dunder.o
        40          0          0          0          0         68   fpclassify.o
       170          0          0          0          0         96   poly.o
         0          0          8          0          0          0   qnan.o
        76          0          0          0          0         84   sqrt.o
        86          0          0          0          0          0   __dczerorl2.o
         0          0          0          0          0          0   entry.o
         0          0          0          0          0          0   entry10a.o
         0          0          0          0          0          0   entry11a.o
         8          4          0          0          0          0   entry2.o
         4          0          0          0          0          0   entry5.o
         0          0          0          0          0          0   entry7b.o
         0          0          0          0          0          0   entry8b.o
         8          4          0          0          0          0   entry9a.o
        12          6          0          4          0         68   errno.o
        30          0          0          0          0          0   handlers.o
        36          8          0          0          0         68   init.o
         0          0          0          0          0          0   iusefp.o
        30          0          0          0          0         68   llshl.o
        36          0          0          0          0         68   llsshr.o
        32          0          0          0          0         68   llushr.o
        36          0          0          0          0        108   memseta.o
      2276         86          0          0          0        520   printfa.o
        44          0          0          0          0         80   uidiv.o
        98          0          0          0          0         92   uldiv.o
        48          0          0          0          0         68   cdrcmple.o
        20          0          0          0          0         68   cfcmple.o
        20          0          0          0          0         68   cfrcmple.o
        56          0          0          0          0         88   d2f.o
       334          0          0          0          0        148   dadd.o
       222          0          0          0          0        100   ddiv.o
       186          0          0          0          0        176   depilogue.o
        48          0          0          0          0         68   dfixul.o
       228          0          0          0          0         96   dmul.o
        46          0          0          0          0         80   dscalb.o
       162          0          0          0          0        100   dsqrt.o
        38          0          0          0          0         68   f2d.o
       176          0          0          0          0        140   fadd.o
       124          0          0          0          0         88   fdiv.o
       110          0          0          0          0        168   fepilogue.o
        50          0          0          0          0         68   ffixi.o
        18          0          0          0          0         68   fflti.o
        10          0          0          0          0         68   ffltui.o
       100          0          0          0          0         76   fmul.o

    ----------------------------------------------------------------------
      6612        274        240          4          0       3900   Library Totals
         4          0          0          0          0          0   (incl. Padding)

    ----------------------------------------------------------------------

      Code (inc. data)   RO Data    RW Data    ZI Data      Debug   Library Name

      1876        166        240          0          0        956   m_ws.l
      2736        108          0          4          0       1140   mc_w.l
      1996          0          0          0          0       1804   mf_w.l

    ----------------------------------------------------------------------
      6612        274        240          4          0       3900   Library Totals

    ----------------------------------------------------------------------

==============================================================================


      Code (inc. data)   RO Data    RW Data    ZI Data      Debug   

     28896       2618       8200        320       1792     440262   Grand Totals
     28896       2618       8200        108       1792     440262   ELF Image Totals (compressed)
     28896       2618       8200        108          0          0   ROM Totals

==============================================================================

    Total RO  Size (Code + RO Data)                37096 (  36.23kB)
    Total RW  Size (RW Data + ZI Data)              2112 (   2.06kB)
    Total ROM Size (Code + RO Data + RW Data)      37204 (  36.33kB)

==============================================================================

