Component: ARM Compiler 5.06 update 5 (build 528) Tool: armlink [4d35e2]

==============================================================================

Section Cross References

    system_stm32f10x.o(i.SetSysClock) refers to system_stm32f10x.o(i.SetSysClockTo72) for SetSysClockTo72
    system_stm32f10x.o(i.SystemCoreClockUpdate) refers to system_stm32f10x.o(.data) for SystemCoreClock
    system_stm32f10x.o(i.SystemInit) refers to system_stm32f10x.o(i.SetSysClock) for SetSysClock
    startup_stm32f10x_hd.o(RESET) refers to startup_stm32f10x_hd.o(STACK) for __initial_sp
    startup_stm32f10x_hd.o(RESET) refers to startup_stm32f10x_hd.o(.text) for Reset_Handler
    startup_stm32f10x_hd.o(RESET) refers to stm32f10x_it.o(i.NMI_Handler) for NMI_Handler
    startup_stm32f10x_hd.o(RESET) refers to stm32f10x_it.o(i.HardFault_Handler) for HardFault_Handler
    startup_stm32f10x_hd.o(RESET) refers to stm32f10x_it.o(i.MemManage_Handler) for MemManage_Handler
    startup_stm32f10x_hd.o(RESET) refers to stm32f10x_it.o(i.BusFault_Handler) for BusFault_Handler
    startup_stm32f10x_hd.o(RESET) refers to stm32f10x_it.o(i.UsageFault_Handler) for UsageFault_Handler
    startup_stm32f10x_hd.o(RESET) refers to stm32f10x_it.o(i.SVC_Handler) for SVC_Handler
    startup_stm32f10x_hd.o(RESET) refers to stm32f10x_it.o(i.DebugMon_Handler) for DebugMon_Handler
    startup_stm32f10x_hd.o(RESET) refers to stm32f10x_it.o(i.PendSV_Handler) for PendSV_Handler
    startup_stm32f10x_hd.o(RESET) refers to stm32f10x_it.o(i.SysTick_Handler) for SysTick_Handler
    startup_stm32f10x_hd.o(RESET) refers to serial.o(i.UART4_IRQHandler) for UART4_IRQHandler
    startup_stm32f10x_hd.o(RESET) refers to serial.o(i.UART5_IRQHandler) for UART5_IRQHandler
    startup_stm32f10x_hd.o(RESET) refers to main.o(i.TIM6_IRQHandler) for TIM6_IRQHandler
    startup_stm32f10x_hd.o(RESET) refers to step_diver.o(i.TIM7_IRQHandler) for TIM7_IRQHandler
    startup_stm32f10x_hd.o(.text) refers to system_stm32f10x.o(i.SystemInit) for SystemInit
    startup_stm32f10x_hd.o(.text) refers to entry.o(.ARM.Collect$$$$00000000) for __main
    stm32f10x_adc.o(i.ADC_DeInit) refers to stm32f10x_rcc.o(i.RCC_APB2PeriphResetCmd) for RCC_APB2PeriphResetCmd
    stm32f10x_bkp.o(i.BKP_DeInit) refers to stm32f10x_rcc.o(i.RCC_BackupResetCmd) for RCC_BackupResetCmd
    stm32f10x_can.o(i.CAN_DeInit) refers to stm32f10x_rcc.o(i.RCC_APB1PeriphResetCmd) for RCC_APB1PeriphResetCmd
    stm32f10x_can.o(i.CAN_GetITStatus) refers to stm32f10x_can.o(i.CheckITStatus) for CheckITStatus
    stm32f10x_cec.o(i.CEC_DeInit) refers to stm32f10x_rcc.o(i.RCC_APB1PeriphResetCmd) for RCC_APB1PeriphResetCmd
    stm32f10x_dac.o(i.DAC_DeInit) refers to stm32f10x_rcc.o(i.RCC_APB1PeriphResetCmd) for RCC_APB1PeriphResetCmd
    stm32f10x_flash.o(i.FLASH_EnableWriteProtection) refers to stm32f10x_flash.o(i.FLASH_WaitForLastOperation) for FLASH_WaitForLastOperation
    stm32f10x_flash.o(i.FLASH_EraseAllBank1Pages) refers to stm32f10x_flash.o(i.FLASH_WaitForLastBank1Operation) for FLASH_WaitForLastBank1Operation
    stm32f10x_flash.o(i.FLASH_EraseAllPages) refers to stm32f10x_flash.o(i.FLASH_WaitForLastOperation) for FLASH_WaitForLastOperation
    stm32f10x_flash.o(i.FLASH_EraseOptionBytes) refers to stm32f10x_flash.o(i.FLASH_GetReadOutProtectionStatus) for FLASH_GetReadOutProtectionStatus
    stm32f10x_flash.o(i.FLASH_EraseOptionBytes) refers to stm32f10x_flash.o(i.FLASH_WaitForLastOperation) for FLASH_WaitForLastOperation
    stm32f10x_flash.o(i.FLASH_ErasePage) refers to stm32f10x_flash.o(i.FLASH_WaitForLastOperation) for FLASH_WaitForLastOperation
    stm32f10x_flash.o(i.FLASH_ProgramHalfWord) refers to stm32f10x_flash.o(i.FLASH_WaitForLastOperation) for FLASH_WaitForLastOperation
    stm32f10x_flash.o(i.FLASH_ProgramOptionByteData) refers to stm32f10x_flash.o(i.FLASH_WaitForLastOperation) for FLASH_WaitForLastOperation
    stm32f10x_flash.o(i.FLASH_ProgramWord) refers to stm32f10x_flash.o(i.FLASH_WaitForLastOperation) for FLASH_WaitForLastOperation
    stm32f10x_flash.o(i.FLASH_ReadOutProtection) refers to stm32f10x_flash.o(i.FLASH_WaitForLastOperation) for FLASH_WaitForLastOperation
    stm32f10x_flash.o(i.FLASH_UserOptionByteConfig) refers to stm32f10x_flash.o(i.FLASH_WaitForLastOperation) for FLASH_WaitForLastOperation
    stm32f10x_flash.o(i.FLASH_WaitForLastBank1Operation) refers to stm32f10x_flash.o(i.FLASH_GetBank1Status) for FLASH_GetBank1Status
    stm32f10x_flash.o(i.FLASH_WaitForLastOperation) refers to stm32f10x_flash.o(i.FLASH_GetBank1Status) for FLASH_GetBank1Status
    stm32f10x_gpio.o(i.GPIO_AFIODeInit) refers to stm32f10x_rcc.o(i.RCC_APB2PeriphResetCmd) for RCC_APB2PeriphResetCmd
    stm32f10x_gpio.o(i.GPIO_DeInit) refers to stm32f10x_rcc.o(i.RCC_APB2PeriphResetCmd) for RCC_APB2PeriphResetCmd
    stm32f10x_i2c.o(i.I2C_DeInit) refers to stm32f10x_rcc.o(i.RCC_APB1PeriphResetCmd) for RCC_APB1PeriphResetCmd
[...]
    I2c_WaitAck                              0x080022c1   Thumb Code    86  iic.o(i.I2c_WaitAck)
    i.I2c_delay                              0x0800231c   Section        0  iic.o(i.I2c_delay)
    i.IIC_Init                               0x08002338   Section        0  iic.o(i.IIC_Init)
    i.IIC_Read_One_Byte                      0x08002364   Section        0  iic.o(i.IIC_Read_One_Byte)
    i.IIC_Write_One_Byte                     0x080023c8   Section        0  iic.o(i.IIC_Write_One_Byte)
    i.IIC_read_Bytes                         0x0800240c   Section        0  iic.o(i.IIC_read_Bytes)
    i.Kalman_Filter                          0x0800248c   Section        0  filter.o(i.Kalman_Filter)
    i.Kalman_Init                            0x080024ec   Section        0  filter.o(i.Kalman_Init)
    i.Location_Mode                          0x080025a0   Section        0  control.o(i.Location_Mode)
    i.Location_Mode_Place                    0x08002734   Section        0  control.o(i.Location_Mode_Place)
    i.MemManage_Handler                      0x080028c8   Section        0  stm32f10x_it.o(i.MemManage_Handler)
    i.Micorstep_Driver_Init                  0x080028cc   Section        0  step_diver.o(i.Micorstep_Driver_Init)
    i.Motor_Init                             0x08002984   Section        0  motor.o(i.Motor_Init)
    i.Motor_left_back_wheel_SetSpeed         0x08002a2c   Section        0  motor.o(i.Motor_left_back_wheel_SetSpeed)
    i.Motor_left_front_wheel_SetSpeed        0x08002a6c   Section        0  motor.o(i.Motor_left_front_wheel_SetSpeed)
    i.Motor_right_back_wheel_SetSpeed        0x08002aac   Section        0  motor.o(i.Motor_right_back_wheel_SetSpeed)
    i.Motor_right_front_wheel_SetSpeed       0x08002af4   Section        0  motor.o(i.Motor_right_front_wheel_SetSpeed)
    i.MpuGetData                             0x08002b3c   Section        0  mpu6050.o(i.MpuGetData)
    i.MpuGetOffset                           0x08002c30   Section        0  mpu6050.o(i.MpuGetOffset)
    i.MpuInit                                0x08002d58   Section        0  mpu6050.o(i.MpuInit)
    i.NMI_Handler                            0x08002dd0   Section        0  stm32f10x_it.o(i.NMI_Handler)
    i.NVIC_DisableIRQ                        0x08002dd4   Section        0  step_diver.o(i.NVIC_DisableIRQ)
    NVIC_DisableIRQ                          0x08002dd5   Thumb Code    18  step_diver.o(i.NVIC_DisableIRQ)
    i.NVIC_EnableIRQ                         0x08002dec   Section        0  step_diver.o(i.NVIC_EnableIRQ)
    NVIC_EnableIRQ                           0x08002ded   Thumb Code    22  step_diver.o(i.NVIC_EnableIRQ)
    i.NVIC_Init                              0x08002e04   Section        0  misc.o(i.NVIC_Init)
    i.NVIC_PriorityGroupConfig               0x08002e74   Section        0  misc.o(i.NVIC_PriorityGroupConfig)
    i.OLED_Clear                             0x08002e88   Section        0  oled.o(i.OLED_Clear)
    i.OLED_I2C_Init                          0x08002eb4   Section        0  oled.o(i.OLED_I2C_Init)
    i.OLED_I2C_SendByte                      0x08002f00   Section        0  oled.o(i.OLED_I2C_SendByte)
    i.OLED_I2C_Start                         0x08002f50   Section        0  oled.o(i.OLED_I2C_Start)
    i.OLED_I2C_Stop                          0x08002f80   Section        0  oled.o(i.OLED_I2C_Stop)
    i.OLED_Init                              0x08002fa8   Section        0  oled.o(i.OLED_Init)
    i.OLED_SetCursor                         0x08003056   Section        0  oled.o(i.OLED_SetCursor)
    i.OLED_ShowChar_high                     0x08003078   Section        0  oled.o(i.OLED_ShowChar_high)
    i.OLED_ShowString_high                   0x08003150   Section        0  oled.o(i.OLED_ShowString_high)
    i.OLED_WriteCommand                      0x08003178   Section        0  oled.o(i.OLED_WriteCommand)
    i.OLED_WriteData                         0x08003198   Section        0  oled.o(i.OLED_WriteData)
    i.PWM1_SetCompare4                       0x080031b8   Section        0  servo.o(i.PWM1_SetCompare4)
    i.PWM_Init                               0x080031cc   Section        0  pwm.o(i.PWM_Init)
    i.PWM_SetCompare1                        0x080032a4   Section        0  pwm.o(i.PWM_SetCompare1)
    i.PWM_SetCompare2                        0x080032b8   Section        0  pwm.o(i.PWM_SetCompare2)
    i.PWM_SetCompare3                        0x080032cc   Section        0  pwm.o(i.PWM_SetCompare3)
    i.PWM_SetCompare4                        0x080032e0   Section        0  pwm.o(i.PWM_SetCompare4)
    i.PendSV_Handler                         0x080032f4   Section        0  stm32f10x_it.o(i.PendSV_Handler)
    i.Pid_Control_Trans                      0x080032f8   Section        0  control.o(i.Pid_Control_Trans)
    i.Place_ALL                              0x080033d8   Section        0  control.o(i.Place_ALL)
    i.Q_rsqrt                                0x08003620   Section        0  mpu6050.o(i.Q_rsqrt)
    i.RCC_APB1PeriphClockCmd                 0x08003670   Section        0  stm32f10x_rcc.o(i.RCC_APB1PeriphClockCmd)
    i.RCC_APB2PeriphClockCmd                 0x08003690   Section        0  stm32f10x_rcc.o(i.RCC_APB2PeriphClockCmd)
    i.RCC_GetClocksFreq                      0x080036b0   Section        0  stm32f10x_rcc.o(i.RCC_GetClocksFreq)
    i.Revolve_Mode                           0x08003784   Section        0  control.o(i.Revolve_Mode)
    i.Revolve_Mode_0                         0x08003840   Section        0  control.o(i.Revolve_Mode_0)
    i.Revolve_Mode_150                       0x080038fc   Section        0  control.o(i.Revolve_Mode_150)
    i.SVC_Handler                            0x080039b8   Section        0  stm32f10x_it.o(i.SVC_Handler)
    i.Serial4_SendByte                       0x080039bc   Section        0  serial.o(i.Serial4_SendByte)
    i.Serial_5_Init                          0x080039dc   Section        0  serial.o(i.Serial_5_Init)
    i.Serial_Init                            0x08003aa0   Section        0  serial.o(i.Serial_Init)
    i.Serial_SendArray                       0x08003b5c   Section        0  serial.o(i.Serial_SendArray)
    i.Serial_SendPacket                      0x08003b78   Section        0  serial.o(i.Serial_SendPacket)
    i.Servo_Init                             0x08003b94   Section        0  servo.o(i.Servo_Init)
    i.SetSysClock                            0x08003c74   Section        0  system_stm32f10x.o(i.SetSysClock)
    SetSysClock                              0x08003c75   Thumb Code     8  system_stm32f10x.o(i.SetSysClock)
    i.SetSysClockTo72                        0x08003c7c   Section        0  system_stm32f10x.o(i.SetSysClockTo72)
    SetSysClockTo72                          0x08003c7d   Thumb Code   214  system_stm32f10x.o(i.SetSysClockTo72)
    i.Stop_Mode                              0x08003d5c   Section        0  control.o(i.Stop_Mode)
    i.SysTick_Handler                        0x08003d78   Section        0  stm32f10x_it.o(i.SysTick_Handler)
    i.SystemInit                             0x08003d7c   Section        0  system_stm32f10x.o(i.SystemInit)
    i.TI1_Config                             0x08003ddc   Section        0  stm32f10x_tim.o(i.TI1_Config)
    TI1_Config                               0x08003ddd   Thumb Code   108  stm32f10x_tim.o(i.TI1_Config)
    i.TI2_Config                             0x08003e5c   Section        0  stm32f10x_tim.o(i.TI2_Config)
    TI2_Config                               0x08003e5d   Thumb Code   130  stm32f10x_tim.o(i.TI2_Config)
    i.TI3_Config                             0x08003ef4   Section        0  stm32f10x_tim.o(i.TI3_Config)
    TI3_Config                               0x08003ef5   Thumb Code   122  stm32f10x_tim.o(i.TI3_Config)
    i.TI4_Config                             0x08003f84   Section        0  stm32f10x_tim.o(i.TI4_Config)
    TI4_Config                               0x08003f85   Thumb Code   130  stm32f10x_tim.o(i.TI4_Config)
    i.TIM6_IRQHandler                        0x0800401c   Section        0  main.o(i.TIM6_IRQHandler)
    i.TIM6_Init                              0x080040c8   Section        0  timer4.o(i.TIM6_Init)
    i.TIM7_IRQHandler                        0x08004140   Section        0  step_diver.o(i.TIM7_IRQHandler)
    i.TIM_ClearFlag                          0x080041e8   Section        0  stm32f10x_tim.o(i.TIM_ClearFlag)
    i.TIM_ClearITPendingBit                  0x080041ee   Section        0  stm32f10x_tim.o(i.TIM_ClearITPendingBit)
    i.TIM_Cmd                                0x080041f4   Section        0  stm32f10x_tim.o(i.TIM_Cmd)
    i.TIM_CtrlPWMOutputs                     0x0800420c   Section        0  stm32f10x_tim.o(i.TIM_CtrlPWMOutputs)
    i.TIM_EncoderInterfaceConfig             0x0800422a   Section        0  stm32f10x_tim.o(i.TIM_EncoderInterfaceConfig)
    i.TIM_GetCounter                         0x0800426c   Section        0  stm32f10x_tim.o(i.TIM_GetCounter)
    i.TIM_GetITStatus                        0x08004272   Section        0  stm32f10x_tim.o(i.TIM_GetITStatus)
    i.TIM_ICInit                             0x08004294   Section        0  stm32f10x_tim.o(i.TIM_ICInit)
    i.TIM_ICStructInit                       0x08004340   Section        0  stm32f10x_tim.o(i.TIM_ICStructInit)
    i.TIM_ITConfig                           0x08004352   Section        0  stm32f10x_tim.o(i.TIM_ITConfig)
    i.TIM_InternalClockConfig                0x08004364   Section        0  stm32f10x_tim.o(i.TIM_InternalClockConfig)
    i.TIM_OC1Init                            0x08004370   Section        0  stm32f10x_tim.o(i.TIM_OC1Init)
    i.TIM_OC1PreloadConfig                   0x08004408   Section        0  stm32f10x_tim.o(i.TIM_OC1PreloadConfig)
    i.TIM_OC2Init                            0x0800441c   Section        0  stm32f10x_tim.o(i.TIM_OC2Init)
    i.TIM_OC2PreloadConfig                   0x080044c0   Section        0  stm32f10x_tim.o(i.TIM_OC2PreloadConfig)
    i.TIM_OC3Init                            0x080044dc   Section        0  stm32f10x_tim.o(i.TIM_OC3Init)
    i.TIM_OC3PreloadConfig                   0x0800457c   Section        0  stm32f10x_tim.o(i.TIM_OC3PreloadConfig)
    i.TIM_OC4Init                            0x08004590   Section        0  stm32f10x_tim.o(i.TIM_OC4Init)
    i.TIM_OC4PreloadConfig                   0x0800460c   Section        0  stm32f10x_tim.o(i.TIM_OC4PreloadConfig)
    i.TIM_OCStructInit                       0x08004626   Section        0  stm32f10x_tim.o(i.TIM_OCStructInit)
    i.TIM_SetCompare1                        0x0800463a   Section        0  stm32f10x_tim.o(i.TIM_SetCompare1)
    i.TIM_SetCompare2                        0x0800463e   Section        0  stm32f10x_tim.o(i.TIM_SetCompare2)
    i.TIM_SetCompare3                        0x08004642   Section        0  stm32f10x_tim.o(i.TIM_SetCompare3)
    i.TIM_SetCompare4                        0x08004646   Section        0  stm32f10x_tim.o(i.TIM_SetCompare4)
    i.TIM_SetCounter                         0x0800464c   Section        0  stm32f10x_tim.o(i.TIM_SetCounter)
    i.TIM_SetIC1Prescaler                    0x08004650   Section        0  stm32f10x_tim.o(i.TIM_SetIC1Prescaler)
    i.TIM_SetIC2Prescaler                    0x08004662   Section        0  stm32f10x_tim.o(i.TIM_SetIC2Prescaler)
    i.TIM_SetIC3Prescaler                    0x0800467c   Section        0  stm32f10x_tim.o(i.TIM_SetIC3Prescaler)
    i.TIM_SetIC4Prescaler                    0x0800468e   Section        0  stm32f10x_tim.o(i.TIM_SetIC4Prescaler)
    i.TIM_TimeBaseInit                       0x080046a8   Section        0  stm32f10x_tim.o(i.TIM_TimeBaseInit)
    i.Trans_Left_Mode                        0x0800474c   Section        0  control.o(i.Trans_Left_Mode)
    i.Trans_Mode                             0x08004854   Section        0  control.o(i.Trans_Mode)
    i.UART4_IRQHandler                       0x08004954   Section        0  serial.o(i.UART4_IRQHandler)
    i.UART5_IRQHandler                       0x08004a3c   Section        0  serial.o(i.UART5_IRQHandler)
    i.UP                                     0x08004acc   Section        0  step_diver.o(i.UP)
    i.USART_ClearITPendingBit                0x08004ba0   Section        0  stm32f10x_usart.o(i.USART_ClearITPendingBit)
    i.USART_Cmd                              0x08004bbe   Section        0  stm32f10x_usart.o(i.USART_Cmd)
    i.USART_GetFlagStatus                    0x08004bd6   Section        0  stm32f10x_usart.o(i.USART_GetFlagStatus)
    i.USART_GetITStatus                      0x08004bf0   Section        0  stm32f10x_usart.o(i.USART_GetITStatus)
    i.USART_ITConfig                         0x08004c44   Section        0  stm32f10x_usart.o(i.USART_ITConfig)
    i.USART_Init                             0x08004c90   Section        0  stm32f10x_usart.o(i.USART_Init)
    i.USART_ReceiveData                      0x08004d68   Section        0  stm32f10x_usart.o(i.USART_ReceiveData)
    i.USART_SendData                         0x08004d72   Section        0  stm32f10x_usart.o(i.USART_SendData)
    i.UsageFault_Handler                     0x08004d7a   Section        0  stm32f10x_it.o(i.UsageFault_Handler)
    i.__ARM_fpclassify                       0x08004d7e   Section        0  fpclassify.o(i.__ARM_fpclassify)
    i.__kernel_poly                          0x08004da6   Section        0  poly.o(i.__kernel_poly)
    i.__mathlib_dbl_infnan                   0x08004e50   Section        0  dunder.o(i.__mathlib_dbl_infnan)
    i.__mathlib_dbl_infnan2                  0x08004e56   Section        0  dunder.o(i.__mathlib_dbl_infnan2)
    i.__mathlib_dbl_invalid                  0x08004e5a   Section        0  dunder.o(i.__mathlib_dbl_invalid)
    i.__mathlib_dbl_underflow                0x08004e68   Section        0  dunder.o(i.__mathlib_dbl_underflow)
    i.__scatterload_copy                     0x08004e78   Section       14  handlers.o(i.__scatterload_copy)
    i.__scatterload_null                     0x08004e86   Section        2  handlers.o(i.__scatterload_null)
    i.__scatterload_zeroinit                 0x08004e88   Section       14  handlers.o(i.__scatterload_zeroinit)
    i.__set_errno                            0x08004e98   Section        0  errno.o(i.__set_errno)
    i.asin                                   0x08004ea4   Section        0  asin.o(i.asin)
    i.atan                                   0x08005114   Section        0  atan.o(i.atan)
    i.atan2                                  0x08005334   Section        0  atan2.o(i.atan2)
    i.cloud_tai                              0x080054b4   Section        0  servo.o(i.cloud_tai)
    i.kalman_1                               0x0800552c   Section        0  mpu6050.o(i.kalman_1)
    i.left_back_Encoder_Get                  0x08005584   Section        0  encoder.o(i.left_back_Encoder_Get)
    i.left_back_Encoder_Init                 0x080055a0   Section        0  encoder.o(i.left_back_Encoder_Init)
    i.left_front_Encoder_Get                 0x08005640   Section        0  encoder.o(i.left_front_Encoder_Get)
    i.left_front_Encoder_Init                0x0800565c   Section        0  encoder.o(i.left_front_Encoder_Init)
    i.main                                   0x080056fc   Section        0  main.o(i.main)
    i.pidRest                                0x08005714   Section        0  pid.o(i.pidRest)
    i.pidUpdate                              0x08005740   Section        0  pid.o(i.pidUpdate)
    i.pid_Para_Init_Location                 0x080057ac   Section        0  init.o(i.pid_Para_Init_Location)
    i.right_back_Encoder_Get                 0x080058a0   Section        0  encoder.o(i.right_back_Encoder_Get)
    i.right_back_Encoder_Init                0x080058bc   Section        0  encoder.o(i.right_back_Encoder_Init)
    i.right_front_Encoder_Get                0x0800595c   Section        0  encoder.o(i.right_front_Encoder_Get)
    i.right_front_Encoder_Init               0x08005978   Section        0  encoder.o(i.right_front_Encoder_Init)
    i.sqrt                                   0x08005a64   Section        0  sqrt.o(i.sqrt)
    .constdata                               0x08005ab0   Section     7600  oled.o(.constdata)
    .constdata                               0x08007860   Section       20  mpu6050.o(.constdata)
    .constdata                               0x08007878   Section       80  asin.o(.constdata)
    pS                                       0x08007878   Data          48  asin.o(.constdata)
    qS                                       0x080078a8   Data          32  asin.o(.constdata)
    .constdata                               0x080078c8   Section      152  atan.o(.constdata)
    atanhi                                   0x080078c8   Data          32  atan.o(.constdata)
    atanlo                                   0x080078e8   Data          32  atan.o(.constdata)
    aTodd                                    0x08007908   Data          40  atan.o(.constdata)
    aTeven                                   0x08007930   Data          48  atan.o(.constdata)
    .constdata                               0x08007960   Section        8  qnan.o(.constdata)
    .data                                    0x20000000   Section       20  stm32f10x_rcc.o(.data)
    APBAHBPrescTable                         0x20000000   Data          16  stm32f10x_rcc.o(.data)
    ADCPrescTable                            0x20000010   Data           4  stm32f10x_rcc.o(.data)
    .data                                    0x20000014   Section       16  servo.o(.data)
    now_site                                 0x2000001c   Data           4  servo.o(.data)
    now_site                                 0x20000020   Data           4  servo.o(.data)
    .data                                    0x20000024   Section       36  serial.o(.data)
    RxState                                  0x20000044   Data           1  serial.o(.data)
    pRxPacket                                0x20000045   Data           1  serial.o(.data)
    RxState                                  0x20000046   Data           1  serial.o(.data)
    pRxPacket                                0x20000047   Data           1  serial.o(.data)
    .data                                    0x20000048   Section       16  encoder.o(.data)
    .data                                    0x20000058   Section       12  step_diver.o(.data)
    .data                                    0x20000064   Section        3  main.o(.data)
    i                                        0x20000065   Data           1  main.o(.data)
    j                                        0x20000066   Data           1  main.o(.data)
    .data                                    0x20000068   Section      104  mpu6050.o(.data)
    pMpu                                     0x20000068   Data           4  mpu6050.o(.data)
    NormAcc                                  0x2000006c   Data           4  mpu6050.o(.data)
    ekf                                      0x20000080   Data          72  mpu6050.o(.data)
    KpDef                                    0x200000c8   Data           4  mpu6050.o(.data)
    KiDef                                    0x200000cc   Data           4  mpu6050.o(.data)
    .data                                    0x200000d0   Section      106  control.o(.data)
    Frequence                                0x20000138   Data           1  control.o(.data)
    Frequence                                0x20000139   Data           1  control.o(.data)
    .data                                    0x2000013c   Section        4  errno.o(.data)
    _errno                                   0x2000013c   Data           4  errno.o(.data)
    .bss                                     0x20000140   Section       20  serial.o(.bss)
    .bss                                     0x20000154   Section       60  mpu6050.o(.bss)
    tBuff                                    0x20000184   Data          12  mpu6050.o(.bss)
    .bss                                     0x20000190   Section      416  init.o(.bss)
    .bss                                     0x20000330   Section      168  filter.o(.bss)
    STACK                                    0x200003d8   Section     1024  startup_stm32f10x_hd.o(STACK)

    Global Symbols

    Symbol Name                              Value     Ov Type        Size  Object(Section)

    BuildAttributes$$THM_ISAv4$P$D$K$B$S$PE$A:L22UL41UL21$X:L11$S22US41US21$IEEE1$IW$USESV6$~STKCKD$USESV7$~SHL$OTIME$ROPI$IEEEX$EBA8$MICROLIB$REQ8$PRES8$EABIv2 0x00000000   Number         0  anon$$obj.o ABSOLUTE
    __ARM_use_no_argv                        0x00000000   Number         0  main.o ABSOLUTE
    _printf_a                                0x00000000   Number         0  stubs.o ABSOLUTE
    _printf_c                                0x00000000   Number         0  stubs.o ABSOLUTE
    _printf_charcount                        0x00000000   Number         0  stubs.o ABSOLUTE
    _printf_d                                0x00000000   Number         0  stubs.o ABSOLUTE
    _printf_e                                0x00000000   Number         0  stubs.o ABSOLUTE
    _printf_f                                0x00000000   Number         0  stubs.o ABSOLUTE
    _printf_flags                            0x00000000   Number         0  stubs.o ABSOLUTE
    _printf_fp_dec                           0x00000000   Number         0  stubs.o ABSOLUTE
    _printf_fp_hex                           0x00000000   Number         0  stubs.o ABSOLUTE
    _printf_g                                0x00000000   Number         0  stubs.o ABSOLUTE
    _printf_i                                0x00000000   Number         0  stubs.o ABSOLUTE
    _printf_int_dec                          0x00000000   Number         0  stubs.o ABSOLUTE
    _printf_l                                0x00000000   Number         0  stubs.o ABSOLUTE
    _printf_lc                               0x00000000   Number         0  stubs.o ABSOLUTE
    _printf_ll                               0x00000000   Number         0  stubs.o ABSOLUTE
    _printf_lld                              0x00000000   Number         0  stubs.o ABSOLUTE
    _printf_lli                              0x00000000   Number         0  stubs.o ABSOLUTE
    _printf_llo                              0x00000000   Number         0  stubs.o ABSOLUTE
    _printf_llu                              0x00000000   Number         0  stubs.o ABSOLUTE
    _printf_llx                              0x00000000   Number         0  stubs.o ABSOLUTE
    _printf_longlong_dec                     0x00000000   Number         0  stubs.o ABSOLUTE
    _printf_longlong_hex                     0x00000000   Number         0  stubs.o ABSOLUTE
    _printf_longlong_oct                     0x00000000   Number         0  stubs.o ABSOLUTE
    _printf_ls                               0x00000000   Number         0  stubs.o ABSOLUTE
    _printf_mbtowc                           0x00000000   Number         0  stubs.o ABSOLUTE
    _printf_n                                0x00000000   Number         0  stubs.o ABSOLUTE
    _printf_o                                0x00000000   Number         0  stubs.o ABSOLUTE
    _printf_p                                0x00000000   Number         0  stubs.o ABSOLUTE
    _printf_percent                          0x00000000   Number         0  stubs.o ABSOLUTE
    _printf_pre_padding                      0x00000000   Number         0  stubs.o ABSOLUTE
    _printf_return_value                     0x00000000   Number         0  stubs.o ABSOLUTE
    _printf_s                                0x00000000   Number         0  stubs.o ABSOLUTE
    _printf_sizespec                         0x00000000   Number         0  stubs.o ABSOLUTE
    _printf_str                              0x00000000   Number         0  stubs.o ABSOLUTE
    _printf_truncate_signed                  0x00000000   Number         0  stubs.o ABSOLUTE
    _printf_truncate_unsigned                0x00000000   Number         0  stubs.o ABSOLUTE
    _printf_u                                0x00000000   Number         0  stubs.o ABSOLUTE
    _printf_wc                               0x00000000   Number         0  stubs.o ABSOLUTE
    _printf_wctomb                           0x00000000   Number         0  stubs.o ABSOLUTE
    _printf_widthprec                        0x00000000   Number         0  stubs.o ABSOLUTE
    _printf_x                                0x00000000   Number         0  stubs.o ABSOLUTE
    __cpp_initialize__aeabi_                  - Undefined Weak Reference
    __cxa_finalize                            - Undefined Weak Reference
    _clock_init                               - Undefined Weak Reference
    _microlib_exit                            - Undefined Weak Reference
    __Vectors_Size                           0x00000130   Number         0  startup_stm32f10x_hd.o ABSOLUTE
    __Vectors                                0x08000000   Data           4  startup_stm32f10x_hd.o(RESET)
    __Vectors_End                            0x08000130   Data           0  startup_stm32f10x_hd.o(RESET)
    __main                                   0x08000131   Thumb Code     0  entry.o(.ARM.Collect$$$$00000000)
    _main_stk                                0x08000131   Thumb Code     0  entry2.o(.ARM.Collect$$$$00000001)
    _main_scatterload                        0x08000135   Thumb Code     0  entry5.o(.ARM.Collect$$$$00000004)
    __main_after_scatterload                 0x08000139   Thumb Code     0  entry5.o(.ARM.Collect$$$$00000004)
    _main_clock                              0x08000139   Thumb Code     0  entry7b.o(.ARM.Collect$$$$00000008)
    _main_cpp_init                           0x08000139   Thumb Code     0  entry8b.o(.ARM.Collect$$$$0000000A)
    _main_init                               0x08000139   Thumb Code     0  entry9a.o(.ARM.Collect$$$$0000000B)
    __rt_final_cpp                           0x08000141   Thumb Code     0  entry10a.o(.ARM.Collect$$$$0000000D)
    __rt_final_exit                          0x08000141   Thumb Code     0  entry11a.o(.ARM.Collect$$$$0000000F)
    Reset_Handler                            0x08000145   Thumb Code     8  startup_stm32f10x_hd.o(.text)
    ADC1_2_IRQHandler                        0x0800015f   Thumb Code     0  startup_stm32f10x_hd.o(.text)
    ADC3_IRQHandler                          0x0800015f   Thumb Code     0  startup_stm32f10x_hd.o(.text)
    CAN1_RX1_IRQHandler                      0x0800015f   Thumb Code     0  startup_stm32f10x_hd.o(.text)
    CAN1_SCE_IRQHandler                      0x0800015f   Thumb Code     0  startup_stm32f10x_hd.o(.text)
    DMA1_Channel1_IRQHandler                 0x0800015f   Thumb Code     0  startup_stm32f10x_hd.o(.text)
    DMA1_Channel2_IRQHandler                 0x0800015f   Thumb Code     0  startup_stm32f10x_hd.o(.text)
    DMA1_Channel3_IRQHandler                 0x0800015f   Thumb Code     0  startup_stm32f10x_hd.o(.text)
    DMA1_Channel4_IRQHandler                 0x0800015f   Thumb Code     0  startup_stm32f10x_hd.o(.text)
    DMA1_Channel5_IRQHandler                 0x0800015f   Thumb Code     0  startup_stm32f10x_hd.o(.text)
    DMA1_Channel6_IRQHandler                 0x0800015f   Thumb Code     0  startup_stm32f10x_hd.o(.text)
    DMA1_Channel7_IRQHandler                 0x0800015f   Thumb Code     0  startup_stm32f10x_hd.o(.text)
    DMA2_Channel1_IRQHandler                 0x0800015f   Thumb Code     0  startup_stm32f10x_hd.o(.text)
    DMA2_Channel2_IRQHandler                 0x0800015f   Thumb Code     0  startup_stm32f10x_hd.o(.text)
    DMA2_Channel3_IRQHandler                 0x0800015f   Thumb Code     0  startup_stm32f10x_hd.o(.text)
    DMA2_Channel4_5_IRQHandler               0x0800015f   Thumb Code     0  startup_stm32f10x_hd.o(.text)
    EXTI0_IRQHandler                         0x0800015f   Thumb Code     0  startup_stm32f10x_hd.o(.text)
    EXTI15_10_IRQHandler                     0x0800015f   Thumb Code     0  startup_stm32f10x_hd.o(.text)
    EXTI1_IRQHandler                         0x0800015f   Thumb Code     0  startup_stm32f10x_hd.o(.text)
    EXTI2_IRQHandler                         0x0800015f   Thumb Code     0  startup_stm32f10x_hd.o(.text)
    EXTI3_IRQHandler                         0x0800015f   Thumb Code     0  startup_stm32f10x_hd.o(.text)
    EXTI4_IRQHandler                         0x0800015f   Thumb Code     0  startup_stm32f10x_hd.o(.text)
    EXTI9_5_IRQHandler                       0x0800015f   Thumb Code     0  startup_stm32f10x_hd.o(.text)
    FLASH_IRQHandler                         0x0800015f   Thumb Code     0  startup_stm32f10x_hd.o(.text)
    FSMC_IRQHandler                          0x0800015f   Thumb Code     0  startup_stm32f10x_hd.o(.text)
    I2C1_ER_IRQHandler                       0x0800015f   Thumb Code     0  startup_stm32f10x_hd.o(.text)
    I2C1_EV_IRQHandler                       0x0800015f   Thumb Code     0  startup_stm32f10x_hd.o(.text)
    I2C2_ER_IRQHandler                       0x0800015f   Thumb Code     0  startup_stm32f10x_hd.o(.text)
    I2C2_EV_IRQHandler                       0x0800015f   Thumb Code     0  startup_stm32f10x_hd.o(.text)
    PVD_IRQHandler                           0x0800015f   Thumb Code     0  startup_stm32f10x_hd.o(.text)
    RCC_IRQHandler                           0x0800015f   Thumb Code     0  startup_stm32f10x_hd.o(.text)
    RTCAlarm_IRQHandler                      0x0800015f   Thumb Code     0  startup_stm32f10x_hd.o(.text)
    RTC_IRQHandler                           0x0800015f   Thumb Code     0  startup_stm32f10x_hd.o(.text)
    SDIO_IRQHandler                          0x0800015f   Thumb Code     0  startup_stm32f10x_hd.o(.text)
    SPI1_IRQHandler                          0x0800015f   Thumb Code     0  startup_stm32f10x_hd.o(.text)
    SPI2_IRQHandler                          0x0800015f   Thumb Code     0  startup_stm32f10x_hd.o(.text)
    SPI3_IRQHandler                          0x0800015f   Thumb Code     0  startup_stm32f10x_hd.o(.text)
    TAMPER_IRQHandler                        0x0800015f   Thumb Code     0  startup_stm32f10x_hd.o(.text)
    TIM1_BRK_IRQHandler                      0x0800015f   Thumb Code     0  startup_stm32f10x_hd.o(.text)
    TIM1_CC_IRQHandler                       0x0800015f   Thumb Code     0  startup_stm32f10x_hd.o(.text)
    TIM1_TRG_COM_IRQHandler                  0x0800015f   Thumb Code     0  startup_stm32f10x_hd.o(.text)
    TIM1_UP_IRQHandler                       0x0800015f   Thumb Code     0  startup_stm32f10x_hd.o(.text)
    TIM2_IRQHandler                          0x0800015f   Thumb Code     0  startup_stm32f10x_hd.o(.text)
    TIM3_IRQHandler                          0x0800015f   Thumb Code     0  startup_stm32f10x_hd.o(.text)
    TIM4_IRQHandler                          0x0800015f   Thumb Code     0  startup_stm32f10x_hd.o(.text)
    TIM5_IRQHandler                          0x0800015f   Thumb Code     0  startup_stm32f10x_hd.o(.text)
    TIM8_BRK_IRQHandler                      0x0800015f   Thumb Code     0  startup_stm32f10x_hd.o(.text)
    TIM8_CC_IRQHandler                       0x0800015f   Thumb Code     0  startup_stm32f10x_hd.o(.text)
    TIM8_TRG_COM_IRQHandler                  0x0800015f   Thumb Code     0  startup_stm32f10x_hd.o(.text)
    TIM8_UP_IRQHandler                       0x0800015f   Thumb Code     0  startup_stm32f10x_hd.o(.text)
    USART1_IRQHandler                        0x0800015f   Thumb Code     0  startup_stm32f10x_hd.o(.text)
    USART2_IRQHandler                        0x0800015f   Thumb Code     0  startup_stm32f10x_hd.o(.text)
    USART3_IRQHandler                        0x0800015f   Thumb Code     0  startup_stm32f10x_hd.o(.text)
    USBWakeUp_IRQHandler                     0x0800015f   Thumb Code     0  startup_stm32f10x_hd.o(.text)
    USB_HP_CAN1_TX_IRQHandler                0x0800015f   Thumb Code     0  startup_stm32f10x_hd.o(.text)
    USB_LP_CAN1_RX0_IRQHandler               0x0800015f   Thumb Code     0  startup_stm32f10x_hd.o(.text)
    WWDG_IRQHandler                          0x0800015f   Thumb Code     0  startup_stm32f10x_hd.o(.text)
    __aeabi_memset                           0x08000169   Thumb Code    14  memseta.o(.text)
    __aeabi_memset4                          0x08000169   Thumb Code     0  memseta.o(.text)
    __aeabi_memset8                          0x08000169   Thumb Code     0  memseta.o(.text)
    __aeabi_memclr                           0x08000177   Thumb Code     4  memseta.o(.text)
    __aeabi_memclr4                          0x08000177   Thumb Code     0  memseta.o(.text)
    __aeabi_memclr8                          0x08000177   Thumb Code     0  memseta.o(.text)
    _memset$wrapper                          0x0800017b   Thumb Code    18  memseta.o(.text)
    __aeabi_fadd                             0x0800018d   Thumb Code   164  fadd.o(.text)
    __aeabi_fsub                             0x08000231   Thumb Code     6  fadd.o(.text)
    __aeabi_frsub                            0x08000237   Thumb Code     6  fadd.o(.text)
    __aeabi_fmul                             0x0800023d   Thumb Code   100  fmul.o(.text)
    __aeabi_fdiv                             0x080002a1   Thumb Code   124  fdiv.o(.text)
    __aeabi_dadd                             0x0800031d   Thumb Code   322  dadd.o(.text)
    __aeabi_dsub                             0x0800045f   Thumb Code     6  dadd.o(.text)
    __aeabi_drsub                            0x08000465   Thumb Code     6  dadd.o(.text)
    __aeabi_dmul                             0x0800046b   Thumb Code   228  dmul.o(.text)
    __aeabi_i2f                              0x0800054f   Thumb Code    18  fflti.o(.text)
    __aeabi_ui2f                             0x08000561   Thumb Code    10  ffltui.o(.text)
    __aeabi_f2iz                             0x0800056b   Thumb Code    50  ffixi.o(.text)
    __aeabi_f2d                              0x0800059d   Thumb Code    38  f2d.o(.text)
    __aeabi_d2f                              0x080005c3   Thumb Code    56  d2f.o(.text)
    __aeabi_cfcmpeq                          0x080005fd   Thumb Code     0  cfcmple.o(.text)
    __aeabi_cfcmple                          0x080005fd   Thumb Code    20  cfcmple.o(.text)
    __aeabi_cfrcmple                         0x08000611   Thumb Code    20  cfrcmple.o(.text)
    __aeabi_llsl                             0x08000625   Thumb Code    30  llshl.o(.text)
    _ll_shift_l                              0x08000625   Thumb Code     0  llshl.o(.text)
    __aeabi_lasr                             0x08000643   Thumb Code    36  llsshr.o(.text)
    _ll_sshift_r                             0x08000643   Thumb Code     0  llsshr.o(.text)
    __I$use$fp                               0x08000667   Thumb Code     0  iusefp.o(.text)
    _float_round                             0x08000667   Thumb Code    18  fepilogue.o(.text)
    _float_epilogue                          0x08000679   Thumb Code    92  fepilogue.o(.text)
    _double_round                            0x080006d5   Thumb Code    30  depilogue.o(.text)
    _double_epilogue                         0x080006f3   Thumb Code   156  depilogue.o(.text)
    __aeabi_ddiv                             0x0800078f   Thumb Code   222  ddiv.o(.text)
    __ARM_scalbn                             0x0800086d   Thumb Code    46  dscalb.o(.text)
    scalbn                                   0x0800086d   Thumb Code     0  dscalb.o(.text)
    __scatterload                            0x0800089d   Thumb Code    28  init.o(.text)
    __scatterload_rt2                        0x0800089d   Thumb Code     0  init.o(.text)
    __aeabi_llsr                             0x080008c1   Thumb Code    32  llushr.o(.text)
    _ll_ushift_r                             0x080008c1   Thumb Code     0  llushr.o(.text)
    _dsqrt                                   0x080008e1   Thumb Code   162  dsqrt.o(.text)
    __decompress                             0x08000983   Thumb Code     0  __dczerorl2.o(.text)
    __decompress1                            0x08000983   Thumb Code    86  __dczerorl2.o(.text)
    ALL_Init                                 0x080009d9   Thumb Code   100  init.o(i.ALL_Init)
    Back_Mode                                0x08000a49   Thumb Code   190  control.o(i.Back_Mode)
    BusFault_Handler                         0x08000b45   Thumb Code     4  stm32f10x_it.o(i.BusFault_Handler)
    Catch_All                                0x08000b49   Thumb Code   438  control.o(i.Catch_All)
    Control_Mode                             0x08000d41   Thumb Code  1806  control.o(i.Control_Mode)
    Control_Moto                             0x080014e9   Thumb Code    68  control.o(i.Control_Moto)
    DebugMon_Handler                         0x0800153d   Thumb Code     2  stm32f10x_it.o(i.DebugMon_Handler)
    Delay_ms                                 0x0800153f   Thumb Code    24  delay.o(i.Delay_ms)
    Delay_us                                 0x08001557   Thumb Code    46  delay.o(i.Delay_us)
    Encoder_Init                             0x08001585   Thumb Code    20  encoder.o(i.Encoder_Init)
    Forward_Mode                             0x08001599   Thumb Code   198  control.o(i.Forward_Mode)
    Forward_Mode_Low                         0x08001699   Thumb Code   198  control.o(i.Forward_Mode_Low)
    GPIO_Init                                0x08001799   Thumb Code   278  stm32f10x_gpio.o(i.GPIO_Init)
    GPIO_PinRemapConfig                      0x080018b1   Thumb Code   138  stm32f10x_gpio.o(i.GPIO_PinRemapConfig)
    GPIO_ResetBits                           0x08001941   Thumb Code     4  stm32f10x_gpio.o(i.GPIO_ResetBits)
    GPIO_SetBits                             0x08001945   Thumb Code     4  stm32f10x_gpio.o(i.GPIO_SetBits)
    GPIO_WriteBit                            0x08001949   Thumb Code    10  stm32f10x_gpio.o(i.GPIO_WriteBit)
    GetAngle                                 0x08001955   Thumb Code  1812  mpu6050.o(i.GetAngle)
    Get_Speed                                0x08002079   Thumb Code    60  encoder.o(i.Get_Speed)
    HardFault_Handler                        0x080020c5   Thumb Code     4  stm32f10x_it.o(i.HardFault_Handler)
    I2c_delay                                0x0800231d   Thumb Code    28  iic.o(i.I2c_delay)
    IIC_Init                                 0x08002339   Thumb Code    40  iic.o(i.IIC_Init)
    IIC_Read_One_Byte                        0x08002365   Thumb Code   100  iic.o(i.IIC_Read_One_Byte)
    IIC_Write_One_Byte                       0x080023c9   Thumb Code    68  iic.o(i.IIC_Write_One_Byte)
    IIC_read_Bytes                           0x0800240d   Thumb Code   128  iic.o(i.IIC_read_Bytes)
    Kalman_Filter                            0x0800248d   Thumb Code    96  filter.o(i.Kalman_Filter)
    Kalman_Init                              0x080024ed   Thumb Code   146  filter.o(i.Kalman_Init)
    Location_Mode                            0x080025a1   Thumb Code   324  control.o(i.Location_Mode)
    Location_Mode_Place                      0x08002735   Thumb Code   324  control.o(i.Location_Mode_Place)
    MemManage_Handler                        0x080028c9   Thumb Code     4  stm32f10x_it.o(i.MemManage_Handler)
    Micorstep_Driver_Init                    0x080028cd   Thumb Code   170  step_diver.o(i.Micorstep_Driver_Init)
    Motor_Init                               0x08002985   Thumb Code   154  motor.o(i.Motor_Init)
    Motor_left_back_wheel_SetSpeed           0x08002a2d   Thumb Code    58  motor.o(i.Motor_left_back_wheel_SetSpeed)
    Motor_left_front_wheel_SetSpeed          0x08002a6d   Thumb Code    58  motor.o(i.Motor_left_front_wheel_SetSpeed)
    Motor_right_back_wheel_SetSpeed          0x08002aad   Thumb Code    66  motor.o(i.Motor_right_back_wheel_SetSpeed)
    Motor_right_front_wheel_SetSpeed         0x08002af5   Thumb Code    66  motor.o(i.Motor_right_front_wheel_SetSpeed)
    MpuGetData                               0x08002b3d   Thumb Code   220  mpu6050.o(i.MpuGetData)
    MpuGetOffset                             0x08002c31   Thumb Code   284  mpu6050.o(i.MpuGetOffset)
    MpuInit                                  0x08002d59   Thumb Code   120  mpu6050.o(i.MpuInit)
    NMI_Handler                              0x08002dd1   Thumb Code     2  stm32f10x_it.o(i.NMI_Handler)
    NVIC_Init                                0x08002e05   Thumb Code   100  misc.o(i.NVIC_Init)
    NVIC_PriorityGroupConfig                 0x08002e75   Thumb Code    10  misc.o(i.NVIC_PriorityGroupConfig)
    OLED_Clear                               0x08002e89   Thumb Code    42  oled.o(i.OLED_Clear)
    OLED_I2C_Init                            0x08002eb5   Thumb Code    72  oled.o(i.OLED_I2C_Init)
    OLED_I2C_SendByte                        0x08002f01   Thumb Code    74  oled.o(i.OLED_I2C_SendByte)
    OLED_I2C_Start                           0x08002f51   Thumb Code    44  oled.o(i.OLED_I2C_Start)
    OLED_I2C_Stop                            0x08002f81   Thumb Code    34  oled.o(i.OLED_I2C_Stop)
    OLED_Init                                0x08002fa9   Thumb Code   174  oled.o(i.OLED_Init)
    OLED_SetCursor                           0x08003057   Thumb Code    34  oled.o(i.OLED_SetCursor)
    OLED_ShowChar_high                       0x08003079   Thumb Code   210  oled.o(i.OLED_ShowChar_high)
    OLED_ShowString_high                     0x08003151   Thumb Code    40  oled.o(i.OLED_ShowString_high)
    OLED_WriteCommand                        0x08003179   Thumb Code    32  oled.o(i.OLED_WriteCommand)
    OLED_WriteData                           0x08003199   Thumb Code    32  oled.o(i.OLED_WriteData)
    PWM1_SetCompare4                         0x080031b9   Thumb Code    14  servo.o(i.PWM1_SetCompare4)
    PWM_Init                                 0x080031cd   Thumb Code   206  pwm.o(i.PWM_Init)
    PWM_SetCompare1                          0x080032a5   Thumb Code    14  pwm.o(i.PWM_SetCompare1)
    PWM_SetCompare2                          0x080032b9   Thumb Code    14  pwm.o(i.PWM_SetCompare2)
    PWM_SetCompare3                          0x080032cd   Thumb Code    14  pwm.o(i.PWM_SetCompare3)
    PWM_SetCompare4                          0x080032e1   Thumb Code    14  pwm.o(i.PWM_SetCompare4)
    PendSV_Handler                           0x080032f5   Thumb Code     2  stm32f10x_it.o(i.PendSV_Handler)
    Pid_Control_Trans                        0x080032f9   Thumb Code   216  control.o(i.Pid_Control_Trans)
    Place_ALL                                0x080033d9   Thumb Code   502  control.o(i.Place_ALL)
    Q_rsqrt                                  0x08003621   Thumb Code    74  mpu6050.o(i.Q_rsqrt)
    RCC_APB1PeriphClockCmd                   0x08003671   Thumb Code    26  stm32f10x_rcc.o(i.RCC_APB1PeriphClockCmd)
    RCC_APB2PeriphClockCmd                   0x08003691   Thumb Code    26  stm32f10x_rcc.o(i.RCC_APB2PeriphClockCmd)
    RCC_GetClocksFreq                        0x080036b1   Thumb Code   192  stm32f10x_rcc.o(i.RCC_GetClocksFreq)
    Revolve_Mode                             0x08003785   Thumb Code   138  control.o(i.Revolve_Mode)
    Revolve_Mode_0                           0x08003841   Thumb Code   138  control.o(i.Revolve_Mode_0)
    Revolve_Mode_150                         0x080038fd   Thumb Code   138  control.o(i.Revolve_Mode_150)
    SVC_Handler                              0x080039b9   Thumb Code     2  stm32f10x_it.o(i.SVC_Handler)
    Serial4_SendByte                         0x080039bd   Thumb Code    28  serial.o(i.Serial4_SendByte)
    Serial_5_Init                            0x080039dd   Thumb Code   182  serial.o(i.Serial_5_Init)
    Serial_Init                              0x08003aa1   Thumb Code   178  serial.o(i.Serial_Init)
    Serial_SendArray                         0x08003b5d   Thumb Code    26  serial.o(i.Serial_SendArray)
    Serial_SendPacket                        0x08003b79   Thumb Code    24  serial.o(i.Serial_SendPacket)
    Servo_Init                               0x08003b95   Thumb Code   216  servo.o(i.Servo_Init)
    Stop_Mode                                0x08003d5d   Thumb Code    28  control.o(i.Stop_Mode)
    SysTick_Handler                          0x08003d79   Thumb Code     2  stm32f10x_it.o(i.SysTick_Handler)
    SystemInit                               0x08003d7d   Thumb Code    78  system_stm32f10x.o(i.SystemInit)
    TIM6_IRQHandler                          0x0800401d   Thumb Code   148  main.o(i.TIM6_IRQHandler)
    TIM6_Init                                0x080040c9   Thumb Code   114  timer4.o(i.TIM6_Init)
    TIM7_IRQHandler                          0x08004141   Thumb Code   138  step_diver.o(i.TIM7_IRQHandler)
    TIM_ClearFlag                            0x080041e9   Thumb Code     6  stm32f10x_tim.o(i.TIM_ClearFlag)
    TIM_ClearITPendingBit                    0x080041ef   Thumb Code     6  stm32f10x_tim.o(i.TIM_ClearITPendingBit)
    TIM_Cmd                                  0x080041f5   Thumb Code    24  stm32f10x_tim.o(i.TIM_Cmd)
    TIM_CtrlPWMOutputs                       0x0800420d   Thumb Code    30  stm32f10x_tim.o(i.TIM_CtrlPWMOutputs)
    TIM_EncoderInterfaceConfig               0x0800422b   Thumb Code    66  stm32f10x_tim.o(i.TIM_EncoderInterfaceConfig)
    TIM_GetCounter                           0x0800426d   Thumb Code     6  stm32f10x_tim.o(i.TIM_GetCounter)
    TIM_GetITStatus                          0x08004273   Thumb Code    34  stm32f10x_tim.o(i.TIM_GetITStatus)
    TIM_ICInit                               0x08004295   Thumb Code   150  stm32f10x_tim.o(i.TIM_ICInit)
    TIM_ICStructInit                         0x08004341   Thumb Code    18  stm32f10x_tim.o(i.TIM_ICStructInit)
    TIM_ITConfig                             0x08004353   Thumb Code    18  stm32f10x_tim.o(i.TIM_ITConfig)
    TIM_InternalClockConfig                  0x08004365   Thumb Code    12  stm32f10x_tim.o(i.TIM_InternalClockConfig)
    TIM_OC1Init                              0x08004371   Thumb Code   132  stm32f10x_tim.o(i.TIM_OC1Init)
    TIM_OC1PreloadConfig                     0x08004409   Thumb Code    18  stm32f10x_tim.o(i.TIM_OC1PreloadConfig)
    TIM_OC2Init                              0x0800441d   Thumb Code   154  stm32f10x_tim.o(i.TIM_OC2Init)
    TIM_OC2PreloadConfig                     0x080044c1   Thumb Code    26  stm32f10x_tim.o(i.TIM_OC2PreloadConfig)
    TIM_OC3Init                              0x080044dd   Thumb Code   150  stm32f10x_tim.o(i.TIM_OC3Init)
    TIM_OC3PreloadConfig                     0x0800457d   Thumb Code    18  stm32f10x_tim.o(i.TIM_OC3PreloadConfig)
    TIM_OC4Init                              0x08004591   Thumb Code   114  stm32f10x_tim.o(i.TIM_OC4Init)
    TIM_OC4PreloadConfig                     0x0800460d   Thumb Code    26  stm32f10x_tim.o(i.TIM_OC4PreloadConfig)
    TIM_OCStructInit                         0x08004627   Thumb Code    20  stm32f10x_tim.o(i.TIM_OCStructInit)
    TIM_SetCompare1                          0x0800463b   Thumb Code     4  stm32f10x_tim.o(i.TIM_SetCompare1)
    TIM_SetCompare2                          0x0800463f   Thumb Code     4  stm32f10x_tim.o(i.TIM_SetCompare2)
    TIM_SetCompare3                          0x08004643   Thumb Code     4  stm32f10x_tim.o(i.TIM_SetCompare3)
    TIM_SetCompare4                          0x08004647   Thumb Code     6  stm32f10x_tim.o(i.TIM_SetCompare4)
    TIM_SetCounter                           0x0800464d   Thumb Code     4  stm32f10x_tim.o(i.TIM_SetCounter)
    TIM_SetIC1Prescaler                      0x08004651   Thumb Code    18  stm32f10x_tim.o(i.TIM_SetIC1Prescaler)
    TIM_SetIC2Prescaler                      0x08004663   Thumb Code    26  stm32f10x_tim.o(i.TIM_SetIC2Prescaler)
    TIM_SetIC3Prescaler                      0x0800467d   Thumb Code    18  stm32f10x_tim.o(i.TIM_SetIC3Prescaler)
    TIM_SetIC4Prescaler                      0x0800468f   Thumb Code    26  stm32f10x_tim.o(i.TIM_SetIC4Prescaler)
    TIM_TimeBaseInit                         0x080046a9   Thumb Code   122  stm32f10x_tim.o(i.TIM_TimeBaseInit)
    Trans_Left_Mode                          0x0800474d   Thumb Code   198  control.o(i.Trans_Left_Mode)
    Trans_Mode                               0x08004855   Thumb Code   190  control.o(i.Trans_Mode)
    UART4_IRQHandler                         0x08004955   Thumb Code   182  serial.o(i.UART4_IRQHandler)
    UART5_IRQHandler                         0x08004a3d   Thumb Code   122  serial.o(i.UART5_IRQHandler)
    UP                                       0x08004acd   Thumb Code   188  step_diver.o(i.UP)
    USART_ClearITPendingBit                  0x08004ba1   Thumb Code    30  stm32f10x_usart.o(i.USART_ClearITPendingBit)
    USART_Cmd                                0x08004bbf   Thumb Code    24  stm32f10x_usart.o(i.USART_Cmd)
    USART_GetFlagStatus                      0x08004bd7   Thumb Code    26  stm32f10x_usart.o(i.USART_GetFlagStatus)
    USART_GetITStatus                        0x08004bf1   Thumb Code    84  stm32f10x_usart.o(i.USART_GetITStatus)
    USART_ITConfig                           0x08004c45   Thumb Code    74  stm32f10x_usart.o(i.USART_ITConfig)
    USART_Init                               0x08004c91   Thumb Code   210  stm32f10x_usart.o(i.USART_Init)
    USART_ReceiveData                        0x08004d69   Thumb Code    10  stm32f10x_usart.o(i.USART_ReceiveData)
    USART_SendData                           0x08004d73   Thumb Code     8  stm32f10x_usart.o(i.USART_SendData)
    UsageFault_Handler                       0x08004d7b   Thumb Code     4  stm32f10x_it.o(i.UsageFault_Handler)
    __ARM_fpclassify                         0x08004d7f   Thumb Code    40  fpclassify.o(i.__ARM_fpclassify)
    __kernel_poly                            0x08004da7   Thumb Code   170  poly.o(i.__kernel_poly)
    __mathlib_dbl_infnan                     0x08004e51   Thumb Code     6  dunder.o(i.__mathlib_dbl_infnan)
    __mathlib_dbl_infnan2                    0x08004e57   Thumb Code     4  dunder.o(i.__mathlib_dbl_infnan2)
    __mathlib_dbl_invalid                    0x08004e5b   Thumb Code    12  dunder.o(i.__mathlib_dbl_invalid)
    __mathlib_dbl_underflow                  0x08004e69   Thumb Code    10  dunder.o(i.__mathlib_dbl_underflow)
    __scatterload_copy                       0x08004e79   Thumb Code    14  handlers.o(i.__scatterload_copy)
    __scatterload_null                       0x08004e87   Thumb Code     2  handlers.o(i.__scatterload_null)
    __scatterload_zeroinit                   0x08004e89   Thumb Code    14  handlers.o(i.__scatterload_zeroinit)
    __set_errno                              0x08004e99   Thumb Code     6  errno.o(i.__set_errno)
    asin                                     0x08004ea5   Thumb Code   572  asin.o(i.asin)
    atan                                     0x08005115   Thumb Code   474  atan.o(i.atan)
    atan2                                    0x08005335   Thumb Code   346  atan2.o(i.atan2)
    cloud_tai                                0x080054b5   Thumb Code   116  servo.o(i.cloud_tai)
    kalman_1                                 0x0800552d   Thumb Code    88  mpu6050.o(i.kalman_1)
    left_back_Encoder_Get                    0x08005585   Thumb Code    22  encoder.o(i.left_back_Encoder_Get)
    left_back_Encoder_Init                   0x080055a1   Thumb Code   150  encoder.o(i.left_back_Encoder_Init)
    left_front_Encoder_Get                   0x08005641   Thumb Code    22  encoder.o(i.left_front_Encoder_Get)
    left_front_Encoder_Init                  0x0800565d   Thumb Code   152  encoder.o(i.left_front_Encoder_Init)
    main                                     0x080056fd   Thumb Code    18  main.o(i.main)
    pidRest                                  0x08005715   Thumb Code    44  pid.o(i.pidRest)
    pidUpdate                                0x08005741   Thumb Code   106  pid.o(i.pidUpdate)
    pid_Para_Init_Location                   0x080057ad   Thumb Code   144  init.o(i.pid_Para_Init_Location)
    right_back_Encoder_Get                   0x080058a1   Thumb Code    24  encoder.o(i.right_back_Encoder_Get)
    right_back_Encoder_Init                  0x080058bd   Thumb Code   152  encoder.o(i.right_back_Encoder_Init)
    right_front_Encoder_Get                  0x0800595d   Thumb Code    26  encoder.o(i.right_front_Encoder_Get)
    right_front_Encoder_Init                 0x08005979   Thumb Code   220  encoder.o(i.right_front_Encoder_Init)
    sqrt                                     0x08005a65   Thumb Code    76  sqrt.o(i.sqrt)
    OLED_F8x16                               0x08005ab0   Data        1520  oled.o(.constdata)
    OLED_F16x32                              0x080060a0   Data        6080  oled.o(.constdata)
    M_PI                                     0x08007860   Data           4  mpu6050.o(.constdata)
    RtA                                      0x08007864   Data           4  mpu6050.o(.constdata)
    AtR                                      0x08007868   Data           4  mpu6050.o(.constdata)
    Gyro_G                                   0x0800786c   Data           4  mpu6050.o(.constdata)
    Gyro_Gr                                  0x08007870   Data           4  mpu6050.o(.constdata)
    __mathlib_zero                           0x08007960   Data           8  qnan.o(.constdata)
    Region$$Table$$Base                      0x08007968   Number         0  anon$$obj.o(Region$$Table)
    Region$$Table$$Limit                     0x08007988   Number         0  anon$$obj.o(Region$$Table)
    Grab_falg                                0x20000014   Data           4  servo.o(.data)
    claw_poriect_free                        0x20000018   Data           4  servo.o(.data)
    Serial_TxPacket                          0x20000024   Data          10  serial.o(.data)
    Serial_RxFlag                            0x2000002e   Data           1  serial.o(.data)
    LX                                       0x20000030   Data           4  serial.o(.data)
    LY                                       0x20000034   Data           4  serial.o(.data)
    Angel_Yaw                                0x20000038   Data           4  serial.o(.data)
    Write_Flag                               0x2000003c   Data           1  serial.o(.data)
    Serial_Yaw                               0x2000003d   Data           1  serial.o(.data)
    Yellow_Flag                              0x2000003e   Data           1  serial.o(.data)
    Last_Yaw                                 0x20000040   Data           4  serial.o(.data)
    F_L_Speed                                0x20000048   Data           4  encoder.o(.data)
    F_R_Speed                                0x2000004c   Data           4  encoder.o(.data)
    B_L_Speed                                0x20000050   Data           4  encoder.o(.data)
    B_R_Speed                                0x20000054   Data           4  encoder.o(.data)
    PUL_state                                0x20000058   Data           1  step_diver.o(.data)
    turn                                     0x20000059   Data           1  step_diver.o(.data)
    Micorstep                                0x2000005a   Data           1  step_diver.o(.data)
    Tim                                      0x2000005c   Data           4  step_diver.o(.data)
    Number_Of_Turns                          0x20000060   Data           4  step_diver.o(.data)
    QrCode                                   0x20000064   Data           1  main.o(.data)
    NumQ                                     0x20000070   Data          16  mpu6050.o(.data)
    Mode_Flag                                0x200000d0   Data           1  control.o(.data)
    Work_Mode                                0x200000d1   Data           1  control.o(.data)
    Timer                                    0x200000d4   Data           4  control.o(.data)
    Stop_Flag                                0x200000d8   Data           1  control.o(.data)
    Location_Flag                            0x200000d9   Data           1  control.o(.data)
    Trans_Flag                               0x200000dc   Data           4  control.o(.data)
    Start_Flag                               0x200000e0   Data           1  control.o(.data)
    Andujest_Timer                           0x200000e4   Data           4  control.o(.data)
    Catch_Flag                               0x200000e8   Data           1  control.o(.data)
    Red_Cirtle_Flag                          0x200000e9   Data           1  control.o(.data)
    Place_Red_Flag                           0x200000ea   Data           1  control.o(.data)
    Place_Blue_Flag                          0x200000eb   Data           1  control.o(.data)
    Place_Red                                0x200000ec   Data           1  control.o(.data)
    Place_Blue                               0x200000ed   Data           1  control.o(.data)
    Place_Green                              0x200000ee   Data           1  control.o(.data)
    Red_Place_Over                           0x200000ef   Data           1  control.o(.data)
    Blue_Place_Over                          0x200000f0   Data           1  control.o(.data)
    Green_Place_Over                         0x200000f1   Data           1  control.o(.data)
    Find1                                    0x200000f2   Data           1  control.o(.data)
    Find2                                    0x200000f3   Data           1  control.o(.data)
    Find3                                    0x200000f4   Data           1  control.o(.data)
    Catch1                                   0x200000f5   Data           1  control.o(.data)
    Catch2                                   0x200000f6   Data           1  control.o(.data)
    Catch3                                   0x200000f7   Data           1  control.o(.data)
    Search_Flag                              0x200000f8   Data           1  control.o(.data)
    Place_Over_Red                           0x200000f9   Data           1  control.o(.data)
    Place_Over_Blue                          0x200000fa   Data           1  control.o(.data)
    Place_Over_Green                         0x200000fb   Data           1  control.o(.data)
    Catch_Over_Red                           0x200000fc   Data           1  control.o(.data)
    Catch_Over_Blue                          0x200000fd   Data           1  control.o(.data)
    Catch_Over_Green                         0x200000fe   Data           1  control.o(.data)
    Catch_Red                                0x200000ff   Data           1  control.o(.data)
    Catch_Green                              0x20000100   Data           1  control.o(.data)
    Catch_Blue                               0x20000101   Data           1  control.o(.data)
    P_1                                      0x20000102   Data           1  control.o(.data)
    P_2                                      0x20000103   Data           1  control.o(.data)
    P_3                                      0x20000104   Data           1  control.o(.data)
    C_1                                      0x20000105   Data           1  control.o(.data)
    C_2                                      0x20000106   Data           1  control.o(.data)
    C_3                                      0x20000107   Data           1  control.o(.data)
    ALL_Place                                0x20000108   Data           1  control.o(.data)
    Catch_11                                 0x20000109   Data           1  control.o(.data)
    Catch_12                                 0x2000010a   Data           1  control.o(.data)
    Catch_13                                 0x2000010b   Data           1  control.o(.data)
    Find_Yellow2                             0x2000010c   Data           1  control.o(.data)
    Search_Flag2                             0x2000010d   Data           1  control.o(.data)
    Find2_1                                  0x2000010e   Data           1  control.o(.data)
    Find2_2                                  0x2000010f   Data           1  control.o(.data)
    Find2_3                                  0x20000110   Data           1  control.o(.data)
    Catch2_1                                 0x20000111   Data           1  control.o(.data)
    Catch2_2                                 0x20000112   Data           1  control.o(.data)
    Catch2_3                                 0x20000113   Data           1  control.o(.data)
    Tran_Flag                                0x20000114   Data           1  control.o(.data)
    pPidObject                               0x20000118   Data          32  control.o(.data)
    Serial_RxPacket                          0x20000140   Data          10  serial.o(.bss)
    Serial5_RxPacket                         0x2000014a   Data          10  serial.o(.bss)
    MPU6050                                  0x20000154   Data          12  mpu6050.o(.bss)
    Angle                                    0x20000160   Data          12  mpu6050.o(.bss)
    MpuOffset                                0x2000016c   Data          12  mpu6050.o(.bss)
    GyroIntegError                           0x20000178   Data          12  mpu6050.o(.bss)
    PID_FOR_L                                0x20000190   Data          52  init.o(.bss)
    PID_FOR_R                                0x200001c4   Data          52  init.o(.bss)
    PID_BAC_L                                0x200001f8   Data          52  init.o(.bss)
    PID_BAC_R                                0x2000022c   Data          52  init.o(.bss)
    pidYaw                                   0x20000260   Data          52  init.o(.bss)
    pidRateZ                                 0x20000294   Data          52  init.o(.bss)
    pidLX                                    0x200002c8   Data          52  init.o(.bss)
    pidLY                                    0x200002fc   Data          52  init.o(.bss)
    KF_X                                     0x20000330   Data          24  filter.o(.bss)
    KF_Y                                     0x20000348   Data          24  filter.o(.bss)
    KF_FL                                    0x20000360   Data          24  filter.o(.bss)
    KF_FR                                    0x20000378   Data          24  filter.o(.bss)
    KF_BL                                    0x20000390   Data          24  filter.o(.bss)
    KF_BR                                    0x200003a8   Data          24  filter.o(.bss)
    KF_Angle                                 0x200003c0   Data          24  filter.o(.bss)
    __initial_sp                             0x200007d8   Data           0  startup_stm32f10x_hd.o(STACK)



==============================================================================

Memory Map of the image

  Image Entry point : 0x08000131

  Load Region LR_IROM1 (Base: 0x08000000, Size: 0x00007ac8, Max: 0x00040000, ABSOLUTE, COMPRESSED[0x000079f0])

    Execution Region ER_IROM1 (Exec base: 0x08000000, Load base: 0x08000000, Size: 0x00007988, Max: 0x00040000, ABSOLUTE)

    Exec Addr    Load Addr    Size         Type   Attr      Idx    E Section Name        Object

    0x08000000   0x08000000   0x00000130   Data   RO          132    RESET               startup_stm32f10x_hd.o
    0x08000130   0x08000130   0x00000000   Code   RO         4321  * .ARM.Collect$$$$00000000  mc_w.l(entry.o)
    0x08000130   0x08000130   0x00000004   Code   RO         4648    .ARM.Collect$$$$00000001  mc_w.l(entry2.o)
    0x08000134   0x08000134   0x00000004   Code   RO         4651    .ARM.Collect$$$$00000004  mc_w.l(entry5.o)
    0x08000138   0x08000138   0x00000000   Code   RO         4653    .ARM.Collect$$$$00000008  mc_w.l(entry7b.o)
    0x08000138   0x08000138   0x00000000   Code   RO         4655    .ARM.Collect$$$$0000000A  mc_w.l(entry8b.o)
    0x08000138   0x08000138   0x00000008   Code   RO         4656    .ARM.Collect$$$$0000000B  mc_w.l(entry9a.o)
    0x08000140   0x08000140   0x00000000   Code   RO         4658    .ARM.Collect$$$$0000000D  mc_w.l(entry10a.o)
    0x08000140   0x08000140   0x00000000   Code   RO         4660    .ARM.Collect$$$$0000000F  mc_w.l(entry11a.o)
    0x08000140   0x08000140   0x00000004   Code   RO         4649    .ARM.Collect$$$$00002712  mc_w.l(entry2.o)
    0x08000144   0x08000144   0x00000024   Code   RO          133    .text               startup_stm32f10x_hd.o
    0x08000168   0x08000168   0x00000024   Code   RO         4324    .text               mc_w.l(memseta.o)
    0x0800018c   0x0800018c   0x000000b0   Code   RO         4587    .text               mf_w.l(fadd.o)
    0x0800023c   0x0800023c   0x00000064   Code   RO         4589    .text               mf_w.l(fmul.o)
    0x080002a0   0x080002a0   0x0000007c   Code   RO         4591    .text               mf_w.l(fdiv.o)
    0x0800031c   0x0800031c   0x0000014e   Code   RO         4593    .text               mf_w.l(dadd.o)
    0x0800046a   0x0800046a   0x000000e4   Code   RO         4595    .text               mf_w.l(dmul.o)
    0x0800054e   0x0800054e   0x00000012   Code   RO         4597    .text               mf_w.l(fflti.o)
    0x08000560   0x08000560   0x0000000a   Code   RO         4599    .text               mf_w.l(ffltui.o)
    0x0800056a   0x0800056a   0x00000032   Code   RO         4601    .text               mf_w.l(ffixi.o)
    0x0800059c   0x0800059c   0x00000026   Code   RO         4603    .text               mf_w.l(f2d.o)
    0x080005c2   0x080005c2   0x00000038   Code   RO         4605    .text               mf_w.l(d2f.o)
    0x080005fa   0x080005fa   0x00000002   PAD
    0x080005fc   0x080005fc   0x00000014   Code   RO         4607    .text               mf_w.l(cfcmple.o)
    0x08000610   0x08000610   0x00000014   Code   RO         4609    .text               mf_w.l(cfrcmple.o)
    0x08000624   0x08000624   0x0000001e   Code   RO         4667    .text               mc_w.l(llshl.o)
    0x08000642   0x08000642   0x00000024   Code   RO         4669    .text               mc_w.l(llsshr.o)
    0x08000666   0x08000666   0x00000000   Code   RO         4678    .text               mc_w.l(iusefp.o)
    0x08000666   0x08000666   0x0000006e   Code   RO         4679    .text               mf_w.l(fepilogue.o)
    0x080006d4   0x080006d4   0x000000ba   Code   RO         4681    .text               mf_w.l(depilogue.o)
    0x0800078e   0x0800078e   0x000000de   Code   RO         4683    .text               mf_w.l(ddiv.o)
    0x0800086c   0x0800086c   0x0000002e   Code   RO         4685    .text               mf_w.l(dscalb.o)
    0x0800089a   0x0800089a   0x00000002   PAD
    0x0800089c   0x0800089c   0x00000024   Code   RO         4691    .text               mc_w.l(init.o)
    0x080008c0   0x080008c0   0x00000020   Code   RO         4693    .text               mc_w.l(llushr.o)
    0x080008e0   0x080008e0   0x000000a2   Code   RO         4695    .text               mf_w.l(dsqrt.o)
    0x08000982   0x08000982   0x00000056   Code   RO         4707    .text               mc_w.l(__dczerorl2.o)
    0x080009d8   0x080009d8   0x00000070   Code   RO         4094    i.ALL_Init          init.o
    0x08000a48   0x08000a48   0x000000fc   Code   RO         4129    i.Back_Mode         control.o
    0x08000b44   0x08000b44   0x00000004   Code   RO         3974    i.BusFault_Handler  stm32f10x_it.o
    0x08000b48   0x08000b48   0x000001f8   Code   RO         4130    i.Catch_All         control.o
    0x08000d40   0x08000d40   0x000007a8   Code   RO         4134    i.Control_Mode      control.o
    0x080014e8   0x080014e8   0x00000054   Code   RO         4135    i.Control_Moto      control.o
    0x0800153c   0x0800153c   0x00000002   Code   RO         3975    i.DebugMon_Handler  stm32f10x_it.o
    0x0800153e   0x0800153e   0x00000018   Code   RO         3196    i.Delay_ms          delay.o
    0x08001556   0x08001556   0x0000002e   Code   RO         3198    i.Delay_us          delay.o
    0x08001584   0x08001584   0x00000014   Code   RO         3421    i.Encoder_Init      encoder.o
    0x08001598   0x08001598   0x00000100   Code   RO         4136    i.Forward_Mode      control.o
    0x08001698   0x08001698   0x00000100   Code   RO         4137    i.Forward_Mode_Low  control.o
    0x08001798   0x08001798   0x00000116   Code   RO         1347    i.GPIO_Init         stm32f10x_gpio.o
    0x080018ae   0x080018ae   0x00000002   PAD
    0x080018b0   0x080018b0   0x00000090   Code   RO         1349    i.GPIO_PinRemapConfig  stm32f10x_gpio.o
    0x08001940   0x08001940   0x00000004   Code   RO         1354    i.GPIO_ResetBits    stm32f10x_gpio.o
    0x08001944   0x08001944   0x00000004   Code   RO         1355    i.GPIO_SetBits      stm32f10x_gpio.o
    0x08001948   0x08001948   0x0000000a   Code   RO         1358    i.GPIO_WriteBit     stm32f10x_gpio.o
    0x08001952   0x08001952   0x00000002   PAD
    0x08001954   0x08001954   0x00000724   Code   RO         4037    i.GetAngle          mpu6050.o
    0x08002078   0x08002078   0x0000004c   Code   RO         3422    i.Get_Speed         encoder.o
    0x080020c4   0x080020c4   0x00000004   Code   RO         3976    i.HardFault_Handler  stm32f10x_it.o
    0x080020c8   0x080020c8   0x00000048   Code   RO         3603    i.I2c_Ack           iic.o
    0x08002110   0x08002110   0x00000048   Code   RO         3604    i.I2c_NoAck         iic.o
    0x08002158   0x08002158   0x00000064   Code   RO         3605    i.I2c_ReadByte      iic.o
    0x080021bc   0x080021bc   0x00000064   Code   RO         3606    i.I2c_SendByte      iic.o
    0x08002220   0x08002220   0x00000060   Code   RO         3607    i.I2c_Start         iic.o
    0x08002280   0x08002280   0x00000040   Code   RO         3608    i.I2c_Stop          iic.o
    0x080022c0   0x080022c0   0x0000005c   Code   RO         3609    i.I2c_WaitAck       iic.o
    0x0800231c   0x0800231c   0x0000001c   Code   RO         3610    i.I2c_delay         iic.o
    0x08002338   0x08002338   0x0000002c   Code   RO         3611    i.IIC_Init          iic.o
    0x08002364   0x08002364   0x00000064   Code   RO         3612    i.IIC_Read_One_Byte  iic.o
    0x080023c8   0x080023c8   0x00000044   Code   RO         3614    i.IIC_Write_One_Byte  iic.o
    0x0800240c   0x0800240c   0x00000080   Code   RO         3615    i.IIC_read_Bytes    iic.o
    0x0800248c   0x0800248c   0x00000060   Code   RO         4275    i.Kalman_Filter     filter.o
    0x080024ec   0x080024ec   0x000000b4   Code   RO         4276    i.Kalman_Init       filter.o
    0x080025a0   0x080025a0   0x00000194   Code   RO         4138    i.Location_Mode     control.o
    0x08002734   0x08002734   0x00000194   Code   RO         4139    i.Location_Mode_Place  control.o
    0x080028c8   0x080028c8   0x00000004   Code   RO         3977    i.MemManage_Handler  stm32f10x_it.o
    0x080028cc   0x080028cc   0x000000b8   Code   RO         3684    i.Micorstep_Driver_Init  step_diver.o
    0x08002984   0x08002984   0x000000a8   Code   RO         3497    i.Motor_Init        motor.o
    0x08002a2c   0x08002a2c   0x00000040   Code   RO         3498    i.Motor_left_back_wheel_SetSpeed  motor.o
    0x08002a6c   0x08002a6c   0x00000040   Code   RO         3499    i.Motor_left_front_wheel_SetSpeed  motor.o
    0x08002aac   0x08002aac   0x00000048   Code   RO         3500    i.Motor_right_back_wheel_SetSpeed  motor.o
    0x08002af4   0x08002af4   0x00000048   Code   RO         3501    i.Motor_right_front_wheel_SetSpeed  motor.o
    0x08002b3c   0x08002b3c   0x000000f4   Code   RO         4038    i.MpuGetData        mpu6050.o
    0x08002c30   0x08002c30   0x00000128   Code   RO         4039    i.MpuGetOffset      mpu6050.o
    0x08002d58   0x08002d58   0x00000078   Code   RO         4040    i.MpuInit           mpu6050.o
    0x08002dd0   0x08002dd0   0x00000002   Code   RO         3978    i.NMI_Handler       stm32f10x_it.o
    0x08002dd2   0x08002dd2   0x00000002   PAD
    0x08002dd4   0x08002dd4   0x00000018   Code   RO         3686    i.NVIC_DisableIRQ   step_diver.o
    0x08002dec   0x08002dec   0x00000016   Code   RO         3687    i.NVIC_EnableIRQ    step_diver.o
    0x08002e02   0x08002e02   0x00000002   PAD
    0x08002e04   0x08002e04   0x00000070   Code   RO          137    i.NVIC_Init         misc.o
    0x08002e74   0x08002e74   0x00000014   Code   RO          138    i.NVIC_PriorityGroupConfig  misc.o
    0x08002e88   0x08002e88   0x0000002a   Code   RO         3742    i.OLED_Clear        oled.o
    0x08002eb2   0x08002eb2   0x00000002   PAD
    0x08002eb4   0x08002eb4   0x0000004c   Code   RO         3743    i.OLED_I2C_Init     oled.o
    0x08002f00   0x08002f00   0x00000050   Code   RO         3744    i.OLED_I2C_SendByte  oled.o
    0x08002f50   0x08002f50   0x00000030   Code   RO         3745    i.OLED_I2C_Start    oled.o
    0x08002f80   0x08002f80   0x00000028   Code   RO         3746    i.OLED_I2C_Stop     oled.o
    0x08002fa8   0x08002fa8   0x000000ae   Code   RO         3747    i.OLED_Init         oled.o
    0x08003056   0x08003056   0x00000022   Code   RO         3749    i.OLED_SetCursor    oled.o
    0x08003078   0x08003078   0x000000d8   Code   RO         3753    i.OLED_ShowChar_high  oled.o
    0x08003150   0x08003150   0x00000028   Code   RO         3763    i.OLED_ShowString_high  oled.o
    0x08003178   0x08003178   0x00000020   Code   RO         3764    i.OLED_WriteCommand  oled.o
    0x08003198   0x08003198   0x00000020   Code   RO         3765    i.OLED_WriteData    oled.o
    0x080031b8   0x080031b8   0x00000014   Code   RO         3261    i.PWM1_SetCompare4  servo.o
    0x080031cc   0x080031cc   0x000000d8   Code   RO         3567    i.PWM_Init          pwm.o
    0x080032a4   0x080032a4   0x00000014   Code   RO         3568    i.PWM_SetCompare1   pwm.o
    0x080032b8   0x080032b8   0x00000014   Code   RO         3569    i.PWM_SetCompare2   pwm.o
    0x080032cc   0x080032cc   0x00000014   Code   RO         3570    i.PWM_SetCompare3   pwm.o
    0x080032e0   0x080032e0   0x00000014   Code   RO         3571    i.PWM_SetCompare4   pwm.o
    0x080032f4   0x080032f4   0x00000002   Code   RO         3979    i.PendSV_Handler    stm32f10x_it.o
    0x080032f6   0x080032f6   0x00000002   PAD
    0x080032f8   0x080032f8   0x000000e0   Code   RO         4140    i.Pid_Control_Trans  control.o
    0x080033d8   0x080033d8   0x00000248   Code   RO         4141    i.Place_ALL         control.o
    0x08003620   0x08003620   0x00000050   Code   RO         4041    i.Q_rsqrt           mpu6050.o
    0x08003670   0x08003670   0x00000020   Code   RO         1775    i.RCC_APB1PeriphClockCmd  stm32f10x_rcc.o
    0x08003690   0x08003690   0x00000020   Code   RO         1777    i.RCC_APB2PeriphClockCmd  stm32f10x_rcc.o
    0x080036b0   0x080036b0   0x000000d4   Code   RO         1785    i.RCC_GetClocksFreq  stm32f10x_rcc.o
    0x08003784   0x08003784   0x000000bc   Code   RO         4144    i.Revolve_Mode      control.o
    0x08003840   0x08003840   0x000000bc   Code   RO         4145    i.Revolve_Mode_0    control.o
    0x080038fc   0x080038fc   0x000000bc   Code   RO         4146    i.Revolve_Mode_150  control.o
    0x080039b8   0x080039b8   0x00000002   Code   RO         3980    i.SVC_Handler       stm32f10x_it.o
    0x080039ba   0x080039ba   0x00000002   PAD
    0x080039bc   0x080039bc   0x00000020   Code   RO         3310    i.Serial4_SendByte  serial.o
    0x080039dc   0x080039dc   0x000000c4   Code   RO         3311    i.Serial_5_Init     serial.o
    0x08003aa0   0x08003aa0   0x000000bc   Code   RO         3313    i.Serial_Init       serial.o
    0x08003b5c   0x08003b5c   0x0000001a   Code   RO         3316    i.Serial_SendArray  serial.o
    0x08003b76   0x08003b76   0x00000002   PAD
    0x08003b78   0x08003b78   0x0000001c   Code   RO         3319    i.Serial_SendPacket  serial.o
    0x08003b94   0x08003b94   0x000000e0   Code   RO         3262    i.Servo_Init        servo.o
    0x08003c74   0x08003c74   0x00000008   Code   RO           17    i.SetSysClock       system_stm32f10x.o
    0x08003c7c   0x08003c7c   0x000000e0   Code   RO           18    i.SetSysClockTo72   system_stm32f10x.o
    0x08003d5c   0x08003d5c   0x0000001c   Code   RO         4147    i.Stop_Mode         control.o
    0x08003d78   0x08003d78   0x00000002   Code   RO         3981    i.SysTick_Handler   stm32f10x_it.o
    0x08003d7a   0x08003d7a   0x00000002   PAD
    0x08003d7c   0x08003d7c   0x00000060   Code   RO           20    i.SystemInit        system_stm32f10x.o
    0x08003ddc   0x08003ddc   0x00000080   Code   RO         2405    i.TI1_Config        stm32f10x_tim.o
    0x08003e5c   0x08003e5c   0x00000098   Code   RO         2406    i.TI2_Config        stm32f10x_tim.o
    0x08003ef4   0x08003ef4   0x00000090   Code   RO         2407    i.TI3_Config        stm32f10x_tim.o
    0x08003f84   0x08003f84   0x00000098   Code   RO         2408    i.TI4_Config        stm32f10x_tim.o
    0x0800401c   0x0800401c   0x000000ac   Code   RO         3902    i.TIM6_IRQHandler   main.o
    0x080040c8   0x080040c8   0x00000078   Code   RO         3220    i.TIM6_Init         timer4.o
    0x08004140   0x08004140   0x000000a8   Code   RO         3688    i.TIM7_IRQHandler   step_diver.o
    0x080041e8   0x080041e8   0x00000006   Code   RO         2415    i.TIM_ClearFlag     stm32f10x_tim.o
    0x080041ee   0x080041ee   0x00000006   Code   RO         2416    i.TIM_ClearITPendingBit  stm32f10x_tim.o
    0x080041f4   0x080041f4   0x00000018   Code   RO         2421    i.TIM_Cmd           stm32f10x_tim.o
    0x0800420c   0x0800420c   0x0000001e   Code   RO         2423    i.TIM_CtrlPWMOutputs  stm32f10x_tim.o
    0x0800422a   0x0800422a   0x00000042   Code   RO         2430    i.TIM_EncoderInterfaceConfig  stm32f10x_tim.o
    0x0800426c   0x0800426c   0x00000006   Code   RO         2440    i.TIM_GetCounter    stm32f10x_tim.o
    0x08004272   0x08004272   0x00000022   Code   RO         2442    i.TIM_GetITStatus   stm32f10x_tim.o
    0x08004294   0x08004294   0x000000ac   Code   RO         2444    i.TIM_ICInit        stm32f10x_tim.o
    0x08004340   0x08004340   0x00000012   Code   RO         2445    i.TIM_ICStructInit  stm32f10x_tim.o
    0x08004352   0x08004352   0x00000012   Code   RO         2446    i.TIM_ITConfig      stm32f10x_tim.o
    0x08004364   0x08004364   0x0000000c   Code   RO         2448    i.TIM_InternalClockConfig  stm32f10x_tim.o
    0x08004370   0x08004370   0x00000098   Code   RO         2450    i.TIM_OC1Init       stm32f10x_tim.o
    0x08004408   0x08004408   0x00000012   Code   RO         2453    i.TIM_OC1PreloadConfig  stm32f10x_tim.o
    0x0800441a   0x0800441a   0x00000002   PAD
    0x0800441c   0x0800441c   0x000000a4   Code   RO         2455    i.TIM_OC2Init       stm32f10x_tim.o
    0x080044c0   0x080044c0   0x0000001a   Code   RO         2458    i.TIM_OC2PreloadConfig  stm32f10x_tim.o
    0x080044da   0x080044da   0x00000002   PAD
    0x080044dc   0x080044dc   0x000000a0   Code   RO         2460    i.TIM_OC3Init       stm32f10x_tim.o
    0x0800457c   0x0800457c   0x00000012   Code   RO         2463    i.TIM_OC3PreloadConfig  stm32f10x_tim.o
    0x0800458e   0x0800458e   0x00000002   PAD
    0x08004590   0x08004590   0x0000007c   Code   RO         2465    i.TIM_OC4Init       stm32f10x_tim.o
    0x0800460c   0x0800460c   0x0000001a   Code   RO         2467    i.TIM_OC4PreloadConfig  stm32f10x_tim.o
    0x08004626   0x08004626   0x00000014   Code   RO         2468    i.TIM_OCStructInit  stm32f10x_tim.o
    0x0800463a   0x0800463a   0x00000004   Code   RO         2482    i.TIM_SetCompare1   stm32f10x_tim.o
    0x0800463e   0x0800463e   0x00000004   Code   RO         2483    i.TIM_SetCompare2   stm32f10x_tim.o
    0x08004642   0x08004642   0x00000004   Code   RO         2484    i.TIM_SetCompare3   stm32f10x_tim.o
    0x08004646   0x08004646   0x00000006   Code   RO         2485    i.TIM_SetCompare4   stm32f10x_tim.o
    0x0800464c   0x0800464c   0x00000004   Code   RO         2486    i.TIM_SetCounter    stm32f10x_tim.o
    0x08004650   0x08004650   0x00000012   Code   RO         2487    i.TIM_SetIC1Prescaler  stm32f10x_tim.o
    0x08004662   0x08004662   0x0000001a   Code   RO         2488    i.TIM_SetIC2Prescaler  stm32f10x_tim.o
    0x0800467c   0x0800467c   0x00000012   Code   RO         2489    i.TIM_SetIC3Prescaler  stm32f10x_tim.o
    0x0800468e   0x0800468e   0x0000001a   Code   RO         2490    i.TIM_SetIC4Prescaler  stm32f10x_tim.o
    0x080046a8   0x080046a8   0x000000a4   Code   RO         2492    i.TIM_TimeBaseInit  stm32f10x_tim.o
    0x0800474c   0x0800474c   0x00000108   Code   RO         4148    i.Trans_Left_Mode   control.o
    0x08004854   0x08004854   0x00000100   Code   RO         4149    i.Trans_Mode        control.o
    0x08004954   0x08004954   0x000000e8   Code   RO         3321    i.UART4_IRQHandler  serial.o
    0x08004a3c   0x08004a3c   0x00000090   Code   RO         3322    i.UART5_IRQHandler  serial.o
    0x08004acc   0x08004acc   0x000000d4   Code   RO         3689    i.UP                step_diver.o
    0x08004ba0   0x08004ba0   0x0000001e   Code   RO         2957    i.USART_ClearITPendingBit  stm32f10x_usart.o
    0x08004bbe   0x08004bbe   0x00000018   Code   RO         2960    i.USART_Cmd         stm32f10x_usart.o
    0x08004bd6   0x08004bd6   0x0000001a   Code   RO         2963    i.USART_GetFlagStatus  stm32f10x_usart.o
    0x08004bf0   0x08004bf0   0x00000054   Code   RO         2964    i.USART_GetITStatus  stm32f10x_usart.o
    0x08004c44   0x08004c44   0x0000004a   Code   RO         2966    i.USART_ITConfig    stm32f10x_usart.o
    0x08004c8e   0x08004c8e   0x00000002   PAD
    0x08004c90   0x08004c90   0x000000d8   Code   RO         2967    i.USART_Init        stm32f10x_usart.o
    0x08004d68   0x08004d68   0x0000000a   Code   RO         2974    i.USART_ReceiveData  stm32f10x_usart.o
    0x08004d72   0x08004d72   0x00000008   Code   RO         2977    i.USART_SendData    stm32f10x_usart.o
    0x08004d7a   0x08004d7a   0x00000004   Code   RO         3982    i.UsageFault_Handler  stm32f10x_it.o
    0x08004d7e   0x08004d7e   0x00000028   Code   RO         4635    i.__ARM_fpclassify  m_ws.l(fpclassify.o)
    0x08004da6   0x08004da6   0x000000aa   Code   RO         4637    i.__kernel_poly     m_ws.l(poly.o)
    0x08004e50   0x08004e50   0x00000006   Code   RO         4622    i.__mathlib_dbl_infnan  m_ws.l(dunder.o)
    0x08004e56   0x08004e56   0x00000004   Code   RO         4623    i.__mathlib_dbl_infnan2  m_ws.l(dunder.o)
    0x08004e5a   0x08004e5a   0x0000000c   Code   RO         4624    i.__mathlib_dbl_invalid  m_ws.l(dunder.o)
    0x08004e66   0x08004e66   0x00000002   PAD
    0x08004e68   0x08004e68   0x00000010   Code   RO         4627    i.__mathlib_dbl_underflow  m_ws.l(dunder.o)
    0x08004e78   0x08004e78   0x0000000e   Code   RO         4701    i.__scatterload_copy  mc_w.l(handlers.o)
    0x08004e86   0x08004e86   0x00000002   Code   RO         4702    i.__scatterload_null  mc_w.l(handlers.o)
    0x08004e88   0x08004e88   0x0000000e   Code   RO         4703    i.__scatterload_zeroinit  mc_w.l(handlers.o)
    0x08004e96   0x08004e96   0x00000002   PAD
    0x08004e98   0x08004e98   0x0000000c   Code   RO         4673    i.__set_errno       mc_w.l(errno.o)
    0x08004ea4   0x08004ea4   0x00000270   Code   RO         4304    i.asin              m_ws.l(asin.o)
    0x08005114   0x08005114   0x00000220   Code   RO         4612    i.atan              m_ws.l(atan.o)
    0x08005334   0x08005334   0x00000180   Code   RO         4314    i.atan2             m_ws.l(atan2.o)
    0x080054b4   0x080054b4   0x00000078   Code   RO         3263    i.cloud_tai         servo.o
    0x0800552c   0x0800552c   0x00000058   Code   RO         4042    i.kalman_1          mpu6050.o
    0x08005584   0x08005584   0x0000001c   Code   RO         3423    i.left_back_Encoder_Get  encoder.o
    0x080055a0   0x080055a0   0x000000a0   Code   RO         3424    i.left_back_Encoder_Init  encoder.o
    0x08005640   0x08005640   0x0000001c   Code   RO         3425    i.left_front_Encoder_Get  encoder.o
    0x0800565c   0x0800565c   0x000000a0   Code   RO         3426    i.left_front_Encoder_Init  encoder.o
    0x080056fc   0x080056fc   0x00000018   Code   RO         3903    i.main              main.o
    0x08005714   0x08005714   0x0000002c   Code   RO         3537    i.pidRest           pid.o
    0x08005740   0x08005740   0x0000006a   Code   RO         3538    i.pidUpdate         pid.o
    0x080057aa   0x080057aa   0x00000002   PAD
    0x080057ac   0x080057ac   0x000000f4   Code   RO         4096    i.pid_Para_Init_Location  init.o
    0x080058a0   0x080058a0   0x0000001c   Code   RO         3427    i.right_back_Encoder_Get  encoder.o
    0x080058bc   0x080058bc   0x000000a0   Code   RO         3428    i.right_back_Encoder_Init  encoder.o
    0x0800595c   0x0800595c   0x0000001a   Code   RO         3429    i.right_front_Encoder_Get  encoder.o
    0x08005976   0x08005976   0x00000002   PAD
    0x08005978   0x08005978   0x000000ec   Code   RO         3430    i.right_front_Encoder_Init  encoder.o
    0x08005a64   0x08005a64   0x0000004c   Code   RO         4641    i.sqrt              m_ws.l(sqrt.o)
    0x08005ab0   0x08005ab0   0x00001db0   Data   RO         3766    .constdata          oled.o
    0x08007860   0x08007860   0x00000014   Data   RO         4045    .constdata          mpu6050.o
    0x08007874   0x08007874   0x00000004   PAD
    0x08007878   0x08007878   0x00000050   Data   RO         4305    .constdata          m_ws.l(asin.o)
    0x080078c8   0x080078c8   0x00000098   Data   RO         4613    .constdata          m_ws.l(atan.o)
    0x08007960   0x08007960   0x00000008   Data   RO         4639    .constdata          m_ws.l(qnan.o)
    0x08007968   0x08007968   0x00000020   Data   RO         4699    Region$$Table       anon$$obj.o


    Execution Region RW_IRAM1 (Exec base: 0x20000000, Load base: 0x08007988, Size: 0x000007d8, Max: 0x0000c000, ABSOLUTE, COMPRESSED[0x00000068])

    Exec Addr    Load Addr    Size         Type   Attr      Idx    E Section Name        Object

    0x20000000   COMPRESSED   0x00000014   Data   RW         1805    .data               stm32f10x_rcc.o
    0x20000014   COMPRESSED   0x00000010   Data   RW         3265    .data               servo.o
    0x20000024   COMPRESSED   0x00000024   Data   RW         3325    .data               serial.o
    0x20000048   COMPRESSED   0x00000010   Data   RW         3431    .data               encoder.o
    0x20000058   COMPRESSED   0x0000000c   Data   RW         3690    .data               step_diver.o
    0x20000064   COMPRESSED   0x00000003   Data   RW         3904    .data               main.o
    0x20000067   COMPRESSED   0x00000001   PAD
    0x20000068   COMPRESSED   0x00000068   Data   RW         4046    .data               mpu6050.o
    0x200000d0   COMPRESSED   0x0000006a   Data   RW         4150    .data               control.o
    0x2000013a   COMPRESSED   0x00000002   PAD
    0x2000013c   COMPRESSED   0x00000004   Data   RW         4674    .data               mc_w.l(errno.o)
    0x20000140        -       0x00000014   Zero   RW         3324    .bss                serial.o
    0x20000154        -       0x0000003c   Zero   RW         4044    .bss                mpu6050.o
    0x20000190        -       0x000001a0   Zero   RW         4097    .bss                init.o
    0x20000330        -       0x000000a8   Zero   RW         4277    .bss                filter.o
    0x200003d8        -       0x00000400   Zero   RW          130    STACK               startup_stm32f10x_hd.o


==============================================================================

Image component sizes


      Code (inc. data)   RO Data    RW Data    ZI Data      Debug   Object Name

      6040       1114          0        106          0      14762   control.o
         0          0          0          0          0       4540   core_cm3.o
        70          0          0          0          0        866   delay.o
       922         74          0         16          0       5585   encoder.o
       276         34          0          0        168       3620   filter.o
       964         38          0          0          0       6365   iic.o
       356        112          0          0        416       3266   init.o
       196         30          0          3          0       1798   main.o
       132         22          0          0          0     206007   misc.o
       440         38          0          0          0       2601   motor.o
      2656         86         20        104         60       7615   mpu6050.o
       814         26       7600          0          0       6109   oled.o
       150          0          0          0          0       3442   pid.o
       296         34          0          0          0       2455   pwm.o
       846        104          0         36         20       4930   serial.o
       364         18          0         16          0       2385   servo.o
        36          8        304          0       1024        752   startup_stm32f10x_hd.o
       610         74          0         12          0      17881   step_diver.o
         0          0          0          0          0       1628   stm32f10x_adc.o
       440          6          0          0          0      12342   stm32f10x_gpio.o
        26          0          0          0          0       3478   stm32f10x_it.o
       276         32          0         20          0      12802   stm32f10x_rcc.o
      1950        200          0          0          0      39427   stm32f10x_tim.o
       472          6          0          0          0      12187   stm32f10x_usart.o
       328         28          0          0          0      44981   system_stm32f10x.o
       120          6          0          0          0      15611   timer4.o

    ----------------------------------------------------------------------
     18810       2090       7960        316       1688     437435   Object Totals
         0          0         32          0          0          0   (incl. Generated)
        30          0          4          3          0          0   (incl. Padding)

    ----------------------------------------------------------------------

      Code (inc. data)   RO Data    RW Data    ZI Data      Debug   Library Member Name

       624         52         80          0          0        168   asin.o
       544         70        152          0          0        124   atan.o
       384         38          0          0          0        144   atan2.o
        38          6          0          0          0        272   dunder.o
        40          0          0          0          0         68   fpclassify.o
       170          0          0          0          0         96   poly.o
         0          0          8          0          0          0   qnan.o
        76          0          0          0          0         84   sqrt.o
        86          0          0          0          0          0   __dczerorl2.o
         0          0          0          0          0          0   entry.o
         0          0          0          0          0          0   entry10a.o
         0          0          0          0          0          0   entry11a.o
         8          4          0          0          0          0   entry2.o
         4          0          0          0          0          0   entry5.o
         0          0          0          0          0          0   entry7b.o
         0          0          0          0          0          0   entry8b.o
         8          4          0          0          0          0   entry9a.o
        12          6          0          4          0         68   errno.o
        30          0          0          0          0          0   handlers.o
        36          8          0          0          0         68   init.o
         0          0          0          0          0          0   iusefp.o
        30          0          0          0          0         68   llshl.o
        36          0          0          0          0         68   llsshr.o
        32          0          0          0          0         68   llushr.o
        36          0          0          0          0        108   memseta.o
        20          0          0          0          0         68   cfcmple.o
        20          0          0          0          0         68   cfrcmple.o
        56          0          0          0          0         88   d2f.o
       334          0          0          0          0        148   dadd.o
       222          0          0          0          0        100   ddiv.o
       186          0          0          0          0        176   depilogue.o
       228          0          0          0          0         96   dmul.o
        46          0          0          0          0         80   dscalb.o
       162          0          0          0          0        100   dsqrt.o
        38          0          0          0          0         68   f2d.o
       176          0          0          0          0        140   fadd.o
       124          0          0          0          0         88   fdiv.o
       110          0          0          0          0        168   fepilogue.o
        50          0          0          0          0         68   ffixi.o
        18          0          0          0          0         68   fflti.o
        10          0          0          0          0         68   ffltui.o
       100          0          0          0          0         76   fmul.o

    ----------------------------------------------------------------------
      4102        188        240          4          0       3072   Library Totals
         8          0          0          0          0          0   (incl. Padding)

    ----------------------------------------------------------------------

      Code (inc. data)   RO Data    RW Data    ZI Data      Debug   Library Name

      1876        166        240          0          0        956   m_ws.l
       318         22          0          4          0        448   mc_w.l
      1900          0          0          0          0       1668   mf_w.l

    ----------------------------------------------------------------------
      4102        188        240          4          0       3072   Library Totals

    ----------------------------------------------------------------------

==============================================================================


      Code (inc. data)   RO Data    RW Data    ZI Data      Debug   

     22912       2278       8200        320       1688     431327   Grand Totals
     22912       2278       8200        104       1688     431327   ELF Image Totals (compressed)
     22912       2278       8200        104          0          0   ROM Totals

==============================================================================

    Total RO  Size (Code + RO Data)                31112 (  30.38kB)
    Total RW  Size (RW Data + ZI Data)              2008 (   1.96kB)
    Total ROM Size (Code + RO Data + RW Data)      31216 (  30.48kB)

==============================================================================

